=== RUN   TestCodexSkillPathDotDotSegmentRefused
=== RUN   TestCodexSkillPathDotDotSegmentRefused/home_escape_to_etc
    codex_skills_dotdot_test.go:64: "~/../../etc/x" classified codexPathHomeRelative, want codexPathOddlyFormed
=== RUN   TestCodexSkillPathDotDotSegmentRefused/home_escape_to_parent
    codex_skills_dotdot_test.go:64: "~/.." classified codexPathHomeRelative, want codexPathOddlyFormed
=== RUN   TestCodexSkillPathDotDotSegmentRefused/home_inner_dotdot_intended_change
    codex_skills_dotdot_test.go:64: "~/a/../b/SKILL.md" classified codexPathHomeRelative, want codexPathOddlyFormed
=== RUN   TestCodexSkillPathDotDotSegmentRefused/relative_dotdot_intended_change
    codex_skills_dotdot_test.go:64: "rel/../x/SKILL.md" classified codexPathRelative, want codexPathOddlyFormed
=== RUN   TestCodexSkillPathDotDotSegmentRefused/clean_home_relative
=== RUN   TestCodexSkillPathDotDotSegmentRefused/dotdot_prefixed_name_is_not_a_segment
=== RUN   TestCodexSkillPathDotDotSegmentRefused/plain_relative
=== RUN   TestCodexSkillPathDotDotSegmentRefused/absolute
=== RUN   TestCodexSkillPathDotDotSegmentRefused/absolute_with_dotdot
--- FAIL: TestCodexSkillPathDotDotSegmentRefused (0.00s)
    --- FAIL: TestCodexSkillPathDotDotSegmentRefused/home_escape_to_etc (0.00s)
    --- FAIL: TestCodexSkillPathDotDotSegmentRefused/home_escape_to_parent (0.00s)
    --- FAIL: TestCodexSkillPathDotDotSegmentRefused/home_inner_dotdot_intended_change (0.00s)
    --- FAIL: TestCodexSkillPathDotDotSegmentRefused/relative_dotdot_intended_change (0.00s)
    --- PASS: TestCodexSkillPathDotDotSegmentRefused/clean_home_relative (0.00s)
    --- PASS: TestCodexSkillPathDotDotSegmentRefused/dotdot_prefixed_name_is_not_a_segment (0.00s)
    --- PASS: TestCodexSkillPathDotDotSegmentRefused/plain_relative (0.00s)
    --- PASS: TestCodexSkillPathDotDotSegmentRefused/absolute (0.00s)
    --- PASS: TestCodexSkillPathDotDotSegmentRefused/absolute_with_dotdot (0.00s)
=== RUN   TestJudgeCodexSkillEntryRefusesDotDotEscapeBeforeStat
=== RUN   TestJudgeCodexSkillEntryRefusesDotDotEscapeBeforeStat/refuses_before_stat
    codex_skills_dotdot_test.go:102: Eligible = true for a home-escaping declaration (stat saw [/etc/x]); a deletion verdict must not be reachable here
=== RUN   TestJudgeCodexSkillEntryRefusesDotDotEscapeBeforeStat/positive_control_clean_path_does_stat_once
--- FAIL: TestJudgeCodexSkillEntryRefusesDotDotEscapeBeforeStat (0.00s)
    --- FAIL: TestJudgeCodexSkillEntryRefusesDotDotEscapeBeforeStat/refuses_before_stat (0.00s)
    --- PASS: TestJudgeCodexSkillEntryRefusesDotDotEscapeBeforeStat/positive_control_clean_path_does_stat_once (0.00s)
=== RUN   TestCodexDotDotRefusalIsSymmetricAcrossReadAndWrite
    codex_skills_dotdot_test.go:143: write side: Action = 0, want codexSkillDisableSkipped
--- FAIL: TestCodexDotDotRefusalIsSymmetricAcrossReadAndWrite (0.00s)
FAIL
FAIL	github.com/modu-ai/moai-adk/internal/cli	1.260s
FAIL
