Deleted branch WT-era-plan-phase (was 4c0bcdcd2).
Deleted branch WT-ossdocs-v311 (was 024536e38).
Deleted branch WT-t77-t64 (was e3d638edc).
Deleted branch WT-version-sync-list (was 9283dac77).
Deleted branch WT-learn-channel-gap (was 7e7164dd3).
Deleted branch WT-full-suite-doctrine (was 538f86e44).
Deleted branch WT-tempdir-cleanup-race (was 127e4db5e).
Deleted branch WT-mx-fanin-perf (was 30afb9a1d).
Deleted branch WT-status-transition-gap (was a21830ca8).
Deleted branch WT-t131 (was 3f31135c3).
Deleted branch WT-lint-binary-lag (was 70c4208f5).
Deleted branch spec-harness-gate-test-001 (was 692d44586).
Deleted branch WT-binary-lag-visibility (was ef2eea8ad).
Deleted branch WT-mx-tag-edges (was d8c91d907).
Deleted branch WT-t75 (was d497613dd).
Deleted branch WT-forge-counts (was 059290b4d).
Deleted branch WT-leak-guard-scope (was bfc744e3d).
Deleted branch WT-t76 (was a3b4c12c8).
Deleted branch WT-hook-adapter (was b624b3ed8).
Deleted branch WT-gate-three-axes (was 732a3e402).
