Deleted branch WT-t142 (was b796fddf3).
Deleted branch WT-freshness-sync (was 9baebdbb6).
Deleted branch WT-t144 (was eeecbe363).
Deleted branch WT-check-must-fail (was 2db93496c).
Deleted branch WT-tierl-status-transitions (was 7570fea14).
Deleted branch WT-t145 (was 212e49a84).
Deleted branch WT-t146 (was 16040374d).
Deleted branch WT-t84 (was 5c3141372).
Deleted branch WT-t147 (was 88dba4c19).
Deleted branch WT-red-now-threshold (was 3b25daa53).
Deleted branch WT-ci-doctor-bin (was 19ee40b94).
Deleted branch WT-t85 (was fc6123df6).
Deleted branch WT-t86 (was dd060a191).
Deleted branch WT-t149 (was ea45ef05a).
Deleted branch WT-autofix-docs (was 1e3710c7d).
Deleted branch WT-budget-diet (was def79d6fa).
Deleted branch worktree-t127 (was 4100d8767).
Deleted branch WT-todo-auto-analysis (was ad2f7d50c).
Deleted branch WT-agents-md-diet (was e75077e69).
Deleted branch WT-cc234-align (was 1c341dd80).
