Deleted branch card-wtiso (was b1f7118c0).
Deleted branch feat/web-shell-chrome (was 3aa383c1e).
Deleted branch worktree-agent-a8bf881ac39468a30 (was 52ad9255c).
Deleted branch worktree-agent-acabfeac3a8608c84 (was 43402fd17).
Deleted branch worktree-agent-ae0671037b886c5a9 (was 216dadc2d).
Deleted branch worktree-card-astgrep-path (was 813e98b2f).
Deleted branch worktree-card-clocal (was efba57632).
Deleted branch worktree-card-provenance (was a91bb670f).
Deleted branch worktree-installer-fix (was 222c03d0b).
Deleted branch worktree-local-only-relocate (was 7f2019a12).
Deleted branch worktree-local-tree-cleanup (was e585ef26e).
Deleted branch worktree-readme-redesign (was c57d24912).
Deleted branch worktree-statusline-session-name (was ff7983a3b).
Deleted branch WT-audit-verdict-converge (was d3e3ec97f).
Deleted branch WT-e2e-sweep (was 0258b49bf).
Deleted branch WT-effort-matrix (was f9b91e467).
Deleted branch WT-glm-settings-persist (was 8f8e9c205).
Deleted branch WT-harness-rules (was 3e9bc0c34).
Deleted branch WT-lint-heading (was dbb87f14f).
Deleted branch WT-mermaid-audit (was b0db10bc7).
Deleted branch WT-precommit-vet (was b6f478b1a).
Deleted branch WT-projectdir-stamp (was c70adf81a).
Deleted branch WT-release-notes-313 (was 58ec36834).
Deleted branch WT-todo-verb-guard (was 4c0dab511).
Deleted branch WT-windows-stamp-liveness (was c72a517c3).
Deleted branch WT-zone-registry-f13 (was c9198b59a).
