Deleted branch docs/spec-doc-drift-rewrite (was 2429b70f5).
Deleted branch docs/spec-mode-migrate-module-field (was 51f74354b).
Deleted branch docs/v3-messaging-refresh (was 15213fb33).
Deleted branch docs/v31-kanban-release (was bb767b1c5).
Deleted branch docs/v31-spec-close (was 71680f6d6).
Deleted branch feat-remove (was 4cd455df1).
Deleted branch feat/A (was a8f6689b0).
Deleted branch feat/factory-mode (was 4461bc7a4).
Deleted branch feat/kanban-todo-dispatch (was d14fe7b4a).
Deleted branch feat/moai-ref-ui-polish (was 136d2de17).
Deleted branch feat/SPEC-AGENT-001-wave5 (was 0f04dc26d).
Deleted branch feat/spec-always-loaded-diet (was dd03c4cb0).
Deleted branch feat/SPEC-CLI-HELP-OVERHAUL-001 (was 8790405ac).
Deleted branch feat/SPEC-DRIFT-001-wave5 (was 24446c874).
Deleted branch feat/SPEC-GLM-EFFORT-REBALANCE-001 (was 4a567fc82).
Deleted branch feat/SPEC-KANBAN-BOARD-001 (was 8b1ac149c).
Deleted branch feat/SPEC-PLAYWRIGHT-001-wave5 (was 6e15de9bf).
Deleted branch feat/SPEC-RALPH-CONFIG-REDESIGN-001 (was 32150f131).
Deleted branch feat/SPEC-SEARCH-001-wave4 (was 0863847e1).
Deleted branch feat/SPEC-SESSION-WORKTREE-001 (was 8c958095b).
