=== RUN   TestAuditProbe_AdversarialDeclarations
SEP="/" DECL="C:/Users/u/SKILL.md" CLASS=2 STAT="<none>" ELIGIBLE=false SKIP="relative path — no observed resolution base"
SEP="/" DECL="C:\\Users\\u\\SKILL.md" CLASS=3 STAT="<none>" ELIGIBLE=false SKIP="oddly-formed path — not resolvable here"
SEP="/" DECL="//?/C:/Users/u/SKILL.md" CLASS=0 STAT="//?/C:/Users/u/SKILL.md" ELIGIBLE=true SKIP=""
SEP="/" DECL="//server/share/SKILL.md" CLASS=0 STAT="//server/share/SKILL.md" ELIGIBLE=true SKIP=""
SEP="/" DECL="/a/../../etc/passwd" CLASS=0 STAT="/a/../../etc/passwd" ELIGIBLE=true SKIP=""
SEP="/" DECL="/a/b/../../../SKILL.md" CLASS=0 STAT="/a/b/../../../SKILL.md" ELIGIBLE=true SKIP=""
SEP="/" DECL="/" CLASS=0 STAT="/" ELIGIBLE=true SKIP=""
SEP="/" DECL="//" CLASS=0 STAT="//" ELIGIBLE=true SKIP=""
SEP="/" DECL="/tmp/" CLASS=0 STAT="/tmp/" ELIGIBLE=true SKIP=""
SEP="/" DECL="~/x\\SKILL.md" CLASS=1 STAT="/Users/goos/x\\SKILL.md" ELIGIBLE=true SKIP=""
SEP="/" DECL="~" CLASS=1 STAT="/Users/goos" ELIGIBLE=true SKIP=""
SEP="/" DECL="~root/x" CLASS=3 STAT="<none>" ELIGIBLE=false SKIP="oddly-formed path — not resolvable here"
SEP="/" DECL="/tmp/we/ird\\name.md" CLASS=0 STAT="/tmp/we/ird\\name.md" ELIGIBLE=true SKIP=""
SEP="/" DECL=" /tmp/leadingspace" CLASS=2 STAT="<none>" ELIGIBLE=false SKIP="relative path — no observed resolution base"
SEP="/" DECL="/tmp/nul\x00byte" CLASS=0 STAT="/tmp/nul\x00byte" ELIGIBLE=true SKIP=""
SEP="/" DECL="relative/SKILL.md" CLASS=2 STAT="<none>" ELIGIBLE=false SKIP="relative path — no observed resolution base"
SEP="/" DECL="./SKILL.md" CLASS=2 STAT="<none>" ELIGIBLE=false SKIP="relative path — no observed resolution base"
SEP="\\" DECL="C:/Users/u/SKILL.md" CLASS=2 STAT="<none>" ELIGIBLE=false SKIP="relative path — no observed resolution base"
SEP="\\" DECL="C:\\Users\\u\\SKILL.md" CLASS=3 STAT="<none>" ELIGIBLE=false SKIP="oddly-formed path — not resolvable here"
SEP="\\" DECL="//?/C:/Users/u/SKILL.md" CLASS=0 STAT="\\\\?\\C:\\Users\\u\\SKILL.md" ELIGIBLE=true SKIP=""
SEP="\\" DECL="//server/share/SKILL.md" CLASS=0 STAT="\\\\server\\share\\SKILL.md" ELIGIBLE=true SKIP=""
SEP="\\" DECL="/a/../../etc/passwd" CLASS=0 STAT="\\a\\..\\..\\etc\\passwd" ELIGIBLE=true SKIP=""
SEP="\\" DECL="/a/b/../../../SKILL.md" CLASS=0 STAT="\\a\\b\\..\\..\\..\\SKILL.md" ELIGIBLE=true SKIP=""
SEP="\\" DECL="/" CLASS=0 STAT="\\" ELIGIBLE=true SKIP=""
SEP="\\" DECL="//" CLASS=0 STAT="\\\\" ELIGIBLE=true SKIP=""
SEP="\\" DECL="/tmp/" CLASS=0 STAT="\\tmp\\" ELIGIBLE=true SKIP=""
SEP="\\" DECL="~/x\\SKILL.md" CLASS=1 STAT="/Users/goos/x\\SKILL.md" ELIGIBLE=true SKIP=""
SEP="\\" DECL="~" CLASS=1 STAT="/Users/goos" ELIGIBLE=true SKIP=""
SEP="\\" DECL="~root/x" CLASS=3 STAT="<none>" ELIGIBLE=false SKIP="oddly-formed path — not resolvable here"
SEP="\\" DECL="/tmp/we/ird\\name.md" CLASS=0 STAT="\\tmp\\we\\ird\\name.md" ELIGIBLE=true SKIP=""
SEP="\\" DECL=" /tmp/leadingspace" CLASS=2 STAT="<none>" ELIGIBLE=false SKIP="relative path — no observed resolution base"
SEP="\\" DECL="/tmp/nul\x00byte" CLASS=0 STAT="\\tmp\\nul\x00byte" ELIGIBLE=true SKIP=""
SEP="\\" DECL="relative/SKILL.md" CLASS=2 STAT="<none>" ELIGIBLE=false SKIP="relative path — no observed resolution base"
SEP="\\" DECL="./SKILL.md" CLASS=2 STAT="<none>" ELIGIBLE=false SKIP="relative path — no observed resolution base"
--- PASS: TestAuditProbe_AdversarialDeclarations (0.00s)
PASS
ok  	github.com/modu-ai/moai-adk/internal/cli	0.841s
