┃ ダウングレードしますか？ v9.9.9 → v1.0.0                                      
┃ 指定したタグは実行中のバージョンより古いバージョンです。                      
┃                                                                               
┃ はい   いいえ                                                                 

←/→ 切替 • enter 送信 • y はい • n いいえ