                                                             
███╗   ███╗          █████╗ ██╗       █████╗ ██████╗ ██╗  ██╗
████╗ ████║ ██████╗ ██╔══██╗██║      ██╔══██╗██╔══██╗██║ ██╔╝
██╔████╔██║██║   ██║███████║██║█████╗███████║██║  ██║█████╔╝ 
██║╚██╔╝██║██║   ██║██╔══██║██║╚════╝██╔══██║██║  ██║██╔═██╗ 
██║ ╚═╝ ██║╚██████╔╝██║  ██║██║      ██║  ██║██████╔╝██║  ██╗
╚═╝     ╚═╝ ╚═════╝ ╚═╝  ╚═╝╚═╝      ╚═╝  ╚═╝╚═════╝ ╚═╝  ╚═╝
                                                             
  Modu-AI's Agentic Development Kit w/ SuperAgent MoAI

  Version: 1.0.0

   v1.0.0   go 1.26.0   1.0.18 

