╭───────────────────────────────────╮
│                                   │
│  Project Status                   │
│  Project ---                      │
│  Project   my-test-project        │
│  ADK       moai-adk v2.17.0       │
│                                   │
│  Configuration ---                │
│  Config    .moai/config/sections  │
│  SPECs     2 found                │
│  Configs   2 section files        │
│                                   │
│   Initialized    SPECs 2          │
│                                   │
╰───────────────────────────────────╯
