mode: atomic
github.com/modu-ai/moai-adk/internal/codexbridge/engine.go:89.69,90.70 1 17
github.com/modu-ai/moai-adk/internal/codexbridge/engine.go:90.70,92.3 1 0
github.com/modu-ai/moai-adk/internal/codexbridge/engine.go:93.2,93.24 1 17
github.com/modu-ai/moai-adk/internal/codexbridge/engine.go:93.24,95.3 1 17
github.com/modu-ai/moai-adk/internal/codexbridge/engine.go:96.2,96.31 1 17
github.com/modu-ai/moai-adk/internal/codexbridge/engine.go:96.31,98.3 1 17
github.com/modu-ai/moai-adk/internal/codexbridge/engine.go:99.2,99.29 1 17
github.com/modu-ai/moai-adk/internal/codexbridge/engine.go:99.29,101.3 1 17
github.com/modu-ai/moai-adk/internal/codexbridge/engine.go:102.2,102.163 1 17
github.com/modu-ai/moai-adk/internal/codexbridge/engine.go:102.163,104.3 1 0
github.com/modu-ai/moai-adk/internal/codexbridge/engine.go:105.2,108.15 4 17
github.com/modu-ai/moai-adk/internal/codexbridge/engine.go:110.26,110.50 2 19
github.com/modu-ai/moai-adk/internal/codexbridge/engine.go:111.34,114.18 3 0
github.com/modu-ai/moai-adk/internal/codexbridge/engine.go:114.18,116.3 1 0
github.com/modu-ai/moai-adk/internal/codexbridge/engine.go:117.2,117.20 1 0
github.com/modu-ai/moai-adk/internal/codexbridge/engine.go:119.34,121.18 2 1
github.com/modu-ai/moai-adk/internal/codexbridge/engine.go:121.18,123.3 1 1
github.com/modu-ai/moai-adk/internal/codexbridge/engine.go:124.2,125.12 2 1
github.com/modu-ai/moai-adk/internal/codexbridge/engine.go:130.25,132.6 2 17
github.com/modu-ai/moai-adk/internal/codexbridge/engine.go:132.6,133.10 1 38
github.com/modu-ai/moai-adk/internal/codexbridge/engine.go:134.23,135.10 1 16
github.com/modu-ai/moai-adk/internal/codexbridge/engine.go:136.38,137.11 1 22
github.com/modu-ai/moai-adk/internal/codexbridge/engine.go:137.11,139.19 2 1
github.com/modu-ai/moai-adk/internal/codexbridge/engine.go:139.19,141.6 1 1
github.com/modu-ai/moai-adk/internal/codexbridge/engine.go:142.5,143.11 2 1
github.com/modu-ai/moai-adk/internal/codexbridge/engine.go:145.4,148.54 2 21
github.com/modu-ai/moai-adk/internal/codexbridge/engine.go:148.54,151.5 2 0
github.com/modu-ai/moai-adk/internal/codexbridge/engine.go:152.4,152.31 1 21
github.com/modu-ai/moai-adk/internal/codexbridge/engine.go:152.31,153.26 1 0
github.com/modu-ai/moai-adk/internal/codexbridge/engine.go:153.26,156.6 2 0
github.com/modu-ai/moai-adk/internal/codexbridge/engine.go:157.5,157.13 1 0
github.com/modu-ai/moai-adk/internal/codexbridge/engine.go:159.4,162.16 4 21
github.com/modu-ai/moai-adk/internal/codexbridge/engine.go:162.16,163.26 1 0
github.com/modu-ai/moai-adk/internal/codexbridge/engine.go:163.26,166.6 2 0
github.com/modu-ai/moai-adk/internal/codexbridge/engine.go:167.5,167.13 1 0
github.com/modu-ai/moai-adk/internal/codexbridge/engine.go:169.4,169.11 1 21
github.com/modu-ai/moai-adk/internal/codexbridge/engine.go:170.21,171.13 1 1
github.com/modu-ai/moai-adk/internal/codexbridge/engine.go:172.12,172.12 0 20
github.com/modu-ai/moai-adk/internal/codexbridge/engine.go:174.4,174.11 1 20
github.com/modu-ai/moai-adk/internal/codexbridge/engine.go:175.26,175.26 0 20
github.com/modu-ai/moai-adk/internal/codexbridge/engine.go:176.12,178.11 2 0
github.com/modu-ai/moai-adk/internal/codexbridge/engine.go:183.44,185.2 1 28
github.com/modu-ai/moai-adk/internal/codexbridge/engine.go:186.56,187.118 1 26
github.com/modu-ai/moai-adk/internal/codexbridge/engine.go:187.118,189.3 1 0
github.com/modu-ai/moai-adk/internal/codexbridge/engine.go:190.2,192.24 3 26
github.com/modu-ai/moai-adk/internal/codexbridge/engine.go:192.24,193.19 1 1
github.com/modu-ai/moai-adk/internal/codexbridge/engine.go:193.19,195.4 1 1
github.com/modu-ai/moai-adk/internal/codexbridge/engine.go:196.3,196.26 1 0
github.com/modu-ai/moai-adk/internal/codexbridge/engine.go:198.2,199.41 2 25
github.com/modu-ai/moai-adk/internal/codexbridge/engine.go:199.41,201.3 1 7
github.com/modu-ai/moai-adk/internal/codexbridge/engine.go:202.2,202.51 1 18
github.com/modu-ai/moai-adk/internal/codexbridge/engine.go:202.51,204.3 1 0
github.com/modu-ai/moai-adk/internal/codexbridge/engine.go:205.2,205.52 1 18
github.com/modu-ai/moai-adk/internal/codexbridge/engine.go:205.52,207.3 1 0
github.com/modu-ai/moai-adk/internal/codexbridge/engine.go:208.2,209.16 2 18
github.com/modu-ai/moai-adk/internal/codexbridge/engine.go:209.16,211.3 1 0
github.com/modu-ai/moai-adk/internal/codexbridge/engine.go:212.2,212.12 1 18
github.com/modu-ai/moai-adk/internal/codexbridge/engine.go:212.12,214.3 1 2
github.com/modu-ai/moai-adk/internal/codexbridge/engine.go:215.2,217.15 3 16
github.com/modu-ai/moai-adk/internal/codexbridge/engine.go:219.60,221.22 2 77
github.com/modu-ai/moai-adk/internal/codexbridge/engine.go:221.22,223.3 1 14
github.com/modu-ai/moai-adk/internal/codexbridge/engine.go:224.2,224.111 1 77
github.com/modu-ai/moai-adk/internal/codexbridge/engine.go:226.40,226.63 1 12
github.com/modu-ai/moai-adk/internal/codexbridge/engine.go:226.63,226.83 1 11
github.com/modu-ai/moai-adk/internal/codexbridge/engine.go:231.80,233.16 2 26
github.com/modu-ai/moai-adk/internal/codexbridge/engine.go:233.16,235.3 1 3
github.com/modu-ai/moai-adk/internal/codexbridge/engine.go:236.2,239.50 4 23
github.com/modu-ai/moai-adk/internal/codexbridge/engine.go:239.50,242.3 2 1
github.com/modu-ai/moai-adk/internal/codexbridge/engine.go:243.2,243.74 1 22
github.com/modu-ai/moai-adk/internal/codexbridge/engine.go:243.74,246.3 2 1
github.com/modu-ai/moai-adk/internal/codexbridge/engine.go:247.2,248.24 2 21
github.com/modu-ai/moai-adk/internal/codexbridge/engine.go:248.24,249.108 1 5
github.com/modu-ai/moai-adk/internal/codexbridge/engine.go:249.108,252.4 2 1
github.com/modu-ai/moai-adk/internal/codexbridge/engine.go:253.3,254.48 2 4
github.com/modu-ai/moai-adk/internal/codexbridge/engine.go:254.48,255.35 1 2
github.com/modu-ai/moai-adk/internal/codexbridge/engine.go:255.35,258.5 2 0
github.com/modu-ai/moai-adk/internal/codexbridge/engine.go:259.4,259.29 1 2
github.com/modu-ai/moai-adk/internal/codexbridge/engine.go:261.3,261.34 1 4
github.com/modu-ai/moai-adk/internal/codexbridge/engine.go:261.34,264.4 2 0
github.com/modu-ai/moai-adk/internal/codexbridge/engine.go:265.8,265.53 1 16
github.com/modu-ai/moai-adk/internal/codexbridge/engine.go:265.53,268.3 2 0
github.com/modu-ai/moai-adk/internal/codexbridge/engine.go:269.2,272.15 2 20
github.com/modu-ai/moai-adk/internal/codexbridge/engine.go:272.15,273.17 1 20
github.com/modu-ai/moai-adk/internal/codexbridge/engine.go:273.17,282.4 8 10
github.com/modu-ai/moai-adk/internal/codexbridge/engine.go:284.2,284.20 1 20
github.com/modu-ai/moai-adk/internal/codexbridge/engine.go:284.20,286.21 2 16
github.com/modu-ai/moai-adk/internal/codexbridge/engine.go:286.21,288.4 1 0
github.com/modu-ai/moai-adk/internal/codexbridge/engine.go:289.3,294.17 6 16
github.com/modu-ai/moai-adk/internal/codexbridge/engine.go:294.17,296.4 1 0
github.com/modu-ai/moai-adk/internal/codexbridge/engine.go:297.3,303.17 3 16
github.com/modu-ai/moai-adk/internal/codexbridge/engine.go:303.17,305.4 1 0
github.com/modu-ai/moai-adk/internal/codexbridge/engine.go:306.3,306.62 1 16
github.com/modu-ai/moai-adk/internal/codexbridge/engine.go:306.62,308.4 1 0
github.com/modu-ai/moai-adk/internal/codexbridge/engine.go:309.3,310.21 2 16
github.com/modu-ai/moai-adk/internal/codexbridge/engine.go:310.21,312.4 1 0
github.com/modu-ai/moai-adk/internal/codexbridge/engine.go:313.3,317.39 5 16
github.com/modu-ai/moai-adk/internal/codexbridge/engine.go:317.39,320.4 2 0
github.com/modu-ai/moai-adk/internal/codexbridge/engine.go:321.3,322.16 2 16
github.com/modu-ai/moai-adk/internal/codexbridge/engine.go:324.2,324.24 1 20
github.com/modu-ai/moai-adk/internal/codexbridge/engine.go:324.24,326.27 2 4
github.com/modu-ai/moai-adk/internal/codexbridge/engine.go:326.27,329.4 2 0
github.com/modu-ai/moai-adk/internal/codexbridge/engine.go:330.3,331.28 2 4
github.com/modu-ai/moai-adk/internal/codexbridge/engine.go:331.28,333.4 1 0
github.com/modu-ai/moai-adk/internal/codexbridge/engine.go:334.3,334.17 1 4
github.com/modu-ai/moai-adk/internal/codexbridge/engine.go:334.17,336.4 1 4
github.com/modu-ai/moai-adk/internal/codexbridge/engine.go:337.3,337.17 1 4
github.com/modu-ai/moai-adk/internal/codexbridge/engine.go:337.17,340.4 2 4
github.com/modu-ai/moai-adk/internal/codexbridge/engine.go:341.3,341.17 1 4
github.com/modu-ai/moai-adk/internal/codexbridge/engine.go:341.17,344.4 2 0
github.com/modu-ai/moai-adk/internal/codexbridge/engine.go:345.3,348.17 4 4
github.com/modu-ai/moai-adk/internal/codexbridge/engine.go:348.17,350.4 1 1
github.com/modu-ai/moai-adk/internal/codexbridge/engine.go:351.3,356.17 6 3
github.com/modu-ai/moai-adk/internal/codexbridge/engine.go:356.17,358.4 1 0
github.com/modu-ai/moai-adk/internal/codexbridge/engine.go:359.8,361.28 2 16
github.com/modu-ai/moai-adk/internal/codexbridge/engine.go:361.28,364.4 2 0
github.com/modu-ai/moai-adk/internal/codexbridge/engine.go:365.3,370.17 6 16
github.com/modu-ai/moai-adk/internal/codexbridge/engine.go:370.17,372.4 1 0
github.com/modu-ai/moai-adk/internal/codexbridge/engine.go:373.3,379.17 3 16
github.com/modu-ai/moai-adk/internal/codexbridge/engine.go:379.17,381.4 1 0
github.com/modu-ai/moai-adk/internal/codexbridge/engine.go:382.3,382.58 1 16
github.com/modu-ai/moai-adk/internal/codexbridge/engine.go:382.58,384.4 1 0
github.com/modu-ai/moai-adk/internal/codexbridge/engine.go:385.3,389.17 5 16
github.com/modu-ai/moai-adk/internal/codexbridge/engine.go:389.17,391.4 1 0
github.com/modu-ai/moai-adk/internal/codexbridge/engine.go:393.2,393.6 1 19
github.com/modu-ai/moai-adk/internal/codexbridge/engine.go:393.6,394.10 1 21
github.com/modu-ai/moai-adk/internal/codexbridge/engine.go:395.21,396.25 1 1
github.com/modu-ai/moai-adk/internal/codexbridge/engine.go:397.23,398.27 1 0
github.com/modu-ai/moai-adk/internal/codexbridge/engine.go:399.20,400.27 1 1
github.com/modu-ai/moai-adk/internal/codexbridge/engine.go:401.27,403.29 2 19
github.com/modu-ai/moai-adk/internal/codexbridge/engine.go:403.29,406.5 2 0
github.com/modu-ai/moai-adk/internal/codexbridge/engine.go:407.4,417.100 3 19
github.com/modu-ai/moai-adk/internal/codexbridge/engine.go:417.100,420.5 2 1
github.com/modu-ai/moai-adk/internal/codexbridge/engine.go:421.4,421.24 1 18
github.com/modu-ai/moai-adk/internal/codexbridge/engine.go:422.26,423.49 1 11
github.com/modu-ai/moai-adk/internal/codexbridge/engine.go:423.49,426.6 2 1
github.com/modu-ai/moai-adk/internal/codexbridge/engine.go:427.5,428.24 2 10
github.com/modu-ai/moai-adk/internal/codexbridge/engine.go:428.24,431.6 2 2
github.com/modu-ai/moai-adk/internal/codexbridge/engine.go:432.5,433.46 2 8
github.com/modu-ai/moai-adk/internal/codexbridge/engine.go:433.46,436.6 2 0
github.com/modu-ai/moai-adk/internal/codexbridge/engine.go:437.5,441.19 5 8
github.com/modu-ai/moai-adk/internal/codexbridge/engine.go:441.19,443.6 1 8
github.com/modu-ai/moai-adk/internal/codexbridge/engine.go:444.5,445.20 2 8
github.com/modu-ai/moai-adk/internal/codexbridge/engine.go:446.35,447.58 1 3
github.com/modu-ai/moai-adk/internal/codexbridge/engine.go:447.58,450.6 2 1
github.com/modu-ai/moai-adk/internal/codexbridge/engine.go:451.5,451.24 1 2
github.com/modu-ai/moai-adk/internal/codexbridge/engine.go:452.26,453.60 1 3
github.com/modu-ai/moai-adk/internal/codexbridge/engine.go:453.60,456.6 2 1
github.com/modu-ai/moai-adk/internal/codexbridge/engine.go:457.5,461.20 5 2
github.com/modu-ai/moai-adk/internal/codexbridge/engine.go:462.17,464.28 2 0
github.com/modu-ai/moai-adk/internal/codexbridge/engine.go:465.12,466.26 1 1
github.com/modu-ai/moai-adk/internal/codexbridge/engine.go:466.26,469.6 2 1
github.com/modu-ai/moai-adk/internal/codexbridge/engine.go:471.4,471.17 1 2
github.com/modu-ai/moai-adk/internal/codexbridge/engine.go:475.72,479.32 4 12
github.com/modu-ai/moai-adk/internal/codexbridge/engine.go:479.32,481.3 1 1
github.com/modu-ai/moai-adk/internal/codexbridge/engine.go:482.2,482.99 1 11
github.com/modu-ai/moai-adk/internal/codexbridge/engine.go:484.78,485.24 1 2
github.com/modu-ai/moai-adk/internal/codexbridge/engine.go:485.24,487.3 1 0
github.com/modu-ai/moai-adk/internal/codexbridge/engine.go:488.2,491.14 4 2
github.com/modu-ai/moai-adk/internal/codexbridge/engine.go:491.14,493.3 1 0
github.com/modu-ai/moai-adk/internal/codexbridge/engine.go:494.2,499.16 6 2
github.com/modu-ai/moai-adk/internal/codexbridge/engine.go:499.16,501.3 1 0
github.com/modu-ai/moai-adk/internal/codexbridge/engine.go:502.2,502.28 1 2
github.com/modu-ai/moai-adk/internal/codexbridge/store.go:32.48,34.16 2 16
github.com/modu-ai/moai-adk/internal/codexbridge/store.go:34.16,36.3 1 0
github.com/modu-ai/moai-adk/internal/codexbridge/store.go:37.2,37.68 1 16
github.com/modu-ai/moai-adk/internal/codexbridge/store.go:37.68,39.3 1 1
github.com/modu-ai/moai-adk/internal/codexbridge/store.go:40.2,40.39 1 15
github.com/modu-ai/moai-adk/internal/codexbridge/store.go:42.48,45.2 2 124
github.com/modu-ai/moai-adk/internal/codexbridge/store.go:46.68,49.66 3 18
github.com/modu-ai/moai-adk/internal/codexbridge/store.go:49.66,51.3 1 0
github.com/modu-ai/moai-adk/internal/codexbridge/store.go:52.2,54.36 3 18
github.com/modu-ai/moai-adk/internal/codexbridge/store.go:54.36,56.3 1 16
github.com/modu-ai/moai-adk/internal/codexbridge/store.go:57.2,57.16 1 2
github.com/modu-ai/moai-adk/internal/codexbridge/store.go:57.16,59.3 1 0
github.com/modu-ai/moai-adk/internal/codexbridge/store.go:60.2,60.65 1 2
github.com/modu-ai/moai-adk/internal/codexbridge/store.go:60.65,62.3 1 0
github.com/modu-ai/moai-adk/internal/codexbridge/store.go:63.2,63.18 1 2
github.com/modu-ai/moai-adk/internal/codexbridge/store.go:65.42,68.66 3 77
github.com/modu-ai/moai-adk/internal/codexbridge/store.go:68.66,70.3 1 0
github.com/modu-ai/moai-adk/internal/codexbridge/store.go:71.2,72.16 2 77
github.com/modu-ai/moai-adk/internal/codexbridge/store.go:72.16,74.3 1 0
github.com/modu-ai/moai-adk/internal/codexbridge/store.go:75.2,76.42 2 77
github.com/modu-ai/moai-adk/internal/codexbridge/store.go:76.42,77.66 1 61
github.com/modu-ai/moai-adk/internal/codexbridge/store.go:77.66,79.4 1 0
github.com/modu-ai/moai-adk/internal/codexbridge/store.go:80.8,80.44 1 16
github.com/modu-ai/moai-adk/internal/codexbridge/store.go:80.44,82.3 1 0
github.com/modu-ai/moai-adk/internal/codexbridge/store.go:83.2,84.16 2 77
github.com/modu-ai/moai-adk/internal/codexbridge/store.go:84.16,86.3 1 0
github.com/modu-ai/moai-adk/internal/codexbridge/store.go:87.2,89.42 3 77
github.com/modu-ai/moai-adk/internal/codexbridge/store.go:89.42,91.3 1 77
github.com/modu-ai/moai-adk/internal/codexbridge/store.go:92.2,93.16 2 77
github.com/modu-ai/moai-adk/internal/codexbridge/store.go:93.16,95.3 1 0
github.com/modu-ai/moai-adk/internal/codexbridge/store.go:96.2,96.21 1 77
github.com/modu-ai/moai-adk/internal/codexbridge/store.go:96.21,98.3 1 0
github.com/modu-ai/moai-adk/internal/codexbridge/store.go:99.2,99.64 1 77
github.com/modu-ai/moai-adk/internal/codexbridge/store.go:99.64,101.3 1 0
github.com/modu-ai/moai-adk/internal/codexbridge/store.go:102.2,102.53 1 77
github.com/modu-ai/moai-adk/internal/codexbridge/store.go:102.53,104.3 1 0
github.com/modu-ai/moai-adk/internal/codexbridge/store.go:105.2,105.65 1 77
github.com/modu-ai/moai-adk/internal/codexbridge/store.go:105.65,107.3 1 0
github.com/modu-ai/moai-adk/internal/codexbridge/store.go:108.2,109.16 2 77
github.com/modu-ai/moai-adk/internal/codexbridge/store.go:109.16,111.3 1 0
github.com/modu-ai/moai-adk/internal/codexbridge/store.go:112.2,112.28 1 77
github.com/modu-ai/moai-adk/internal/codexbridge/store.go:112.28,114.3 1 0
github.com/modu-ai/moai-adk/internal/codexbridge/store.go:115.2,115.31 1 77
github.com/modu-ai/moai-adk/internal/codexbridge/store.go:115.31,117.17 2 77
github.com/modu-ai/moai-adk/internal/codexbridge/store.go:117.17,119.4 1 0
github.com/modu-ai/moai-adk/internal/codexbridge/store.go:120.3,122.17 3 77
github.com/modu-ai/moai-adk/internal/codexbridge/store.go:122.17,124.4 1 0
github.com/modu-ai/moai-adk/internal/codexbridge/store.go:125.3,125.18 1 77
github.com/modu-ai/moai-adk/internal/codexbridge/store.go:127.2,127.12 1 0
