# github.com/modu-ai/moai-adk/internal/codextools [github.com/modu-ai/moai-adk/internal/codextools.test]
internal/codextools/registry_test.go:43:36: too many arguments in call to r.Begin
	have (Binding, Call, []Definition)
	want (Binding, Call)
internal/codextools/registry_test.go:52:40: too many arguments in call to r.Begin
	have (Binding, Call, []Definition)
	want (Binding, Call)
internal/codextools/registry_test.go:69:47: too many arguments in call to r.Begin
	have (Binding, Call, []Definition)
	want (Binding, Call)
internal/codextools/registry_test.go:77:34: too many arguments in call to r.Begin
	have (Binding, Call, []Definition)
	want (Binding, Call)
internal/codextools/registry_test.go:95:35: too many arguments in call to r.Begin
	have (Binding, Call, []Definition)
	want (Binding, Call)
internal/codextools/registry_test.go:112:49: too many arguments in call to r.Begin
	have (Binding, Call, []Definition)
	want (Binding, Call)
internal/codextools/registry_test.go:116:34: too many arguments in call to r.Begin
	have (Binding, Call, []Definition)
	want (Binding, Call)
internal/codextools/registry_test.go:119:34: too many arguments in call to r.Begin
	have (Binding, Call, []Definition)
	want (Binding, Call)
internal/codextools/registry_test.go:138:35: too many arguments in call to r.Begin
	have (Binding, Call, []Definition)
	want (Binding, Call)
internal/codextools/registry_test.go:151:52: too many arguments in call to r.Begin
	have (Binding, Call, []Definition)
	want (Binding, Call)
internal/codextools/registry_test.go:151:52: too many errors
FAIL	github.com/modu-ai/moai-adk/internal/codextools [build failed]
FAIL
