  [38;2;154;163;160m○[m Version Check: Checking template version......[2K  [38;2;91;191;154m✓[m Version check complete
  [38;2;154;163;160m○[m Loading Templates: Reading embedded templates......[2K  [38;2;91;191;154m✓[m Templates loaded
  [38;2;154;163;160m○[m Loading Manifest: Reading project manifest......[2K  [38;2;91;191;154m✓[m Manifest loaded
[38;2;92;199;201m·[m Found 26 files to sync
  [38;2;154;163;160m○[m Backup: Backing up configuration...[2K  [38;2;91;191;154m✓[m Configuration backed up
[38;2;92;199;201m·[m 1/5 steps complete
  [38;2;154;163;160m○[m Validate Templates: Validating all templates before deployment...[2K  [38;2;91;191;154m✓[m Validate Templates complete
[38;2;92;199;201m·[m 2/5 steps complete
  [38;2;154;163;160m○[m Clean Managed Paths: Removing old MoAI-managed files...[2K  [38;2;91;191;154m✓[m Clean Managed Paths complete
[38;2;92;199;201m·[m 3/5 steps complete
  [38;2;154;163;160m○[m Deploy Templates: Deploying template files...[2K  [38;2;91;191;154m✓[m Deploy Templates complete
[38;2;92;199;201m·[m 4/5 steps complete
  [38;2;154;163;160m○[m Restore Settings: Restoring user settings...  [38;2;154;163;160m○[m Restore Settings: Restoring user settings...[2K  [38;2;91;191;154m✓[m Settings restored
