  ○ Version Check: Checking template version......
  ✓ Version check complete
  ○ Loading Templates: Reading embedded templates......
  ✓ Templates loaded
  ○ Loading Manifest: Reading project manifest......
  ✓ Manifest loaded
· Found 26 files to sync
  ○ Backup: Backing up configuration...
  ✓ Configuration backed up
· 1/5 steps complete
  ○ Validate Templates: Validating all templates before deployment...
  ✓ Validate Templates complete
· 2/5 steps complete
  ○ Clean Managed Paths: Removing old MoAI-managed files...
  ✓ Clean Managed Paths complete
· 3/5 steps complete
  ○ Deploy Templates: Deploying template files...
  ✓ Deploy Templates complete
· 4/5 steps complete
  ○ Restore Settings: Restoring user settings...
  ○ Restore Settings: Restoring user settings...
  ✓ Settings restored
