TestGLMAudit_RequestCarriesTheDiff
TestGLMAudit_NoMaterialIsInconclusiveNotAVerdict
TestAuditPinLive_GLMDifferential
TestAuditPinLive_CodexPinConfirmation
TestLoadWorkflowAuditSection
TestCodexAudit_RequiredGateUnmetRecordedOnInconclusive
TestCodexAudit_RequiredGateSatisfiedByRealVerdict
TestCodexAudit_UnsetGateLeavesGateUnmetEmpty
TestCodexAudit_AdvisoryGateLeavesGateUnmetEmpty
TestCodexAudit_NativeBaseBranchCarriesBranch
TestCodexAudit_BaseBranchResolutionChain
TestCodexAudit_UncommittedChangesShapeUnchanged
TestCodexAudit_UnresolvableBaseBranchIsNotASilentOtherReview
TestCodexAudit_IncompleteVariantsAreNotSerialized
TestCodexAuditToolSurface_DescribesServerSideBranchResolution
TestRunMultiAudit_ForwardsSynthesisNoteToPerBackendVerdict
TestExitCodeContract_SpecAuditMustFix
TestApplyWizardPage3ToOpts_AuditSelection
TestApplyWizardPage3ToOpts_AuditConfigSetFalseByDefault
TestRunInit_WizardAuditSelectionPersists
TestAuditMulti_RegisteredWithSchema_AC_AMM_012
TestAuditMulti_DelegatesToRunMultiAudit_AC_AMM_013
TestAuditMulti_ClaudeVerdictNeverInSecondaryPayload_AC_AMM_003
TestAuditMulti_RespectsCodexGateOff_AC_AMM_014
TestAuditMulti_MissingClaudeAnchor_StructuredRefusal
TestAuditMulti_NoHardErrorPath_AC_AMM_024
TestActiveAuditBackend_SingleBackends
TestActiveAuditBackend_MultiTokenAccepted
TestActiveAuditBackend_RejectsUnknown
TestBuildAuditEnvBlock_SecretHygiene_NegativeTest
TestMCPAudit_NoAskUserQuestion
TestMCPAudit_NoDirectFrontmatterRead
TestAuditVerdictCarriesBuildCommit
TestAuditCompletesWithoutBuildIdentity
TestAuditLagAdvisoryNamesBothCommits
TestAuditLagUsesBinlagSeam
TestCodexAuditPin_ReachesTransmittedParams
TestCodexAuditPin_TaskTurnCarriesNoPin
TestCodexAuditPin_UnservableFallsBackToSSOT
TestCodexAuditPin_EffortAlonePinsNothing
TestCodexAuditPin_ExplicitModelOverridesPin
TestCodexAuditPin_AbsentPinEqualsLegacyResolution
TestCodexAudit_NativeDispatchesReviewStart
TestCodexAudit_AdversarialDispatchesTurnStart
TestCodexAudit_FailOpenOnMissingCodex
TestCodexAudit_FailOpenOnCodexError
TestCodexAudit_FailOpenOnMalformedResponse
TestRunMultiAudit_RecordsVerdictUnderTheConfiguredRoot
TestRunMultiAudit_DQ2_MissingClaudeAnchor_Refuses
TestRunMultiAudit_Independence_ClaudeVerdictNotInSecondaryPayload_AC_AMM_003_EC6
TestRunMultiAudit_ParallelFanOut_AC_AMM_002
TestRunMultiAudit_AuditGateOff_SkipsBackend_AC_AMM_014
TestConvergence_NoNewAuditModelEnum
TestPerformCodexAudit_ReusesExistingCodexHandler_NoReimpl_AP_AMM_1
TestPerformCodexAudit_FailOpenWhenCodexMissing_AC_AMM_004
TestPerformGLMAudit_ReusesExistingGLMHandler_NoReimpl_AP_AMM_1
TestPerformGLMAudit_FailOpenWhenKeyMissing_AC_AMM_004
TestGLMAuditParse_SkipsLeadingThinkingBlock
TestGLMAuditPin_RequestBody
TestGLMAuditPin_TaskResolutionUnaffected
TestGLMAuditPin_BypassesSessionBackendCheck
TestGLMAuditPin_ExplicitModelParamOverridesPin
TestGLMAuditDefaultModel_DerivesFromTierDefault
TestResolveGLMAuditModel_UnreadableLLMYAML
TestResolveGLMAuditModel_NonGLMSession
TestGLMAudit_FailOpenOnMissingKey
TestGLMAudit_StubReturnsVerdict
TestGLMAudit_HitsZaiEndpointDirectly
TestGLMAudit_NoDiffFailsOpenInconclusive
TestGLMAudit_FailOpenOnHTTPError
TestGLMAudit_FailOpenOnMalformedResponse
TestGLMAudit_FailOpenOnUnauthenticatedStatus
TestResolveGLMAuditModel_SSOT
TestGLMAudit_NoAskUserQuestion
TestCodexAudit_ProjectRootLandsInTheParamsMap
TestCodexAudit_WithoutProjectRootKeepsTodaysCwd
TestCodexAudit_RejectsAnUnusableProjectRoot
TestAuditMulti_ProjectRootLandsInTheCodexParamsMap
TestAuditMulti_WithoutProjectRootAddsNoCwd
TestAuditMulti_RejectsAnUnusableProjectRoot
TestRunMultiAudit_FanOutCarriesTheProjectRoot
TestSpecAudit_ProjectRootRedirectsTheCatalogue
TestSpecAudit_WithoutProjectRootDoesNotSeeTheProbe
TestSpecAudit_RejectedProjectRootDoesNotAuditTheDefault
TestMoaiMCPServer_AuditCacheStoreLookup
TestRuneTruncateToolPolicyAudit
TestSpecAudit_Help
TestSpecAudit_EmptyProject_JSONSchema
TestSpecAudit_JSONSchema_DriftFindings
TestSpecAudit_FilterEra
TestSpecAudit_HumanReadableDefault
TestSpecAudit_StrictMode_ExitsNonZeroOnDrift
TestSpecAudit_StrictMode_CleanFixture_ExitsZero
TestSpecAudit_IncludeGrandfathered
TestSpecAudit_NoAskUserQuestion
TestPlanAuditD7_RetiredSPECConflict
TestPlanAuditD7_MissingReferencedSPEC
TestPlanAuditD8_MissingBuildTag
TestPlanAuditD8_WithBuildTagPasses
ok  	github.com/modu-ai/moai-adk/internal/cli	1.854s
