TestMergeAddsTemplateEntryUserNeverHad
TestMergeKeepsUserEditToSharedKey
TestMergeAddsNestedTemplateKey
TestDeriveTemplateBaseDeclinesUnstructured
TestDeriveTemplateBaseDeclinesUnparseable
TestTemplateManaged
TestMergeUserFilesAddsTemplateEntry
TestMergeKeepsUserDeletionInCarriedEventKey
TestMergeDropsTemplateAdditionInsideCarriedEventKey
TestDeriveTemplateBaseSupportsYAML
TestMergeGitignoreFile_MarkerBlockPreservesCommentsAndOrder
TestMergeGitignoreFile_MarkerBlockIsIdempotent
TestMergeGitignoreFile_MarkerBlockDropsTemplateDuplicates
TestMergeGitignoreFile_NoMarkerFallsBackToSubtraction
TestMergeGitignoreFile_MarkerBlockEmptyIsNoOp
TestMergeGitignore_UserLineCollidingWithTemplate_Deduplicated
TestMergeGitignore_NegationLinesPreserved
TestMergeGitignore_ReMergeWithExistingHeader_PatternsSurvive
TestMergeGitignore_DoubleReMerge_Idempotent
TestMergeGitignore_CRLFBackup_PatternsSurvive
TestMergeGitignore_TrailingWhitespaceVariants
TestMergeGitignore_UserCommentAnnotationsNotCarried
TestMergeGitignore_NoAdditions_TemplateUntouched
TestMergeGitignoreFile_NoUserAdditions
TestMergeGitignoreFile_WithUserAdditions
TestMergeGitignoreFile_NoTrailingNewline
TestMergeGitignoreFile_CommentsAndBlanks
TestMergeGitignoreFile_TemplateReadError
TestMergeUserFiles_FileRemovedInNewTemplate
TestMergeUserFiles_NewFileNoBase
TestMergeUserFiles_NoChangeNeeded
TestMergeUserFiles_MergeConflictPreservesUser
TestMergeUserFiles_ManifestLoadError
TestBuildMergeAnalysis_AllLowRisk
TestBuildMergeAnalysis_HighRiskTriggersConflict
TestBuildMergeAnalysis_MediumRiskOverall
TestBuildMergeAnalysis_EmptyFileList
TestBuildMergeAnalysis_MixedRisks
TestBuildMergeAnalysis_MultipleHighRisk
TestAnalyzeMergeChanges_Integration
TestAnalyzeMergeChanges_EmptyProject
TestWriteFileErrorDuringMerge
TestMergeGitignoreFile_EmptyUserBackup
TestMergeUserFiles_EmptyBackups
TestMergeUserFiles_MultipleFiles
TestBuildMergeAnalysis_UnknownRiskLevel
TestBuildMergeAnalysis_OnlyHighRisk
TestMergeUserFiles_EmbeddedTemplateError
TestMergeUserFiles_WriteErrorDuringRestore
TestMergeUserFiles_WithLeadingDot
TestAnalyzeMergeChanges_WithMultipleTemplates
ok  	github.com/modu-ai/moai-adk/internal/cli/update/merge	0.443s
