TestGLMAudit_RequestCarriesTheDiff
TestGLMAudit_NoMaterialIsInconclusiveNotAVerdict
TestAuditPinLive_GLMDifferential
TestCharacterize_CG_ModeIsAlwaysClaudeGLM
TestRemoveGLMEnvComplete
TestGetGLMAPIKey_FromEnvVar
TestGetGLMAPIKey_SavedKeyTakesPriority
TestRunGLM_SavesAPIKey
TestGetGLMEnvPath_Valid
TestRemoveGLMEnv_WithExistingGLMVars
TestRemoveGLMEnv_NoFile
TestLoadGLMConfig_WithConfig
TestSaveGLMKey_WritesFile
TestResetTeamModeForCC_WithGLMMode
TestRemoveGLMEnv_FileNotExist
TestRemoveGLMEnv_EmptyEnvAfterRemoval
TestRunGLM_SavesKey
TestGetGLMEnvPath_WithHOME
TestSaveGLMKey_Permissions
TestInjectGLMEnv_NewFile
TestSaveGLMKey_CreatesDirectory
TestInjectGLMEnv_NoAPIKey_Phase5
TestGetGLMEnvPath_ReturnsPath
TestInjectGLMEnv_MergesWithExisting
TestRemoveGLMEnv_AllGLMVarsRemoved
TestRemoveGLMEnv_EnvBecomesNull
TestRemoveGLMEnv_NonexistentPath
TestSaveGLMKey_Phase6
TestLoadGLMKey_Phase6
TestLoadGLMKey_NoFile
TestGetGLMAPIKey_FromEnv
TestGetGLMAPIKey_FromFile
TestRunGLM_WithConfig
TestRunGLM_InjectsEnvToProcess
TestRunGLM_NilConfig
TestGLM_FactoryWorkerEntry
TestGLMAutoCompactWindow
TestGLMAutoCompactWindow_UsesDefault1MConstant
TestLoadGLMConfig_NewFormat
TestLoadGLMConfig_LegacyFields
TestLoadGLMConfig_MixedFormat
TestLoadGLMConfig_EmptyFieldsFallToDefaults
TestGLMEnvSetParity
TestNoBareGLMEnvVarLiteralsInCLIProduction
TestGLMFlashDefaultEnvInjection
TestGLMJobStatus_ReturnsRecordAndNotFound
TestGLMJobStatus_MalformedRecordIsReported
TestGLMJobResult_TerminalReturnsOutputRunningReturnsStatus
TestGLMJobCancel_CancelsRunningJob
TestGLMJobCancel_NoRecordWriteAfterCancel
TestGLMJobCancel_RefusesStaleRecord
TestGLMJobCancel_TerminalJobSendsNothing
TestGLMMaxContextTokens
TestGLMCmd_AddsModelOverrides
TestSaveLLMSection_PopulatesDefaultGLMModels
TestSaveLLMSection_PreservesCustomGLMModels
TestLoadGLMConfig_FallbackDefaults
TestLoadGLMConfig_DepsWithNilConfig
TestLoadGLMConfig_DepsWithEmptyBaseURL
TestLoadGLMConfig_ReadsDiskModelsWhenConfigUnloaded
TestLoadGLMConfig_ReadsDiskModelsWithNilDeps
TestLoadGLMConfig_DiskBaseURLHonored
TestLoadGLMConfig_AbsentLLMYAMLFallsToDefaults
TestInjectGLMEnv_Success
TestInjectGLMEnv_NoAPIKey
TestInjectGLMEnv_MergesExistingSettings
TestInjectGLMEnv_InvalidExistingJSON
TestInjectGLMEnv_FromEnvironmentVariable
TestGetGLMEnvPath_ReturnsExpectedPath
TestGetGLMEnvPath_ContainsMoaiDir
TestSaveGLMKey_DirectoryCreation
TestSaveGLMKey_FileContainsHeader
TestLoadGLMKey_ValidFile
TestLoadGLMKey_MissingFile
TestLoadGLMKey_SingleQuoted
TestLoadGLMKey_Unquoted
TestLoadGLMKey_EmptyFile
TestLoadGLMKey_OnlyComments
TestGetGLMAPIKey_FromSavedFile
TestGetGLMAPIKey_FromEnvFallback
TestGetGLMAPIKey_NoSource
TestCharacterize_GLM_ModeIsAlwaysGLM
TestCharacterize_GLM_AutoModeRejected
TestCharacterize_GLM_AutoModeEqualsSyntaxRejected
TestCharacterize_GLM_HelpFlagShortCircuits
TestCharacterize_GLM_SetupSubcommandRouted
TestCharacterize_GLM_WarningPrintedToStderr
TestCharacterize_GLM_ContainsPermissionMode_SpaceSyntax
TestCharacterize_GLM_ContainsPermissionMode_EqualSyntax
TestCharacterize_GLM_ContainsPermissionMode_OtherModeNotMatched
TestCharacterize_GLM_ContainsPermissionMode_Empty
TestGLMReasoningEnvVars_SessionMax
TestGLMJobTools_RegistrationShape
TestGLMTaskFamily_RegisteredIndependently
TestGLMTaskFamily_NoAskUserQuestion
TestGLMSlotEffortForModel
TestLoadGLMConfig_CarriesTierEffort
TestResolveGLMMainSessionEffort
TestBuildEnvForGLMLaunch_OverlayGovernsStoredEffort
TestResolveGLMBackendForLaunch_ReturnsTierEffort
TestBuildEnvForGLMLaunch_KeysCollapseToTheSessionSlot
TestGLMTask_BackgroundJobSurvivesRequestContextEnd
TestGLMTask_DetachedBackgroundJobIsStillCancellable
TestGLMTask_SyncReturnsOutput
TestGLMTask_ForwardsSystemModelAndMaxTokens
TestGLMTask_MissingPromptIsStructuredError
TestGLMTask_FailOpenOnMissingKey
TestGLMTask_FailOpenOnHTTPError
TestGLMTask_FailOpenOnUnauthenticatedStatus
TestGLMTask_FailOpenOnMalformedResponse
TestGLMTask_BackgroundLifecycle
TestGLMTask_BackgroundRecordRedactsSecrets
TestGLMTask_SyncDeadlineGovernsCall
TestGLMTask_BackgroundDeadlineRecordsFailed
TestResolveGLMTaskModel_SSOT
TestGLMTaskFactoryModeIgnoresModelOverride
TestGLMCmd_Exists
TestGLMCmd_Use
TestGLMCmd_Short
TestGLMCmd_IsSubcommandOfRoot
TestGLMCmd_NoArgs
TestGLMCmd_NoSettingsLocalPollution
TestGLMCmd_WithProfile
TestGLMCmd_Setup
TestSaveGLMKey_Success
TestSaveGLMKey_SpecialCharacters
TestSaveGLMKey_EmptyKey
TestResolveGLMModels
TestSaveGLMKey_OverwriteExisting
TestRemoveGLMEnv_DropsStatuslineContextSize
TestGLMReasoningEnvVarsForModel
TestGLM_KanbanFlagParity
TestGLMTools_Cmd_Exists
TestGLMTools_Enable_Subcommand_Exists
TestGLMTools_Disable_Subcommand_Exists
TestGLMToolsEnableIdempotent
TestGLMToolsDisableIdempotent
TestGLMTools_NoConflictWithSPECGLM001
TestGLMToolsEnable_EntryFields
TestGLMToolsDisable_RemovesZAIEntry
TestGLMToolsDisable_PreservesOtherEntries
TestGLMToolsEnable_BackupCreated
TestGLMToolsEnable_NoBackupOnIdempotent
TestGLMToolsEnable_SameTokenIdempotent
TestGLMToolsEnable_DifferentTokenRefuse
TestGLMToolsEnable_NoToken_Rejected
TestGLMToolsEnable_ScopeProject
TestGLMToolsEnable_NodeMissing
TestGLMToolsEnable_NodeOldVersion
TestGLMToolsEnable_PreservesUserDefinedEntries
TestGLMToolsDisable_PreservesUserDefinedEntries
TestGLMToolsEnable_AtomicWriteProtectsOriginal
TestGLMToolsEnable_ValidJSON
TestGLMToolsEnable_InvalidToolName
TestGLMToolsEnable_ValidToolNames
TestGLMToolsEnableCmd_Success
TestGLMToolsDisableCmd_Success
TestGLMToolsDisableCmd_NothingToDisable
TestGLMToolsEnableCmd_NoToken
TestGLMToolsEnableCmd_BadNodeVersion
TestGLMToolsEnableCmd_InvalidTool
TestGLMTools_OrthogonalToGLMMode
TestGLMToolsEnable_Vision_RegistersNPXEntry
TestGLMToolsEnable_WebSearch_RegistersHTTPEntry
TestGLMToolsEnable_WebReader_RegistersHTTPEntry
TestGLMToolsEnable_All_RegistersThreeServers
TestGLMToolsDisable_WebReader_RemovesOnlyMatching
TestGLMToolsDisable_All_PartialSet
TestGLMToolsEnable_SequentialPartial_Coexist
TestGLMToolsEnable_MixedHTTPAndNPX_Coexist
TestGLMToolsEnable_WebReader_NoNode_Succeeds
TestGLMToolsEnable_WebSearch_NoNode_Succeeds
TestGLMToolsEnable_Vision_NoNode_Fails
TestGLMToolsEnable_Message_ReflectsRegisteredServers
TestGLMToolsDisable_Message_ReflectsRemovedServers
TestGLMToolsEnable_WebSearch_Idempotent
TestGLMToolsEnable_All_Idempotent
TestGLMToolsEnable_Vision_TokenMismatch_Refused
TestUnifiedLaunch_GLM
TestApplyGLMMode_NoSettingsLocalPollution
TestApplyGLMMode_ProcessEnvIsSet
TestResolveMainSessionModel_GLMAvoidsCanonicalID
TestPerformGLMAudit_ReusesExistingGLMHandler_NoReimpl_AP_AMM_1
TestPerformGLMAudit_FailOpenWhenKeyMissing_AC_AMM_004
TestGLMAuditParse_SkipsLeadingThinkingBlock
TestGLMAuditPin_RequestBody
TestGLMAuditPin_TaskResolutionUnaffected
TestGLMAuditPin_BypassesSessionBackendCheck
TestGLMAuditPin_ExplicitModelParamOverridesPin
TestGLMAuditDefaultModel_DerivesFromTierDefault
TestResolveGLMAuditModel_UnreadableLLMYAML
TestResolveGLMAuditModel_NonGLMSession
TestParseGLMReview_StripsMarkdownFence
TestGLMAudit_FailOpenOnMissingKey
TestGLMAudit_StubReturnsVerdict
TestGLMAudit_HitsZaiEndpointDirectly
TestGLMAudit_NoDiffFailsOpenInconclusive
TestGLMAudit_FailOpenOnHTTPError
TestGLMAudit_FailOpenOnMalformedResponse
TestGLMAudit_FailOpenOnUnauthenticatedStatus
TestResolveGLMAuditModel_SSOT
TestGLMAudit_NoAskUserQuestion
TestRemoveGLMEnv_FileNotFound
TestRemoveGLMEnv_WithGLMVars
TestRemoveGLMEnv_OnlyGLMVars
TestRemoveGLMEnv_EmptyEnv
TestRemoveGLMEnv_NoEnvKey
TestRemoveGLMEnv_InvalidJSON
TestRemoveGLMEnv_PreservesOtherFields
TestResolveModelProfileReport_GLMOverlay
TestResolveModelProfileReport_GLMModelExplicitInJSON
TestSaveGLMKey_WriteError
TestLoadGLMConfig_WithConfigButEmptyBaseURL
TestRemoveGLMEnv_FileExistsNoEnvKey
TestRemoveGLMEnv_EnvBecomesEmptyAfterRemoval
TestRemoveGLMEnv_MalformedJSON
TestRemoveGLMEnv_RemovesAuthTokenUnconditionally
TestRemoveGLMEnv_EmptyFileNoOp
TestRemoveGLMEnv_GLMOnlyVarsResultsInNilEnv
TestSaveGLMKey_WithTmpHome
TestSaveGLMKey_WithSpecialChars
TestGetGLMEnvPath_EndsWithEnvGLM
TestGetGLMEnvPath_WithCustomHome
ok  	github.com/modu-ai/moai-adk/internal/cli	1.229s
