TestConverge_SurfacesSignalDivergence_WithoutBlocking
TestParseCondition_CanonicalAcConvergeIsModel
TestRunmdAcConvergeProseMatchesFixture
TestPersistedConvergenceCarriesBuildCommit
TestConverge_BelowTwo_NoDivergence_JSONNull_AC_APC_003
TestConverge_TwoMeasuredInputs_DerivedSummaryDiffers_AC_APC_004
TestConverge_ParticipantCount_Table_AC_APC_001
TestConverge_BelowTwo_NoDivergence_FlagNilNotFalse_AC_APC_002
TestConverge_TwoOrMore_BooleanUnchanged_AC_APC_005
TestConverge_Undetermined_GatesNothing_AC_APC_006
TestLoadConvergenceResult_OldStateFile_Decodes_AC_APC_007
TestConverge_SingleParticipantDivergence_CarveOut_AC_APC_008
TestPersistConvergenceResult_HonorsProjectRoot
TestPersistConvergenceResult_EmptyProjectRootKeepsStateDir
TestConverge_AllRequiredPass_Case1_AC_AMM_006
TestConverge_AllRequiredFail_Case2_AC_AMM_007
TestConverge_RequiredFailWithInconclusive_Case2
TestConverge_RequiredSplit_Case3_AC_AMM_008
TestConverge_AdvisoryOnlyConflict_Case4_AC_AMM_009_EC3
TestConverge_DisagreementAdvisoryNotBlock_Regression_EC3
TestConverge_NoRequiredBackends_VacuousPass
TestConverge_AllSecondariesInconclusive_EC1
TestConverge_AllRequiredInconclusive_FailOpenToClaude_EC4
TestPersistConvergenceResult_WritesStateFile_DQ1
TestPersistConvergenceResult_FailOpenOnDiskError
TestConvergence_NoAskUserQuestion_AC_AMM_024
TestConvergence_NoDirectFrontmatterRead_AC_AMM_005
TestConvergence_NoNewAuditModelEnum
TestDefaultConvergenceStateDir
TestAC009_AcConvergeDocCorrectedToActual30Turns
TestResolveTodoQueueRoot_WorktreeConvergesOnPrimary
TestReproduction_FingerprintNonConvergence_Issue1084
ok  	github.com/modu-ai/moai-adk/internal/cli	0.908s
