Diff for .moai/config/config.yaml                                               
                                                                                
<<<<<                                                                           
====                                                                            
>>>>>                                                                           
                                                                                
esc back to table                                                               
                                                                                
                                                                                
                                                                                
                                                                                
                                                                                
                                                                                
                                                                                
                                                                                
                                                                                
                                                                                
                                                                                
                                                                                
                                                                                