Diff for templates/new_file.yaml                                                
                                                                                
+name: new                                                                      
                                                                                
esc back to table                                                               
                                                                                
                                                                                
                                                                                
                                                                                
                                                                                
                                                                                
                                                                                
                                                                                
                                                                                
                                                                                
                                                                                
                                                                                
                                                                                
                                                                                
                                                                                