moai update — change preview

+---------------------------+
| Classification summary    |
|---------------------------|
| add                     1 |
| update                  1 |
| preserved (user-owned)  1 |
| conflict                1 |
+---------------------------+

Conflicts (resolve before proceeding — see the recover hint in the run output)
  conflict                .moai/config/config.yaml
