[1;38;2;217;119;87m● ○ ○ ○ ○ ○ ○ ○ ○ ○ 1 / 10[m
[38;2;28;38;36m┃[m [1;38;2;217;119;87mSelect your language[m                                                          
[38;2;28;38;36m┃[m [38;2;216;222;219mLanguage for this wizard and Claude's responses.[m                              
[38;2;28;38;36m┃[m [38;2;217;119;87m▸ [m[38;2;91;191;154mEnglish - English[m                                                           
                                                                                
                                                                                
                                                                                
                                                                                
                                                                                
                                                                                
                                                                                
                                                                                
                                                                                
                                                                                
                                                                                
                                                                                
                                                                                
                                                                                

[38;2;98;98;98m↑[m [38;2;74;74;74mup[m[38;2;60;60;60m • [m[38;2;98;98;98m↓[m [38;2;74;74;74mdown[m[38;2;60;60;60m • [m[38;2;98;98;98m/[m [38;2;74;74;74mfilter[m[38;2;60;60;60m • [m[38;2;98;98;98menter[m [38;2;74;74;74mselect[m