[1;38;2;191;101;71m● ○ ○ ○ ○ ○ ○ ○ ○ ○ 1 / 10[m
[38;2;220;217;210m┃[m [1;38;2;191;101;71mSelect your language[m                                                          
[38;2;220;217;210m┃[m [38;2;31;40;38mLanguage for this wizard and Claude's responses.[m                              
[38;2;220;217;210m┃[m [38;2;191;101;71m▸ [m[38;2;61;139;110mEnglish           - English[m                                                 
[38;2;220;217;210m┃[m   [38;2;14;21;19mKorean (한국어)   - 한국어[m                                                  
[38;2;220;217;210m┃[m   [38;2;14;21;19mJapanese (日本語) - 日本語[m                                                  
[38;2;220;217;210m┃[m   [38;2;14;21;19mChinese (中文)    - 中文[m                                                    
                                                                                
                                                                                
                                                                                
                                                                                
                                                                                
                                                                                
                                                                                
                                                                                
                                                                                
                                                                                
                                                                                
                                                                                

[38;2;98;98;98m↑[m [38;2;74;74;74mup[m[38;2;60;60;60m • [m[38;2;98;98;98m↓[m [38;2;74;74;74mdown[m[38;2;60;60;60m • [m[38;2;98;98;98m/[m [38;2;74;74;74mfilter[m[38;2;60;60;60m • [m[38;2;98;98;98menter[m [38;2;74;74;74mselect[m