=== RUN   TestResolveBlockerScope_SingleMatchResolved
--- PASS: TestResolveBlockerScope_SingleMatchResolved (0.00s)
=== RUN   TestResolveBlockerScope_NoMatchResolvesNothing
    store_resolve_scope_test.go:110: ResolveBlocker with no matching blocker returned nil error
    store_resolve_scope_test.go:112: non-target blocker changed: blocker-plan-SPEC-A-20260910-000200.json (spec="SPEC-A" phase="plan" resolved=true resolution="approved A")
--- FAIL: TestResolveBlockerScope_NoMatchResolvesNothing (0.00s)
=== RUN   TestResolveBlockerScope_NewerOtherSpecUntouched
    store_resolve_scope_test.go:126: target blocker-run-SPEC-A-20260910-000000.json not resolved: resolved=false resolution=""
    store_resolve_scope_test.go:126: non-target blocker changed: blocker-run-SPEC-B-20260910-000100.json (spec="SPEC-B" phase="run" resolved=true resolution="approved A")
--- FAIL: TestResolveBlockerScope_NewerOtherSpecUntouched (0.00s)
=== RUN   TestResolveBlockerScope_NewerOtherPhaseUntouched
    store_resolve_scope_test.go:140: non-target blocker changed: blocker-plan-SPEC-A-20260910-000100.json (spec="SPEC-A" phase="plan" resolved=true resolution="approved A")
    store_resolve_scope_test.go:140: target blocker-run-SPEC-A-20260910-000000.json not resolved: resolved=false resolution=""
--- FAIL: TestResolveBlockerScope_NewerOtherPhaseUntouched (0.00s)
=== RUN   TestResolveBlockerScope_ReportCriterion
    store_resolve_scope_test.go:154: non-target blocker changed: blocker-plan-SPEC-B-20260910-000100.json (spec="SPEC-B" phase="plan" resolved=true resolution="approved A")
    store_resolve_scope_test.go:154: target blocker-run-SPEC-A-20260910-000000.json not resolved: resolved=false resolution=""
--- FAIL: TestResolveBlockerScope_ReportCriterion (0.00s)
=== RUN   TestResolveBlockerScope_EmptyFieldRecordNotMatched
    store_resolve_scope_test.go:168: target blocker-run-SPEC-A-20260910-000000.json not resolved: resolved=false resolution=""
    store_resolve_scope_test.go:168: non-target blocker changed: blocker-unknown-unknown-20260910-000100.json (spec="" phase="" resolved=true resolution="approved A")
--- FAIL: TestResolveBlockerScope_EmptyFieldRecordNotMatched (0.00s)
FAIL
FAIL	github.com/modu-ai/moai-adk/internal/session	0.358s
FAIL
