=== RUN   TestRegistrySyncGuard
=== RUN   TestRegistrySyncGuard/local
    registry_sync_test.go:227: [local mirror] evaluated: clause-checks=97 retired-skip=4 anchor-checks=101 of 101 entries
    registry_sync_test.go:237: [local mirror] clause literal buckets: once=97 zero=0 multi=0 retired_exempt=4 self_reference=0
=== RUN   TestRegistrySyncGuard/template
    registry_sync_test.go:227: [template mirror] evaluated: clause-checks=97 retired-skip=4 anchor-checks=101 of 101 entries
    registry_sync_test.go:237: [template mirror] clause literal buckets: once=97 zero=0 multi=0 retired_exempt=4 self_reference=0
=== RUN   TestRegistrySyncGuard/skip-env_clean_tree_fails
WARN: validation skipped (MOAI_CONSTITUTION_SKIP_VALIDATE=1)
    registry_sync_test.go:261: clean tree + SKIP=1 → Validate Skipped=true — the guard fails on this, never passes
=== RUN   TestRegistrySyncGuard/skip-env_mutated_tree_still_fails
WARN: validation skipped (MOAI_CONSTITUTION_SKIP_VALIDATE=1)
    registry_sync_test.go:276: mutated tree + SKIP=1 → Validate Skipped=true — the guard still fails, never passes
--- PASS: TestRegistrySyncGuard (0.17s)
    --- PASS: TestRegistrySyncGuard/local (0.08s)
    --- PASS: TestRegistrySyncGuard/template (0.09s)
    --- PASS: TestRegistrySyncGuard/skip-env_clean_tree_fails (0.00s)
    --- PASS: TestRegistrySyncGuard/skip-env_mutated_tree_still_fails (0.00s)
=== RUN   TestRegistrySyncMirrorsIdentical
    registry_sync_test.go:296: mirrors byte-identical: 35131 bytes
--- PASS: TestRegistrySyncMirrorsIdentical (0.00s)
PASS
ok  	github.com/modu-ai/moai-adk/internal/constitution	0.293s
