internal/cli/codex_launcher_exec_posix_test.go:65:16: Error return value of `s.Close` is not checked (errcheck)
		defer s.Close()
		             ^
internal/cli/codex_launcher_exec_posix_test.go:175:15: Error return value of `s.Close` is not checked (errcheck)
	defer s.Close()
	             ^
internal/cli/codex_launcher_test.go:921:15: Error return value of `s.Close` is not checked (errcheck)
	defer s.Close()
	             ^
internal/cli/factory.go:243:16: Error return value of `db.Close` is not checked (errcheck)
	defer db.Close()
	              ^
internal/cli/factory_launch_pending.go:57:15: Error return value of `s.Close` is not checked (errcheck)
	defer s.Close()
	             ^
internal/cli/factory_launch_pending.go:72:15: Error return value of `s.Close` is not checked (errcheck)
	defer s.Close()
	             ^
internal/cli/factory_mixed_test.go:51:15: Error return value of `s.Close` is not checked (errcheck)
	defer s.Close()
	             ^
internal/cli/factory_mixed_test.go:105:15: Error return value of `s.Close` is not checked (errcheck)
	defer s.Close()
	             ^
internal/cli/factory_operational_fixture_test.go:111:19: Error return value of `store.Close` is not checked (errcheck)
	defer store.Close()
	                 ^
internal/cli/factory_operational_fixture_test.go:421:16: Error return value of `r.Close` is not checked (errcheck)
		defer r.Close()
		             ^
internal/cli/factory_operational_fixture_test.go:422:16: Error return value of `w.Close` is not checked (errcheck)
		defer w.Close()
		             ^
internal/cli/factory_operational_fixture_test.go:538:16: Error return value of `r.Close` is not checked (errcheck)
		defer r.Close()
		             ^
internal/cli/factory_operational_fixture_test.go:539:16: Error return value of `w.Close` is not checked (errcheck)
		defer w.Close()
		             ^
internal/cli/factory_operational_live_test.go:1153:10: Error return value of `r.Close` is not checked (errcheck)
		r.Close()
		       ^
internal/cli/factory_operational_live_test.go:1154:10: Error return value of `w.Close` is not checked (errcheck)
		w.Close()
		       ^
internal/cli/factory_operational_live_test.go:1158:9: Error return value of `r.Close` is not checked (errcheck)
	r.Close()
	       ^
internal/cli/factory_operational_live_test.go:1207:11: Error return value of `w.Close` is not checked (errcheck)
			w.Close()
			       ^
internal/cli/factory_operational_live_test.go:1310:16: Error return value of `db.Close` is not checked (errcheck)
	defer db.Close()
	              ^
internal/cli/factory_operational_live_test.go:1319:15: Error return value of `s.Close` is not checked (errcheck)
	defer s.Close()
	             ^
internal/cli/launch_exec_posix_rollback_test.go:37:15: Error return value of `s.Close` is not checked (errcheck)
	defer s.Close()
	             ^
internal/cli/mcp_factory_msg.go:52:15: Error return value of `s.Close` is not checked (errcheck)
	defer s.Close()
	             ^
internal/cli/mcp_factory_msg.go:72:15: Error return value of `s.Close` is not checked (errcheck)
	defer s.Close()
	             ^
internal/cli/mcp_factory_msg.go:88:15: Error return value of `s.Close` is not checked (errcheck)
	defer s.Close()
	             ^
internal/cli/mcp_factory_msg.go:104:15: Error return value of `s.Close` is not checked (errcheck)
	defer s.Close()
	             ^
internal/cli/mcp_factory_msg.go:131:15: Error return value of `s.Close` is not checked (errcheck)
	defer s.Close()
	             ^
25 issues:
* errcheck: 25
