=== RUN   TestResolveLaunchEffort
=== RUN   TestResolveLaunchEffort/explicit_effort_wins_over_model_policy
=== RUN   TestResolveLaunchEffort/model_policy_fallback_high
=== RUN   TestResolveLaunchEffort/model_policy_fallback_medium
=== RUN   TestResolveLaunchEffort/model_policy_fallback_low
=== RUN   TestResolveLaunchEffort/both_empty_no_override
--- PASS: TestResolveLaunchEffort (0.00s)
    --- PASS: TestResolveLaunchEffort/explicit_effort_wins_over_model_policy (0.00s)
    --- PASS: TestResolveLaunchEffort/model_policy_fallback_high (0.00s)
    --- PASS: TestResolveLaunchEffort/model_policy_fallback_medium (0.00s)
    --- PASS: TestResolveLaunchEffort/model_policy_fallback_low (0.00s)
    --- PASS: TestResolveLaunchEffort/both_empty_no_override (0.00s)
=== RUN   TestModelPolicyLabels_AgreeWithProfileMatrix
=== RUN   TestModelPolicyLabels_AgreeWithProfileMatrix/high
=== RUN   TestModelPolicyLabels_AgreeWithProfileMatrix/medium
=== RUN   TestModelPolicyLabels_AgreeWithProfileMatrix/low
--- PASS: TestModelPolicyLabels_AgreeWithProfileMatrix (0.00s)
    --- PASS: TestModelPolicyLabels_AgreeWithProfileMatrix/high (0.00s)
    --- PASS: TestModelPolicyLabels_AgreeWithProfileMatrix/medium (0.00s)
    --- PASS: TestModelPolicyLabels_AgreeWithProfileMatrix/low (0.00s)
=== RUN   TestGetProfileText_OpusAliasValues
--- PASS: TestGetProfileText_OpusAliasValues (0.00s)
PASS
ok  	github.com/modu-ai/moai-adk/internal/cli	0.586s
