=== RUN   TestParseKanbanFlag_LongFormWithoutSpec
--- PASS: TestParseKanbanFlag_LongFormWithoutSpec (0.00s)
=== RUN   TestParseKanbanFlag_ShortFormWithSpec
--- PASS: TestParseKanbanFlag_ShortFormWithSpec (0.00s)
=== RUN   TestParseKanbanFlag_PassThroughBoundary
--- PASS: TestParseKanbanFlag_PassThroughBoundary (0.00s)
=== RUN   TestParseKanbanFlag_SpecIsNotStolenFromAFlag
--- PASS: TestParseKanbanFlag_SpecIsNotStolenFromAFlag (0.00s)
=== RUN   TestCC_KanbanFlagStrippedBeforeLaunch
--- PASS: TestCC_KanbanFlagStrippedBeforeLaunch (0.01s)
=== RUN   TestCC_KanbanWritesNoStateRecord
=== RUN   TestCC_KanbanWritesNoStateRecord/fail_open_unwritable_state_dir
--- PASS: TestCC_KanbanWritesNoStateRecord (0.02s)
    --- PASS: TestCC_KanbanWritesNoStateRecord/fail_open_unwritable_state_dir (0.00s)
=== RUN   TestCC_KanbanEnvMutationIsRestored
=== RUN   TestCC_KanbanEnvMutationIsRestored/success_path
=== RUN   TestCC_KanbanEnvMutationIsRestored/error_path
--- PASS: TestCC_KanbanEnvMutationIsRestored (0.02s)
    --- PASS: TestCC_KanbanEnvMutationIsRestored/success_path (0.01s)
    --- PASS: TestCC_KanbanEnvMutationIsRestored/error_path (0.01s)
=== RUN   TestEnterKanbanMode_RestoresPriorValue
--- PASS: TestEnterKanbanMode_RestoresPriorValue (0.00s)
=== RUN   TestEnterKanbanMode_WithoutSpecLeavesSpecVarUntouched
--- PASS: TestEnterKanbanMode_WithoutSpecLeavesSpecVarUntouched (0.00s)
=== RUN   TestCrossSessionSettingsPayloadDefault
--- PASS: TestCrossSessionSettingsPayloadDefault (0.00s)
=== RUN   TestCrossSessionSettingsPayloadFull
--- PASS: TestCrossSessionSettingsPayloadFull (0.00s)
=== RUN   TestCrossSessionSettingsPayloadIsolateOptIn
--- PASS: TestCrossSessionSettingsPayloadIsolateOptIn (0.00s)
=== RUN   TestCrossSessionSettingsPayloadFiltersInvalidValues
--- PASS: TestCrossSessionSettingsPayloadFiltersInvalidValues (0.00s)
=== RUN   TestPrepareKanbanSettingsMergesUserConfig
--- PASS: TestPrepareKanbanSettingsMergesUserConfig (0.00s)
=== RUN   TestAppendCrossSessionSettingsGeneralLaunch
=== RUN   TestAppendCrossSessionSettingsGeneralLaunch/no_config_→_unchanged_args
=== RUN   TestAppendCrossSessionSettingsGeneralLaunch/operator_--settings_→_no_injection
=== RUN   TestAppendCrossSessionSettingsGeneralLaunch/config_→_--settings_appended_with_payload
--- PASS: TestAppendCrossSessionSettingsGeneralLaunch (0.00s)
    --- PASS: TestAppendCrossSessionSettingsGeneralLaunch/no_config_→_unchanged_args (0.00s)
    --- PASS: TestAppendCrossSessionSettingsGeneralLaunch/operator_--settings_→_no_injection (0.00s)
    --- PASS: TestAppendCrossSessionSettingsGeneralLaunch/config_→_--settings_appended_with_payload (0.00s)
=== RUN   TestParseKanbanFlagUnifiedEntry
=== PAUSE TestParseKanbanFlagUnifiedEntry
=== RUN   TestParseKanbanFlagPassThroughBoundary
=== PAUSE TestParseKanbanFlagPassThroughBoundary
=== RUN   TestRejectKanbanOnCGLeavesFactoryForms
=== PAUSE TestRejectKanbanOnCGLeavesFactoryForms
=== RUN   TestGLM_KanbanFlagParity
--- PASS: TestGLM_KanbanFlagParity (0.01s)
=== RUN   TestKanbanModeSeedsFullyAutonomousTier
=== RUN   TestKanbanModeSeedsFullyAutonomousTier/lead
=== RUN   TestKanbanModeSeedsFullyAutonomousTier/companion
--- PASS: TestKanbanModeSeedsFullyAutonomousTier (0.00s)
    --- PASS: TestKanbanModeSeedsFullyAutonomousTier/lead (0.00s)
    --- PASS: TestKanbanModeSeedsFullyAutonomousTier/companion (0.00s)
=== RUN   TestKanbanModePreservesExplicitTier
=== RUN   TestKanbanModePreservesExplicitTier/semi-auto
=== RUN   TestKanbanModePreservesExplicitTier/automatic
--- PASS: TestKanbanModePreservesExplicitTier (0.00s)
    --- PASS: TestKanbanModePreservesExplicitTier/semi-auto (0.00s)
    --- PASS: TestKanbanModePreservesExplicitTier/automatic (0.00s)
=== RUN   TestKanbanModeTreatsBlankTierAsUnset
=== RUN   TestKanbanModeTreatsBlankTierAsUnset/blank=
=== RUN   TestKanbanModeTreatsBlankTierAsUnset/blank=___
--- PASS: TestKanbanModeTreatsBlankTierAsUnset (0.00s)
    --- PASS: TestKanbanModeTreatsBlankTierAsUnset/blank= (0.00s)
    --- PASS: TestKanbanModeTreatsBlankTierAsUnset/blank=___ (0.00s)
=== RUN   TestEnterKanbanModeSetsRunID
--- PASS: TestEnterKanbanModeSetsRunID (0.00s)
=== RUN   TestEnterKanbanCompanionModeSetsLabelNotKanban
--- PASS: TestEnterKanbanCompanionModeSetsLabelNotKanban (0.00s)
=== RUN   TestEnterKanbanCompanionModeDoesNotPublishRunID
--- PASS: TestEnterKanbanCompanionModeDoesNotPublishRunID (0.00s)
=== RUN   TestResolveKanbanBranchTruthTable
=== PAUSE TestResolveKanbanBranchTruthTable
=== RUN   TestLauncherWritesNoKanbanRecord
--- PASS: TestLauncherWritesNoKanbanRecord (0.00s)
=== RUN   TestEnterKanbanMode_AdoptsOperatorLeadRunID
--- PASS: TestEnterKanbanMode_AdoptsOperatorLeadRunID (0.00s)
=== RUN   TestEnterKanbanMode_MintsWithoutLeadName
=== RUN   TestEnterKanbanMode_MintsWithoutLeadName/no_name_at_all
=== RUN   TestEnterKanbanMode_MintsWithoutLeadName/non-lead_name
=== RUN   TestEnterKanbanMode_MintsWithoutLeadName/the_bare_lead_name_carries_no_id_to_adopt
=== RUN   TestEnterKanbanMode_MintsWithoutLeadName/a_bump_number_is_not_a_run_id
=== RUN   TestEnterKanbanMode_MintsWithoutLeadName/lead_prefix_with_no_id
=== RUN   TestEnterKanbanMode_MintsWithoutLeadName/uppercase_is_not_a_run_id_shape
=== RUN   TestEnterKanbanMode_MintsWithoutLeadName/a_second_hyphen_is_not_a_run_id_shape
--- PASS: TestEnterKanbanMode_MintsWithoutLeadName (0.00s)
    --- PASS: TestEnterKanbanMode_MintsWithoutLeadName/no_name_at_all (0.00s)
    --- PASS: TestEnterKanbanMode_MintsWithoutLeadName/non-lead_name (0.00s)
    --- PASS: TestEnterKanbanMode_MintsWithoutLeadName/the_bare_lead_name_carries_no_id_to_adopt (0.00s)
    --- PASS: TestEnterKanbanMode_MintsWithoutLeadName/a_bump_number_is_not_a_run_id (0.00s)
    --- PASS: TestEnterKanbanMode_MintsWithoutLeadName/lead_prefix_with_no_id (0.00s)
    --- PASS: TestEnterKanbanMode_MintsWithoutLeadName/uppercase_is_not_a_run_id_shape (0.00s)
    --- PASS: TestEnterKanbanMode_MintsWithoutLeadName/a_second_hyphen_is_not_a_run_id_shape (0.00s)
=== RUN   TestPrepareKanbanSettingsWritesTransientFile
--- PASS: TestPrepareKanbanSettingsWritesTransientFile (0.00s)
=== RUN   TestPrepareKanbanSettingsHonorsOperatorSupplied
--- PASS: TestPrepareKanbanSettingsHonorsOperatorSupplied (0.00s)
=== RUN   TestPrepareKanbanSettingsFailsOpenOnWriteError
--- PASS: TestPrepareKanbanSettingsFailsOpenOnWriteError (0.00s)
=== RUN   TestApplyLaunchEffort
=== RUN   TestApplyLaunchEffort/explicit_effort_level_lands_under_effortLevel
=== RUN   TestApplyLaunchEffort/model_policy_supplies_the_fallback
=== RUN   TestApplyLaunchEffort/both_empty_injects_nothing
=== RUN   TestApplyLaunchEffort/unreadable_profile_fails_open
=== RUN   TestApplyLaunchEffort/max_returns_launch_argv_and_stays_out_of_the_payload
=== RUN   TestApplyLaunchEffort/nil_payload_is_materialized
--- PASS: TestApplyLaunchEffort (0.00s)
    --- PASS: TestApplyLaunchEffort/explicit_effort_level_lands_under_effortLevel (0.00s)
    --- PASS: TestApplyLaunchEffort/model_policy_supplies_the_fallback (0.00s)
    --- PASS: TestApplyLaunchEffort/both_empty_injects_nothing (0.00s)
    --- PASS: TestApplyLaunchEffort/unreadable_profile_fails_open (0.00s)
    --- PASS: TestApplyLaunchEffort/max_returns_launch_argv_and_stays_out_of_the_payload (0.00s)
    --- PASS: TestApplyLaunchEffort/nil_payload_is_materialized (0.00s)
=== RUN   TestClaudeLaunchEnvPreservesInheritedEffort
=== PAUSE TestClaudeLaunchEnvPreservesInheritedEffort
=== RUN   TestLaunchEffortReachesGeneralInjection
--- PASS: TestLaunchEffortReachesGeneralInjection (0.00s)
=== RUN   TestLaunchEffortReachesKanbanInjection
--- PASS: TestLaunchEffortReachesKanbanInjection (0.00s)
=== RUN   TestLaunchEffortNeverInjectedWhenOperatorSuppliedSettings
--- PASS: TestLaunchEffortNeverInjectedWhenOperatorSuppliedSettings (0.00s)
=== RUN   TestLaunchEffortMaxTravelsAsArgvOnGeneralInjection
--- PASS: TestLaunchEffortMaxTravelsAsArgvOnGeneralInjection (0.00s)
=== RUN   TestLaunchEffortMaxTravelsAsArgvOnKanbanInjection
--- PASS: TestLaunchEffortMaxTravelsAsArgvOnKanbanInjection (0.00s)
=== RUN   TestLaunchEffortXHighStaysOnSettingsPath
--- PASS: TestLaunchEffortXHighStaysOnSettingsPath (0.00s)
=== RUN   TestLaunchEffortMaxDefersToOperatorEffortFlag
--- PASS: TestLaunchEffortMaxDefersToOperatorEffortFlag (0.00s)
=== RUN   TestACFM022a_KanbanRaisesBlockCapUnconditionally
--- PASS: TestACFM022a_KanbanRaisesBlockCapUnconditionally (0.00s)
=== RUN   TestACFM022a_KanbanCapReplacesPreexistingEntry
--- PASS: TestACFM022a_KanbanCapReplacesPreexistingEntry (0.00s)
=== RUN   TestKanbanCompanionRaisesBlockCap
--- PASS: TestKanbanCompanionRaisesBlockCap (0.00s)
=== RUN   TestACFM023c_KanbanEnvReachesChildEnvironment
--- PASS: TestACFM023c_KanbanEnvReachesChildEnvironment (0.00s)
=== RUN   TestResolveLaunchEffort
=== RUN   TestResolveLaunchEffort/explicit_effort_wins_over_model_policy
=== RUN   TestResolveLaunchEffort/model_policy_fallback_high
=== RUN   TestResolveLaunchEffort/model_policy_fallback_medium
=== RUN   TestResolveLaunchEffort/model_policy_fallback_low
=== RUN   TestResolveLaunchEffort/both_empty_no_override
--- PASS: TestResolveLaunchEffort (0.00s)
    --- PASS: TestResolveLaunchEffort/explicit_effort_wins_over_model_policy (0.00s)
    --- PASS: TestResolveLaunchEffort/model_policy_fallback_high (0.00s)
    --- PASS: TestResolveLaunchEffort/model_policy_fallback_medium (0.00s)
    --- PASS: TestResolveLaunchEffort/model_policy_fallback_low (0.00s)
    --- PASS: TestResolveLaunchEffort/both_empty_no_override (0.00s)
=== CONT  TestParseKanbanFlagUnifiedEntry
=== CONT  TestResolveKanbanBranchTruthTable
=== RUN   TestResolveKanbanBranchTruthTable/row1:_-k_alone_→_lead
=== PAUSE TestResolveKanbanBranchTruthTable/row1:_-k_alone_→_lead
=== RUN   TestResolveKanbanBranchTruthTable/row2:_-k_--name_<companion>_→_companion
=== PAUSE TestResolveKanbanBranchTruthTable/row2:_-k_--name_<companion>_→_companion
=== RUN   TestResolveKanbanBranchTruthTable/row3:_--name_<non-companion>_alone_→_no-op
=== PAUSE TestResolveKanbanBranchTruthTable/row3:_--name_<non-companion>_alone_→_no-op
=== RUN   TestResolveKanbanBranchTruthTable/row4:_-k_--name_<non-companion>_→_lead
=== RUN   TestParseKanbanFlagUnifiedEntry/absent
=== PAUSE TestParseKanbanFlagUnifiedEntry/absent
=== CONT  TestRejectKanbanOnCGLeavesFactoryForms
--- PASS: TestRejectKanbanOnCGLeavesFactoryForms (0.00s)
=== CONT  TestParseKanbanFlagPassThroughBoundary
--- PASS: TestParseKanbanFlagPassThroughBoundary (0.00s)
=== CONT  TestClaudeLaunchEnvPreservesInheritedEffort
--- PASS: TestClaudeLaunchEnvPreservesInheritedEffort (0.00s)
=== RUN   TestParseKanbanFlagUnifiedEntry/bare_-k_is_kanban
=== PAUSE TestParseKanbanFlagUnifiedEntry/bare_-k_is_kanban
=== RUN   TestParseKanbanFlagUnifiedEntry/long_form_is_kanban
=== PAUSE TestResolveKanbanBranchTruthTable/row4:_-k_--name_<non-companion>_→_lead
=== PAUSE TestParseKanbanFlagUnifiedEntry/long_form_is_kanban
=== RUN   TestResolveKanbanBranchTruthTable/row5_(BREAKING):_--name_<companion-shape>_alone_→_no-op
=== PAUSE TestResolveKanbanBranchTruthTable/row5_(BREAKING):_--name_<companion-shape>_alone_→_no-op
=== CONT  TestResolveKanbanBranchTruthTable/row1:_-k_alone_→_lead
=== CONT  TestResolveKanbanBranchTruthTable/row3:_--name_<non-companion>_alone_→_no-op
=== CONT  TestResolveKanbanBranchTruthTable/row5_(BREAKING):_--name_<companion-shape>_alone_→_no-op
=== CONT  TestResolveKanbanBranchTruthTable/row2:_-k_--name_<companion>_→_companion
=== CONT  TestResolveKanbanBranchTruthTable/row4:_-k_--name_<non-companion>_→_lead
=== RUN   TestParseKanbanFlagUnifiedEntry/-k_SPEC_is_kanban
--- PASS: TestResolveKanbanBranchTruthTable (0.00s)
    --- PASS: TestResolveKanbanBranchTruthTable/row1:_-k_alone_→_lead (0.00s)
    --- PASS: TestResolveKanbanBranchTruthTable/row3:_--name_<non-companion>_alone_→_no-op (0.00s)
    --- PASS: TestResolveKanbanBranchTruthTable/row5_(BREAKING):_--name_<companion-shape>_alone_→_no-op (0.00s)
    --- PASS: TestResolveKanbanBranchTruthTable/row2:_-k_--name_<companion>_→_companion (0.00s)
    --- PASS: TestResolveKanbanBranchTruthTable/row4:_-k_--name_<non-companion>_→_lead (0.00s)
=== PAUSE TestParseKanbanFlagUnifiedEntry/-k_SPEC_is_kanban
=== RUN   TestParseKanbanFlagUnifiedEntry/positional_flag_is_not_a_value
=== PAUSE TestParseKanbanFlagUnifiedEntry/positional_flag_is_not_a_value
=== RUN   TestParseKanbanFlagUnifiedEntry/-k_N_is_factory_lead
=== PAUSE TestParseKanbanFlagUnifiedEntry/-k_N_is_factory_lead
=== RUN   TestParseKanbanFlagUnifiedEntry/-k=N
=== PAUSE TestParseKanbanFlagUnifiedEntry/-k=N
=== RUN   TestParseKanbanFlagUnifiedEntry/--kanban_N
=== PAUSE TestParseKanbanFlagUnifiedEntry/--kanban_N
=== RUN   TestParseKanbanFlagUnifiedEntry/--kanban=N
=== PAUSE TestParseKanbanFlagUnifiedEntry/--kanban=N
=== RUN   TestParseKanbanFlagUnifiedEntry/-k_N_with_lane_name_is_factory_lane
=== PAUSE TestParseKanbanFlagUnifiedEntry/-k_N_with_lane_name_is_factory_lane
=== RUN   TestParseKanbanFlagUnifiedEntry/bare_-k_with_lane_name_takes_the_default
=== PAUSE TestParseKanbanFlagUnifiedEntry/bare_-k_with_lane_name_takes_the_default
=== RUN   TestParseKanbanFlagUnifiedEntry/companion_name_stays_kanban
=== PAUSE TestParseKanbanFlagUnifiedEntry/companion_name_stays_kanban
=== RUN   TestParseKanbanFlagUnifiedEntry/zero_count_errors
=== PAUSE TestParseKanbanFlagUnifiedEntry/zero_count_errors
=== RUN   TestParseKanbanFlagUnifiedEntry/negative_joined_count_errors
=== PAUSE TestParseKanbanFlagUnifiedEntry/negative_joined_count_errors
=== RUN   TestParseKanbanFlagUnifiedEntry/joined_non-numeric_is_not_a_spec_form
=== PAUSE TestParseKanbanFlagUnifiedEntry/joined_non-numeric_is_not_a_spec_form
=== CONT  TestParseKanbanFlagUnifiedEntry/absent
=== CONT  TestParseKanbanFlagUnifiedEntry/joined_non-numeric_is_not_a_spec_form
=== CONT  TestParseKanbanFlagUnifiedEntry/negative_joined_count_errors
=== CONT  TestParseKanbanFlagUnifiedEntry/zero_count_errors
=== CONT  TestParseKanbanFlagUnifiedEntry/companion_name_stays_kanban
=== CONT  TestParseKanbanFlagUnifiedEntry/bare_-k_with_lane_name_takes_the_default
=== CONT  TestParseKanbanFlagUnifiedEntry/-k_N_with_lane_name_is_factory_lane
=== CONT  TestParseKanbanFlagUnifiedEntry/--kanban=N
=== CONT  TestParseKanbanFlagUnifiedEntry/--kanban_N
=== CONT  TestParseKanbanFlagUnifiedEntry/-k=N
=== CONT  TestParseKanbanFlagUnifiedEntry/-k_N_is_factory_lead
=== CONT  TestParseKanbanFlagUnifiedEntry/positional_flag_is_not_a_value
=== CONT  TestParseKanbanFlagUnifiedEntry/-k_SPEC_is_kanban
=== CONT  TestParseKanbanFlagUnifiedEntry/long_form_is_kanban
=== CONT  TestParseKanbanFlagUnifiedEntry/bare_-k_is_kanban
--- PASS: TestParseKanbanFlagUnifiedEntry (0.00s)
    --- PASS: TestParseKanbanFlagUnifiedEntry/absent (0.00s)
    --- PASS: TestParseKanbanFlagUnifiedEntry/joined_non-numeric_is_not_a_spec_form (0.00s)
    --- PASS: TestParseKanbanFlagUnifiedEntry/negative_joined_count_errors (0.00s)
    --- PASS: TestParseKanbanFlagUnifiedEntry/zero_count_errors (0.00s)
    --- PASS: TestParseKanbanFlagUnifiedEntry/companion_name_stays_kanban (0.00s)
    --- PASS: TestParseKanbanFlagUnifiedEntry/bare_-k_with_lane_name_takes_the_default (0.00s)
    --- PASS: TestParseKanbanFlagUnifiedEntry/-k_N_with_lane_name_is_factory_lane (0.00s)
    --- PASS: TestParseKanbanFlagUnifiedEntry/--kanban=N (0.00s)
    --- PASS: TestParseKanbanFlagUnifiedEntry/--kanban_N (0.00s)
    --- PASS: TestParseKanbanFlagUnifiedEntry/-k=N (0.00s)
    --- PASS: TestParseKanbanFlagUnifiedEntry/-k_N_is_factory_lead (0.00s)
    --- PASS: TestParseKanbanFlagUnifiedEntry/positional_flag_is_not_a_value (0.00s)
    --- PASS: TestParseKanbanFlagUnifiedEntry/-k_SPEC_is_kanban (0.00s)
    --- PASS: TestParseKanbanFlagUnifiedEntry/long_form_is_kanban (0.00s)
    --- PASS: TestParseKanbanFlagUnifiedEntry/bare_-k_is_kanban (0.00s)
PASS
ok  	github.com/modu-ai/moai-adk/internal/cli	0.952s
