=== RUN   TestReceiptHistoryAcceptsTruncatedForkReplay
=== RUN   TestReceiptHistoryAcceptsTruncatedForkReplay/prefix_at_turn_boundary
=== RUN   TestReceiptHistoryAcceptsTruncatedForkReplay/prefix_keeps_tool_pairing
=== RUN   TestReceiptHistoryAcceptsTruncatedForkReplay/compatible_domain_replay
--- PASS: TestReceiptHistoryAcceptsTruncatedForkReplay (0.04s)
    --- PASS: TestReceiptHistoryAcceptsTruncatedForkReplay/prefix_at_turn_boundary (0.00s)
    --- PASS: TestReceiptHistoryAcceptsTruncatedForkReplay/prefix_keeps_tool_pairing (0.00s)
    --- PASS: TestReceiptHistoryAcceptsTruncatedForkReplay/compatible_domain_replay (0.00s)
=== RUN   TestReceiptHistoryRejectsMidChainTruncationWithGuidance
--- PASS: TestReceiptHistoryRejectsMidChainTruncationWithGuidance (0.04s)
=== RUN   TestReceiptHistoryRejectsMidPairTruncationBeforeHistory
--- PASS: TestReceiptHistoryRejectsMidPairTruncationBeforeHistory (0.04s)
=== RUN   TestReceiptHistoryRejectsForeignItemReplay
--- PASS: TestReceiptHistoryRejectsForeignItemReplay (0.05s)
=== RUN   TestReceiptHistorySpawnShapedFreshHistoryNeedsNoLineageSeeding
--- PASS: TestReceiptHistorySpawnShapedFreshHistoryNeedsNoLineageSeeding (0.01s)
=== RUN   TestReceiptHistoryKeepsStrippedReasoningRejection
--- PASS: TestReceiptHistoryKeepsStrippedReasoningRejection (0.04s)
=== RUN   TestReceiptHistoryClassifiesDesyncWedgeAfterUnpublishedTurn
--- PASS: TestReceiptHistoryClassifiesDesyncWedgeAfterUnpublishedTurn (0.04s)
=== RUN   TestReceiptHistoryRejectsStrippingForeignScopeAndFamily
--- PASS: TestReceiptHistoryRejectsStrippingForeignScopeAndFamily (0.02s)
=== RUN   TestReceiptHistoryAuthorizedForkRetainsScope
--- PASS: TestReceiptHistoryAuthorizedForkRetainsScope (0.04s)
=== RUN   TestReceiptHistoryRejectsMalformedAndClosedAuthority
--- PASS: TestReceiptHistoryRejectsMalformedAndClosedAuthority (0.02s)
=== RUN   TestReceiptHistoryRejectsPublicLayoutMutation
--- PASS: TestReceiptHistoryRejectsPublicLayoutMutation (0.02s)
=== RUN   TestReplayRoundTripStillRejectsTampering
=== RUN   TestReplayRoundTripStillRejectsTampering/edited_tool_input
=== RUN   TestReplayRoundTripStillRejectsTampering/renamed_tool
=== RUN   TestReplayRoundTripStillRejectsTampering/dropped_tool_result
--- PASS: TestReplayRoundTripStillRejectsTampering (0.06s)
    --- PASS: TestReplayRoundTripStillRejectsTampering/edited_tool_input (0.02s)
    --- PASS: TestReplayRoundTripStillRejectsTampering/renamed_tool (0.02s)
    --- PASS: TestReplayRoundTripStillRejectsTampering/dropped_tool_result (0.02s)
PASS
ok  	github.com/modu-ai/moai-adk/internal/gateway/translate	0.617s
