=== RUN   TestFactoryLaneHandoffLaunchPendingSourceNack
--- PASS: TestFactoryLaneHandoffLaunchPendingSourceNack (1.85s)
=== RUN   TestFactoryLaneHandoffAdmissionFailClosed
=== RUN   TestFactoryLaneHandoffAdmissionFailClosed/active_turn
=== RUN   TestFactoryLaneHandoffAdmissionFailClosed/permission_wait
=== RUN   TestFactoryLaneHandoffAdmissionFailClosed/interrupt
=== RUN   TestFactoryLaneHandoffAdmissionFailClosed/dirty_source
=== RUN   TestFactoryLaneHandoffAdmissionFailClosed/symlink_escape_cwd
=== RUN   TestFactoryLaneHandoffAdmissionFailClosed/occupied_branch
=== RUN   TestFactoryLaneHandoffAdmissionFailClosed/occupied_path
=== RUN   TestFactoryLaneHandoffAdmissionFailClosed/stale_reservation
=== RUN   TestFactoryLaneHandoffAdmissionFailClosed/same_lane_in_flight
=== RUN   TestFactoryLaneHandoffAdmissionFailClosed/reentry_clean_reconstructs_wt_ready
=== RUN   TestFactoryLaneHandoffAdmissionFailClosed/reentry_dirty_target
=== RUN   TestFactoryLaneHandoffAdmissionFailClosed/reentry_wrong_branch
=== RUN   TestFactoryLaneHandoffAdmissionFailClosed/reentry_head_moved_off_pin
--- PASS: TestFactoryLaneHandoffAdmissionFailClosed (11.51s)
    --- PASS: TestFactoryLaneHandoffAdmissionFailClosed/active_turn (0.65s)
    --- PASS: TestFactoryLaneHandoffAdmissionFailClosed/permission_wait (0.54s)
    --- PASS: TestFactoryLaneHandoffAdmissionFailClosed/interrupt (0.51s)
    --- PASS: TestFactoryLaneHandoffAdmissionFailClosed/dirty_source (0.75s)
    --- PASS: TestFactoryLaneHandoffAdmissionFailClosed/symlink_escape_cwd (0.69s)
    --- PASS: TestFactoryLaneHandoffAdmissionFailClosed/occupied_branch (0.73s)
    --- PASS: TestFactoryLaneHandoffAdmissionFailClosed/occupied_path (0.71s)
    --- PASS: TestFactoryLaneHandoffAdmissionFailClosed/stale_reservation (0.78s)
    --- PASS: TestFactoryLaneHandoffAdmissionFailClosed/same_lane_in_flight (1.19s)
    --- PASS: TestFactoryLaneHandoffAdmissionFailClosed/reentry_clean_reconstructs_wt_ready (1.26s)
    --- PASS: TestFactoryLaneHandoffAdmissionFailClosed/reentry_dirty_target (1.21s)
    --- PASS: TestFactoryLaneHandoffAdmissionFailClosed/reentry_wrong_branch (1.28s)
    --- PASS: TestFactoryLaneHandoffAdmissionFailClosed/reentry_head_moved_off_pin (1.20s)
=== RUN   TestFactoryLaneHandoffDevelopPinAndTraceability
--- PASS: TestFactoryLaneHandoffDevelopPinAndTraceability (1.13s)
=== RUN   TestFactoryLaneHandoffCreationBaseDriftRejected
=== RUN   TestFactoryLaneHandoffCreationBaseDriftRejected/main_creation_mutant
=== RUN   TestFactoryLaneHandoffCreationBaseDriftRejected/develop_moves_during_create
=== RUN   TestFactoryLaneHandoffCreationBaseDriftRejected/matching_base_control
--- PASS: TestFactoryLaneHandoffCreationBaseDriftRejected (2.77s)
    --- PASS: TestFactoryLaneHandoffCreationBaseDriftRejected/main_creation_mutant (0.94s)
    --- PASS: TestFactoryLaneHandoffCreationBaseDriftRejected/develop_moves_during_create (0.93s)
    --- PASS: TestFactoryLaneHandoffCreationBaseDriftRejected/matching_base_control (0.90s)
=== RUN   TestMoaiMCPServer_RegistrationMatchesCatalog
--- PASS: TestMoaiMCPServer_RegistrationMatchesCatalog (0.02s)
=== RUN   TestFactoryMsgStatusReadOnlyRoster
--- PASS: TestFactoryMsgStatusReadOnlyRoster (1.07s)
=== RUN   TestFactoryLeadNoticeUsesOperationalStatus
2026/09/23 10:11:53 INFO session started session_id=notice-lead cwd=/var/folders/kt/nq2q81cn4gx3y41r7x47ggmr0000gn/T/TestFactoryLeadNoticeUsesOperationalStatus3047543466/003 project_dir=/var/folders/kt/nq2q81cn4gx3y41r7x47ggmr0000gn/T/TestFactoryLeadNoticeUsesOperationalStatus3047543466/003
2026/09/23 10:11:53 WARN configuration not available, proceeding with defaults session_id=notice-lead
2026/09/23 10:11:53 INFO teammateMode updated mode=in-process in_tmux=false
--- PASS: TestFactoryLeadNoticeUsesOperationalStatus (1.65s)
=== RUN   TestSessionWorktreeNoBaseOperandArgvIsUnchanged
--- PASS: TestSessionWorktreeNoBaseOperandArgvIsUnchanged (0.00s)
=== RUN   TestSessionWorktreeBaseOperandAppendedWhenSet
--- PASS: TestSessionWorktreeBaseOperandAppendedWhenSet (0.00s)
=== RUN   TestSessionWorktreeNoBaseWhenConfigEmpty
--- PASS: TestSessionWorktreeNoBaseWhenConfigEmpty (0.15s)
=== RUN   TestSessionWorktreeUnresolvableBaseFallsBackToNoOperand
--- PASS: TestSessionWorktreeUnresolvableBaseFallsBackToNoOperand (0.15s)
=== RUN   TestSessionWorktreeSharedPredicateResolverInvokedOnce
--- PASS: TestSessionWorktreeSharedPredicateResolverInvokedOnce (0.15s)
=== RUN   TestSessionWorktreeSharedPredicateDefaultsToConsumerOnesHelper
--- PASS: TestSessionWorktreeSharedPredicateDefaultsToConsumerOnesHelper (0.00s)
=== RUN   TestSessionWorktreeConfiguredBaseCutsFromThatBranch
--- PASS: TestSessionWorktreeConfiguredBaseCutsFromThatBranch (1.21s)
=== RUN   TestSessionWorktreeBranchName_Shape
--- PASS: TestSessionWorktreeBranchName_Shape (0.00s)
=== RUN   TestSessionWorktreeBranchName_RandomFallback
--- PASS: TestSessionWorktreeBranchName_RandomFallback (0.00s)
=== RUN   TestSessionWorktreeBranchName_ParallelDistinctSessions
--- PASS: TestSessionWorktreeBranchName_ParallelDistinctSessions (0.00s)
PASS
ok  	github.com/modu-ai/moai-adk/internal/cli	23.813s
