=== RUN   TestHandoffSwitchPendingIsModeBound
--- PASS: TestHandoffSwitchPendingIsModeBound (0.14s)
=== RUN   TestHeadlessRelocationEvidenceRejectsNonEvidence
=== RUN   TestHeadlessRelocationEvidenceRejectsNonEvidence/wrong_method_thread_start
=== RUN   TestHeadlessRelocationEvidenceRejectsNonEvidence/fork_without_history
=== RUN   TestHeadlessRelocationEvidenceRejectsNonEvidence/session_start
=== RUN   TestHeadlessRelocationEvidenceRejectsNonEvidence/empty_turn_start
=== RUN   TestHeadlessRelocationEvidenceRejectsNonEvidence/turn_steer
=== RUN   TestHeadlessRelocationEvidenceRejectsNonEvidence/unknown_method
=== RUN   TestHeadlessRelocationEvidenceRejectsNonEvidence/thread_started_missing
=== RUN   TestHeadlessRelocationEvidenceRejectsNonEvidence/empty_thread_id
=== RUN   TestHeadlessRelocationEvidenceRejectsNonEvidence/thread_id_not_new
=== RUN   TestHeadlessRelocationEvidenceRejectsNonEvidence/lineage_missing
=== RUN   TestHeadlessRelocationEvidenceRejectsNonEvidence/lineage_foreign
=== RUN   TestHeadlessRelocationEvidenceRejectsNonEvidence/request_cwd
=== RUN   TestHeadlessRelocationEvidenceRejectsNonEvidence/response_cwd
=== RUN   TestHeadlessRelocationEvidenceRejectsNonEvidence/readback_cwd
=== RUN   TestHeadlessRelocationEvidenceRejectsNonEvidence/readback_branch
=== RUN   TestHeadlessRelocationEvidenceRejectsNonEvidence/readback_head
=== RUN   TestHeadlessRelocationEvidenceRejectsNonEvidence/valid_fork_and_start_are_recorded
--- PASS: TestHeadlessRelocationEvidenceRejectsNonEvidence (1.35s)
    --- PASS: TestHeadlessRelocationEvidenceRejectsNonEvidence/wrong_method_thread_start (0.08s)
    --- PASS: TestHeadlessRelocationEvidenceRejectsNonEvidence/fork_without_history (0.10s)
    --- PASS: TestHeadlessRelocationEvidenceRejectsNonEvidence/session_start (0.07s)
    --- PASS: TestHeadlessRelocationEvidenceRejectsNonEvidence/empty_turn_start (0.07s)
    --- PASS: TestHeadlessRelocationEvidenceRejectsNonEvidence/turn_steer (0.07s)
    --- PASS: TestHeadlessRelocationEvidenceRejectsNonEvidence/unknown_method (0.07s)
    --- PASS: TestHeadlessRelocationEvidenceRejectsNonEvidence/thread_started_missing (0.06s)
    --- PASS: TestHeadlessRelocationEvidenceRejectsNonEvidence/empty_thread_id (0.06s)
    --- PASS: TestHeadlessRelocationEvidenceRejectsNonEvidence/thread_id_not_new (0.06s)
    --- PASS: TestHeadlessRelocationEvidenceRejectsNonEvidence/lineage_missing (0.06s)
    --- PASS: TestHeadlessRelocationEvidenceRejectsNonEvidence/lineage_foreign (0.06s)
    --- PASS: TestHeadlessRelocationEvidenceRejectsNonEvidence/request_cwd (0.07s)
    --- PASS: TestHeadlessRelocationEvidenceRejectsNonEvidence/response_cwd (0.06s)
    --- PASS: TestHeadlessRelocationEvidenceRejectsNonEvidence/readback_cwd (0.07s)
    --- PASS: TestHeadlessRelocationEvidenceRejectsNonEvidence/readback_branch (0.11s)
    --- PASS: TestHeadlessRelocationEvidenceRejectsNonEvidence/readback_head (0.07s)
    --- PASS: TestHeadlessRelocationEvidenceRejectsNonEvidence/valid_fork_and_start_are_recorded (0.21s)
PASS
ok  	github.com/modu-ai/moai-adk/internal/factorymsg	2.662s
=== RUN   TestLaneHandoffInteractiveSwitchEmitsGuidanceOnly
--- PASS: TestLaneHandoffInteractiveSwitchEmitsGuidanceOnly (1.19s)
=== RUN   TestLaneHandoffInteractiveSwitchRejectsNonIdle
=== RUN   TestLaneHandoffInteractiveSwitchRejectsNonIdle/active_turn
=== RUN   TestLaneHandoffInteractiveSwitchRejectsNonIdle/permission_wait
=== RUN   TestLaneHandoffInteractiveSwitchRejectsNonIdle/interrupting
--- PASS: TestLaneHandoffInteractiveSwitchRejectsNonIdle (2.95s)
    --- PASS: TestLaneHandoffInteractiveSwitchRejectsNonIdle/active_turn (0.96s)
    --- PASS: TestLaneHandoffInteractiveSwitchRejectsNonIdle/permission_wait (0.99s)
    --- PASS: TestLaneHandoffInteractiveSwitchRejectsNonIdle/interrupting (1.00s)
=== RUN   TestLaneHandoffHeadlessSwitchForksStoredHistory
=== RUN   TestLaneHandoffHeadlessSwitchForksStoredHistory/started_first=false
=== RUN   TestLaneHandoffHeadlessSwitchForksStoredHistory/started_first=true
--- PASS: TestLaneHandoffHeadlessSwitchForksStoredHistory (2.05s)
    --- PASS: TestLaneHandoffHeadlessSwitchForksStoredHistory/started_first=false (1.02s)
    --- PASS: TestLaneHandoffHeadlessSwitchForksStoredHistory/started_first=true (1.03s)
=== RUN   TestLaneHandoffHeadlessSwitchStartsWithoutHistory
--- PASS: TestLaneHandoffHeadlessSwitchStartsWithoutHistory (0.97s)
=== RUN   TestLaneHandoffHeadlessSwitchRejectsNonIdleBeforeRPC
=== RUN   TestLaneHandoffHeadlessSwitchRejectsNonIdleBeforeRPC/active_turn
=== RUN   TestLaneHandoffHeadlessSwitchRejectsNonIdleBeforeRPC/permission_wait
=== RUN   TestLaneHandoffHeadlessSwitchRejectsNonIdleBeforeRPC/interrupting
--- PASS: TestLaneHandoffHeadlessSwitchRejectsNonIdleBeforeRPC (3.07s)
    --- PASS: TestLaneHandoffHeadlessSwitchRejectsNonIdleBeforeRPC/active_turn (0.97s)
    --- PASS: TestLaneHandoffHeadlessSwitchRejectsNonIdleBeforeRPC/permission_wait (1.03s)
    --- PASS: TestLaneHandoffHeadlessSwitchRejectsNonIdleBeforeRPC/interrupting (1.07s)
=== RUN   TestLaneHandoffHeadlessSwitchNacksBrokenRelocation
=== RUN   TestLaneHandoffHeadlessSwitchNacksBrokenRelocation/rpc_rejected
=== RUN   TestLaneHandoffHeadlessSwitchNacksBrokenRelocation/thread_started_missing
=== RUN   TestLaneHandoffHeadlessSwitchNacksBrokenRelocation/empty_thread_id
=== RUN   TestLaneHandoffHeadlessSwitchNacksBrokenRelocation/lineage_foreign
=== RUN   TestLaneHandoffHeadlessSwitchNacksBrokenRelocation/response_cwd_foreign
--- PASS: TestLaneHandoffHeadlessSwitchNacksBrokenRelocation (4.91s)
    --- PASS: TestLaneHandoffHeadlessSwitchNacksBrokenRelocation/rpc_rejected (0.99s)
    --- PASS: TestLaneHandoffHeadlessSwitchNacksBrokenRelocation/thread_started_missing (0.96s)
    --- PASS: TestLaneHandoffHeadlessSwitchNacksBrokenRelocation/empty_thread_id (1.01s)
    --- PASS: TestLaneHandoffHeadlessSwitchNacksBrokenRelocation/lineage_foreign (1.00s)
    --- PASS: TestLaneHandoffHeadlessSwitchNacksBrokenRelocation/response_cwd_foreign (0.96s)
=== RUN   TestLaneHandoffHeadlessSwitchNacksReadbackMismatchBeforeRPC
--- PASS: TestLaneHandoffHeadlessSwitchNacksReadbackMismatchBeforeRPC (0.83s)
=== RUN   TestLaneHandoffSwitchModesDoNotCross
--- PASS: TestLaneHandoffSwitchModesDoNotCross (0.73s)
=== RUN   TestFactoryLaneHandoffNoPrivateControl
--- PASS: TestFactoryLaneHandoffNoPrivateControl (2.11s)
PASS
ok  	github.com/modu-ai/moai-adk/internal/cli	20.792s
