=== RUN   TestFactoryLaneHandoffLaunchPendingSourceNack
--- PASS: TestFactoryLaneHandoffLaunchPendingSourceNack (1.64s)
=== RUN   TestFactoryLaneHandoffAdmissionFailClosed
=== RUN   TestFactoryLaneHandoffAdmissionFailClosed/active_turn
=== RUN   TestFactoryLaneHandoffAdmissionFailClosed/permission_wait
=== RUN   TestFactoryLaneHandoffAdmissionFailClosed/interrupt
=== RUN   TestFactoryLaneHandoffAdmissionFailClosed/dirty_source
=== RUN   TestFactoryLaneHandoffAdmissionFailClosed/symlink_escape_cwd
=== RUN   TestFactoryLaneHandoffAdmissionFailClosed/occupied_branch
=== RUN   TestFactoryLaneHandoffAdmissionFailClosed/occupied_path
=== RUN   TestFactoryLaneHandoffAdmissionFailClosed/stale_reservation
=== RUN   TestFactoryLaneHandoffAdmissionFailClosed/same_lane_in_flight
=== RUN   TestFactoryLaneHandoffAdmissionFailClosed/reentry_clean_reconstructs_wt_ready
=== RUN   TestFactoryLaneHandoffAdmissionFailClosed/reentry_dirty_target
=== RUN   TestFactoryLaneHandoffAdmissionFailClosed/reentry_wrong_branch
=== RUN   TestFactoryLaneHandoffAdmissionFailClosed/reentry_head_moved_off_pin
--- PASS: TestFactoryLaneHandoffAdmissionFailClosed (13.46s)
    --- PASS: TestFactoryLaneHandoffAdmissionFailClosed/active_turn (0.56s)
    --- PASS: TestFactoryLaneHandoffAdmissionFailClosed/permission_wait (0.50s)
    --- PASS: TestFactoryLaneHandoffAdmissionFailClosed/interrupt (0.62s)
    --- PASS: TestFactoryLaneHandoffAdmissionFailClosed/dirty_source (0.96s)
    --- PASS: TestFactoryLaneHandoffAdmissionFailClosed/symlink_escape_cwd (0.87s)
    --- PASS: TestFactoryLaneHandoffAdmissionFailClosed/occupied_branch (0.95s)
    --- PASS: TestFactoryLaneHandoffAdmissionFailClosed/occupied_path (0.76s)
    --- PASS: TestFactoryLaneHandoffAdmissionFailClosed/stale_reservation (0.72s)
    --- PASS: TestFactoryLaneHandoffAdmissionFailClosed/same_lane_in_flight (1.09s)
    --- PASS: TestFactoryLaneHandoffAdmissionFailClosed/reentry_clean_reconstructs_wt_ready (1.00s)
    --- PASS: TestFactoryLaneHandoffAdmissionFailClosed/reentry_dirty_target (1.07s)
    --- PASS: TestFactoryLaneHandoffAdmissionFailClosed/reentry_wrong_branch (2.37s)
    --- PASS: TestFactoryLaneHandoffAdmissionFailClosed/reentry_head_moved_off_pin (1.99s)
=== RUN   TestFactoryLaneHandoffDevelopPinAndTraceability
--- PASS: TestFactoryLaneHandoffDevelopPinAndTraceability (0.91s)
=== RUN   TestFactoryLaneHandoffCreationBaseDriftRejected
=== RUN   TestFactoryLaneHandoffCreationBaseDriftRejected/main_creation_mutant
=== RUN   TestFactoryLaneHandoffCreationBaseDriftRejected/develop_moves_during_create
=== RUN   TestFactoryLaneHandoffCreationBaseDriftRejected/matching_base_control
--- PASS: TestFactoryLaneHandoffCreationBaseDriftRejected (2.71s)
    --- PASS: TestFactoryLaneHandoffCreationBaseDriftRejected/main_creation_mutant (0.90s)
    --- PASS: TestFactoryLaneHandoffCreationBaseDriftRejected/develop_moves_during_create (1.00s)
    --- PASS: TestFactoryLaneHandoffCreationBaseDriftRejected/matching_base_control (0.81s)
PASS
ok  	github.com/modu-ai/moai-adk/internal/cli	19.479s
