=== RUN   TestFactorySessionStartCannotRotateAuthoritativeUserPromptBinding
--- PASS: TestFactorySessionStartCannotRotateAuthoritativeUserPromptBinding (2.35s)
=== RUN   TestFactoryUserPromptSubmitRebindsLaunchPendingPeer
2026/09/23 10:13:40 INFO user prompt submitted session_id=actual-user-prompt-session prompt_preview=""
2026/09/23 10:13:40 INFO user prompt submitted session_id=actual-user-prompt-session prompt_preview=" \t\n "
2026/09/23 10:13:40 INFO user prompt submitted session_id=actual-user-prompt-session prompt_preview="Inspect the assigned factory work."
    factory_messages_test.go:419: factory endpoint is launch-pending
--- FAIL: TestFactoryUserPromptSubmitRebindsLaunchPendingPeer (1.54s)
=== RUN   TestFactoryBoundUserPromptSubmitDoesNotRewritePeer
2026/09/23 10:13:42 INFO user prompt submitted session_id=actual-user-prompt-session prompt_preview="Bind this real user turn."
    factory_messages_test.go:437: factory endpoint is launch-pending
--- FAIL: TestFactoryBoundUserPromptSubmitDoesNotRewritePeer (1.51s)
=== RUN   TestFactorySessionStartCannotRotateAuthoritativeUserPromptBinding
--- PASS: TestFactorySessionStartCannotRotateAuthoritativeUserPromptBinding (3.24s)
=== RUN   TestFactoryUserPromptSubmitRebindsLaunchPendingPeer
2026/09/23 10:13:46 INFO user prompt submitted session_id=actual-user-prompt-session prompt_preview=""
2026/09/23 10:13:46 INFO user prompt submitted session_id=actual-user-prompt-session prompt_preview=" \t\n "
2026/09/23 10:13:47 INFO user prompt submitted session_id=actual-user-prompt-session prompt_preview="Inspect the assigned factory work."
    factory_messages_test.go:419: factory endpoint is launch-pending
--- FAIL: TestFactoryUserPromptSubmitRebindsLaunchPendingPeer (2.02s)
=== RUN   TestFactoryBoundUserPromptSubmitDoesNotRewritePeer
2026/09/23 10:13:48 INFO user prompt submitted session_id=actual-user-prompt-session prompt_preview="Bind this real user turn."
    factory_messages_test.go:437: factory endpoint is launch-pending
--- FAIL: TestFactoryBoundUserPromptSubmitDoesNotRewritePeer (1.22s)
=== RUN   TestFactorySessionStartCannotRotateAuthoritativeUserPromptBinding
--- PASS: TestFactorySessionStartCannotRotateAuthoritativeUserPromptBinding (1.52s)
=== RUN   TestFactoryUserPromptSubmitRebindsLaunchPendingPeer
2026/09/23 10:13:51 INFO user prompt submitted session_id=actual-user-prompt-session prompt_preview=""
2026/09/23 10:13:51 INFO user prompt submitted session_id=actual-user-prompt-session prompt_preview=" \t\n "
2026/09/23 10:13:51 INFO user prompt submitted session_id=actual-user-prompt-session prompt_preview="Inspect the assigned factory work."
--- PASS: TestFactoryUserPromptSubmitRebindsLaunchPendingPeer (0.97s)
=== RUN   TestFactoryBoundUserPromptSubmitDoesNotRewritePeer
2026/09/23 10:13:52 INFO user prompt submitted session_id=actual-user-prompt-session prompt_preview="Bind this real user turn."
    factory_messages_test.go:437: factory endpoint is launch-pending
--- FAIL: TestFactoryBoundUserPromptSubmitDoesNotRewritePeer (0.78s)
=== RUN   TestFactorySessionStartCannotRotateAuthoritativeUserPromptBinding
--- PASS: TestFactorySessionStartCannotRotateAuthoritativeUserPromptBinding (1.67s)
=== RUN   TestFactoryUserPromptSubmitRebindsLaunchPendingPeer
2026/09/23 10:13:54 INFO user prompt submitted session_id=actual-user-prompt-session prompt_preview=""
2026/09/23 10:13:54 INFO user prompt submitted session_id=actual-user-prompt-session prompt_preview=" \t\n "
2026/09/23 10:13:54 INFO user prompt submitted session_id=actual-user-prompt-session prompt_preview="Inspect the assigned factory work."
    factory_messages_test.go:419: factory endpoint is launch-pending
--- FAIL: TestFactoryUserPromptSubmitRebindsLaunchPendingPeer (1.10s)
=== RUN   TestFactoryBoundUserPromptSubmitDoesNotRewritePeer
2026/09/23 10:13:55 INFO user prompt submitted session_id=actual-user-prompt-session prompt_preview="Bind this real user turn."
2026/09/23 10:13:55 INFO user prompt submitted session_id=actual-user-prompt-session prompt_preview="Check the existing factory inbox."
--- PASS: TestFactoryBoundUserPromptSubmitDoesNotRewritePeer (0.83s)
=== RUN   TestFactorySessionStartCannotRotateAuthoritativeUserPromptBinding
--- PASS: TestFactorySessionStartCannotRotateAuthoritativeUserPromptBinding (1.35s)
=== RUN   TestFactoryUserPromptSubmitRebindsLaunchPendingPeer
2026/09/23 10:13:57 INFO user prompt submitted session_id=actual-user-prompt-session prompt_preview=""
2026/09/23 10:13:57 INFO user prompt submitted session_id=actual-user-prompt-session prompt_preview=" \t\n "
2026/09/23 10:13:57 INFO user prompt submitted session_id=actual-user-prompt-session prompt_preview="Inspect the assigned factory work."
--- PASS: TestFactoryUserPromptSubmitRebindsLaunchPendingPeer (0.74s)
=== RUN   TestFactoryBoundUserPromptSubmitDoesNotRewritePeer
2026/09/23 10:13:58 INFO user prompt submitted session_id=actual-user-prompt-session prompt_preview="Bind this real user turn."
2026/09/23 10:13:58 INFO user prompt submitted session_id=actual-user-prompt-session prompt_preview="Check the existing factory inbox."
--- PASS: TestFactoryBoundUserPromptSubmitDoesNotRewritePeer (0.79s)
FAIL
FAIL	github.com/modu-ai/moai-adk/internal/hook	22.233s
FAIL
