--- PASS: TestPruneLaunchLedgerAfterDisposal_ReportsPrunedCount (0.00s)
--- PASS: TestPruneLaunchLedgerAfterDisposal_SilentWhenNothingPruned (0.00s)
--- PASS: TestPruneLaunchLedgerAfterDisposal_WarnsOnError (0.00s)
--- PASS: TestPruneLaunchLedgerAfterDisposal_QuietFormSuppressesReportOnly (0.00s)
--- PASS: TestRunRemove_PrunesLaunchLedgerAfterSuccess (0.00s)
--- PASS: TestRunRemove_FailedRemovalSkipsPrune (0.00s)
--- PASS: TestRunDoneAuto_PrunesLaunchLedger (0.00s)
--- PASS: TestRunDone_InteractivePrunesLaunchLedger (0.00s)
--- PASS: TestRunClean_PlainPrunesLaunchLedger (0.00s)
--- PASS: TestCleanStaleApply_PrunesLaunchLedger (0.00s)
--- PASS: TestCleanStalePreview_DoesNotPrune (0.00s)
--- PASS: TestCleanStaleJSON_DoesNotPrune (0.00s)
--- PASS: TestCleanMergedOnly_PrunesLaunchLedger (0.00s)
--- PASS: TestRunRemove_RefusesWhenAnchoredSessionLive (0.00s)
--- PASS: TestRunRemove_ForceOverridesAnchorWarning (0.00s)
--- PASS: TestRunRemove_RemovesWhenNoAnchoredSession (0.00s)
--- PASS: TestRunRemove_Success (0.00s)
--- PASS: TestRunRemove_Error (0.00s)
PASS
ok  	github.com/modu-ai/moai-adk/internal/cli/worktree	0.261s
