=== RUN   TestGraphCheckCmd_StaleStderrNamesDrivingPaths
2026/09/14 00:01:51 WARN config sections directory not found, using defaults path=/var/folders/kt/nq2q81cn4gx3y41r7x47ggmr0000gn/T/TestGraphCheckCmd_StaleStderrNamesDrivingPaths1467203529/001/.moai/config/sections
--- PASS: TestGraphCheckCmd_StaleStderrNamesDrivingPaths (0.92s)
=== RUN   TestGraphCheckCmd_JSONCarriesAttribution
2026/09/14 00:01:52 WARN config sections directory not found, using defaults path=/var/folders/kt/nq2q81cn4gx3y41r7x47ggmr0000gn/T/TestGraphCheckCmd_JSONCarriesAttribution1785754316/001/.moai/config/sections
--- PASS: TestGraphCheckCmd_JSONCarriesAttribution (0.90s)
=== RUN   TestGraphCheckCmd_CitationsRowStaleExitsOne
2026/09/14 00:01:53 WARN config sections directory not found, using defaults path=/var/folders/kt/nq2q81cn4gx3y41r7x47ggmr0000gn/T/TestGraphCheckCmd_CitationsRowStaleExitsOne2140106587/001/.moai/config/sections
2026/09/14 00:01:53 WARN config sections directory not found, using defaults path=/var/folders/kt/nq2q81cn4gx3y41r7x47ggmr0000gn/T/TestGraphCheckCmd_CitationsRowStaleExitsOne2140106587/001/.moai/config/sections
--- PASS: TestGraphCheckCmd_CitationsRowStaleExitsOne (1.29s)
=== RUN   TestGraphCheckCmd_AllFreshExitZero
2026/09/14 00:01:54 WARN config sections directory not found, using defaults path=/var/folders/kt/nq2q81cn4gx3y41r7x47ggmr0000gn/T/TestGraphCheckCmd_AllFreshExitZero3945950409/001/.moai/config/sections
--- PASS: TestGraphCheckCmd_AllFreshExitZero (0.93s)
=== RUN   TestGraphCheckCmd_StaleExitsOne
2026/09/14 00:01:55 WARN config sections directory not found, using defaults path=/var/folders/kt/nq2q81cn4gx3y41r7x47ggmr0000gn/T/TestGraphCheckCmd_StaleExitsOne900292230/001/.moai/config/sections
--- PASS: TestGraphCheckCmd_StaleExitsOne (0.91s)
=== RUN   TestGraphCheckCmd_NotComparableExitsTwo
2026/09/14 00:01:56 WARN config sections directory not found, using defaults path=/var/folders/kt/nq2q81cn4gx3y41r7x47ggmr0000gn/T/TestGraphCheckCmd_NotComparableExitsTwo1937098050/001/.moai/config/sections
--- PASS: TestGraphCheckCmd_NotComparableExitsTwo (0.37s)
=== RUN   TestGraphCheckCmd_MalformedGateYamlExitsTwo
--- PASS: TestGraphCheckCmd_MalformedGateYamlExitsTwo (0.49s)
=== RUN   TestGraphCheckCmd_AbsentExitsOne
2026/09/14 00:01:57 WARN config sections directory not found, using defaults path=/var/folders/kt/nq2q81cn4gx3y41r7x47ggmr0000gn/T/TestGraphCheckCmd_AbsentExitsOne3067333254/001/.moai/config/sections
--- PASS: TestGraphCheckCmd_AbsentExitsOne (0.46s)
=== RUN   TestGraphStampCmd_ExplicitCommitRecordsResolvedSHA
--- PASS: TestGraphStampCmd_ExplicitCommitRecordsResolvedSHA (0.60s)
=== RUN   TestGraphStampCmd_ExplicitCommitShortRevResolvesFull
--- PASS: TestGraphStampCmd_ExplicitCommitShortRevResolvesFull (0.49s)
=== RUN   TestGraphStampCmd_UnresolvableCommitRejected
--- PASS: TestGraphStampCmd_UnresolvableCommitRejected (0.44s)
=== RUN   TestGraphStampCmd_CommitWithDirtyTreeRejectedPreWrite
--- PASS: TestGraphStampCmd_CommitWithDirtyTreeRejectedPreWrite (0.49s)
=== RUN   TestGraphStampCmd_FlaglessCharacterization
--- PASS: TestGraphStampCmd_FlaglessCharacterization (0.58s)
=== RUN   TestGraphStampCmd_LongTextCarriesRecipe
--- PASS: TestGraphStampCmd_LongTextCarriesRecipe (0.00s)
=== RUN   TestGraphStampCmd_ValidAndReplacement
--- PASS: TestGraphStampCmd_ValidAndReplacement (0.58s)
=== RUN   TestGraphStampCmd_FSErrorsCarryNoAbsolutePath
=== RUN   TestGraphStampCmd_FSErrorsCarryNoAbsolutePath/mkdir_blocked_by_a_file_at_the_codemaps_dir_path
=== RUN   TestGraphStampCmd_FSErrorsCarryNoAbsolutePath/write_blocked_by_a_directory_at_the_temp_path
=== RUN   TestGraphStampCmd_FSErrorsCarryNoAbsolutePath/rename_blocked_by_a_non-empty_directory_at_the_target_path
--- PASS: TestGraphStampCmd_FSErrorsCarryNoAbsolutePath (1.24s)
    --- PASS: TestGraphStampCmd_FSErrorsCarryNoAbsolutePath/mkdir_blocked_by_a_file_at_the_codemaps_dir_path (0.40s)
    --- PASS: TestGraphStampCmd_FSErrorsCarryNoAbsolutePath/write_blocked_by_a_directory_at_the_temp_path (0.44s)
    --- PASS: TestGraphStampCmd_FSErrorsCarryNoAbsolutePath/rename_blocked_by_a_non-empty_directory_at_the_target_path (0.40s)
=== RUN   TestGraphCheckCmd_ExistingNonAncestorStampExitsTwoWithRecovery
2026/09/14 00:02:02 WARN config sections directory not found, using defaults path=/var/folders/kt/nq2q81cn4gx3y41r7x47ggmr0000gn/T/TestGraphCheckCmd_ExistingNonAncestorStampExitsTwoWithRecovery2598463477/001/.moai/config/sections
--- PASS: TestGraphCheckCmd_ExistingNonAncestorStampExitsTwoWithRecovery (0.95s)
=== RUN   TestGraphCheckCmd_UnresolvableStampOmitsRegenerationAdvice
2026/09/14 00:02:03 WARN config sections directory not found, using defaults path=/var/folders/kt/nq2q81cn4gx3y41r7x47ggmr0000gn/T/TestGraphCheckCmd_UnresolvableStampOmitsRegenerationAdvice2609688374/001/.moai/config/sections
--- PASS: TestGraphCheckCmd_UnresolvableStampOmitsRegenerationAdvice (0.56s)
PASS
ok  	github.com/modu-ai/moai-adk/internal/cli	13.050s
