=== RUN   TestCheckCodemaps_Absent
=== RUN   TestCheckCodemaps_Absent/1_codemaps_directory_missing
=== RUN   TestCheckCodemaps_Absent/2_provenance_file_missing
=== RUN   TestCheckCodemaps_Absent/3_provenance_unparseable
=== RUN   TestCheckCodemaps_Absent/4_described_root_invalid
=== RUN   TestCheckCodemaps_Absent/5_dirty_path,_roots_unreadable
=== RUN   TestCheckCodemaps_Absent/6_clean_stamp_carries_no_commit_sha
=== RUN   TestCheckCodemaps_Absent/7_stamped_commit_not_comparable
--- PASS: TestCheckCodemaps_Absent (3.12s)
    --- PASS: TestCheckCodemaps_Absent/1_codemaps_directory_missing (0.47s)
    --- PASS: TestCheckCodemaps_Absent/2_provenance_file_missing (0.40s)
    --- PASS: TestCheckCodemaps_Absent/3_provenance_unparseable (0.48s)
    --- PASS: TestCheckCodemaps_Absent/4_described_root_invalid (0.43s)
    --- PASS: TestCheckCodemaps_Absent/5_dirty_path,_roots_unreadable (0.48s)
    --- PASS: TestCheckCodemaps_Absent/6_clean_stamp_carries_no_commit_sha (0.39s)
    --- PASS: TestCheckCodemaps_Absent/7_stamped_commit_not_comparable (0.46s)
=== RUN   TestCheckCodemaps_Contribution
=== RUN   TestCheckCodemaps_Contribution/inheriting_merge_contributes_nothing_while_the_cumulative_is_red
=== RUN   TestCheckCodemaps_Contribution/no_first_parent_reports_the_contribution_absent,_never_0
--- PASS: TestCheckCodemaps_Contribution (2.47s)
    --- PASS: TestCheckCodemaps_Contribution/inheriting_merge_contributes_nothing_while_the_cumulative_is_red (1.60s)
    --- PASS: TestCheckCodemaps_Contribution/no_first_parent_reports_the_contribution_absent,_never_0 (0.88s)
=== RUN   TestCheckCodemaps_DrivingPaths
=== RUN   TestCheckCodemaps_DrivingPaths/over_the_display_bound,_the_listing_truncates_and_declares_the_overflow
=== RUN   TestCheckCodemaps_DrivingPaths/under_the_display_bound,_every_driving_path_is_listed_and_nothing_is_omitted
--- PASS: TestCheckCodemaps_DrivingPaths (1.70s)
    --- PASS: TestCheckCodemaps_DrivingPaths/over_the_display_bound,_the_listing_truncates_and_declares_the_overflow (0.87s)
    --- PASS: TestCheckCodemaps_DrivingPaths/under_the_display_bound,_every_driving_path_is_listed_and_nothing_is_omitted (0.83s)
=== RUN   TestCheckFreshness_RevertedChurnCountsZero
--- PASS: TestCheckFreshness_RevertedChurnCountsZero (0.83s)
=== RUN   TestCheckFreshness_DescribedRootsScopeFidelity
--- PASS: TestCheckFreshness_DescribedRootsScopeFidelity (1.23s)
=== RUN   TestCheckFreshness_ThresholdBoundaryOneBelowFresh
--- PASS: TestCheckFreshness_ThresholdBoundaryOneBelowFresh (1.37s)
=== RUN   TestCheckCodemaps_BareRestampStaysStale
--- PASS: TestCheckCodemaps_BareRestampStaysStale (1.40s)
=== RUN   TestCheckCodemaps_UncommittedRegenerationIsFresh
--- PASS: TestCheckCodemaps_UncommittedRegenerationIsFresh (1.16s)
=== RUN   TestCheckCodemaps_CommittedRegenerationIsFresh
--- PASS: TestCheckCodemaps_CommittedRegenerationIsFresh (1.40s)
=== RUN   TestCheckCodemaps_RuleBAnchorIsAncestorOfStamp
--- PASS: TestCheckCodemaps_RuleBAnchorIsAncestorOfStamp (1.27s)
=== RUN   TestCheckCodemaps_BodyAbsentIsAbsentWithoutError
--- PASS: TestCheckCodemaps_BodyAbsentIsAbsentWithoutError (0.78s)
=== RUN   TestCheckCodemaps_UntrackedBodyResolvesViaRuleA
--- PASS: TestCheckCodemaps_UntrackedBodyResolvesViaRuleA (0.82s)
=== RUN   TestCheckCodemaps_DirtyPathCarriesNoAnchor
--- PASS: TestCheckCodemaps_DirtyPathCarriesNoAnchor (0.45s)
=== RUN   TestCheckFreshness_AllFresh
--- PASS: TestCheckFreshness_AllFresh (0.96s)
=== RUN   TestCheckFreshness_AgedLayerFails
--- PASS: TestCheckFreshness_AgedLayerFails (1.10s)
=== RUN   TestCheckFreshness_NotComparableIsSystemError
--- PASS: TestCheckFreshness_NotComparableIsSystemError (0.65s)
=== RUN   TestCheckFreshness_NoProvenanceIsNotFresh
--- PASS: TestCheckFreshness_NoProvenanceIsNotFresh (0.63s)
=== RUN   TestCheckFreshness_DirtyGenerationAnchor
--- PASS: TestCheckFreshness_DirtyGenerationAnchor (0.58s)
PASS
ok  	github.com/modu-ai/moai-adk/internal/graph	22.430s
