codemaps  metric=described-source-diff value=256 threshold=40 verdict=stale
mx-index  metric=inventory-content-diff value=0 threshold=1 verdict=absent  (mx-index absent (untracked runtime artifact — fresh worktree state))
edges     metric=source-fingerprint-mismatch value=0 threshold=0 verdict=absent  (edges.jsonl absent (untracked derived artifact — fresh worktree state))
citations metric=positive-cited-path-absence value=0 threshold=0 verdict=fresh
graph check: layer codemaps verdict=stale value=256 threshold=40 — 
  measured from: f7b491954 (working-tree-differs-from-stamp)
  contribution: 2 described-worthy file(s) vs first parent b6e84fe5c (originated by this change)
    internal/cli/cc.go
    internal/cli/cg.go
    internal/cli/claude_binary.go
    internal/cli/codex_contract.go
    internal/cli/codex_init.go
    internal/cli/codex_launcher.go
    internal/cli/codex_readiness.go
    internal/cli/codex_skills_disable.go
    internal/cli/constitution.go
    internal/cli/crosssession_settings.go
    ... and 246 more (listing bounded)
graph check: layer mx-index verdict=absent value=0 threshold=1 — mx-index absent (untracked runtime artifact — fresh worktree state)
graph check: layer edges verdict=absent value=0 threshold=0 — edges.jsonl absent (untracked derived artifact — fresh worktree state)
