codemaps  metric=described-source-diff value=45 threshold=40 verdict=stale
mx-index  metric=inventory-content-diff value=94 threshold=1 verdict=stale  (94 inventoried file(s) changed content)
edges     metric=source-fingerprint-mismatch value=2 threshold=0 verdict=stale  (source set(s) moved: reports, specs)
citations metric=positive-cited-path-absence value=0 threshold=0 verdict=fresh
graph check: layer codemaps verdict=stale value=45 threshold=40 — 
  measured from: 7097e6e21 (working-tree-differs-from-stamp)
  contribution: 43 described-worthy file(s) vs first parent dd0e8adb2 (originated by this change)
    cmd/t657-merge/main.go
    internal/cli/codex_skills_disable.go
    internal/cli/doctor.go
    internal/cli/doctor_flag_slot.go
    internal/cli/gateway_child.go
    internal/cli/gateway_factory.go
    internal/cli/gateway_ui_state.go
    internal/cli/gpt_auth.go
    internal/cli/graph_check.go
    internal/cli/migrate_cg.go
    ... and 35 more (listing bounded)
graph check: layer mx-index verdict=stale value=94 threshold=1 — 94 inventoried file(s) changed content
graph check: layer edges verdict=stale value=2 threshold=0 — source set(s) moved: reports, specs
