=== RUN   TestCoverageSiblingTable_HeaderColumnWithSameCellExpansion
    lint_coverage_sibling_table_test.go:48: uncovered REQs = [REQ-CST-001-001 REQ-CST-001-002 REQ-CST-001-003], want none
--- FAIL: TestCoverageSiblingTable_HeaderColumnWithSameCellExpansion (0.31s)
=== RUN   TestCoverageSiblingTable_OnlyHeaderColumnsAndOnlySameCell
    lint_coverage_sibling_table_test.go:67: uncovered REQs = [REQ-CST-002-001 REQ-CST-002-002 REQ-CST-002-003], want [REQ-CST-002-002 REQ-CST-002-003]
--- FAIL: TestCoverageSiblingTable_OnlyHeaderColumnsAndOnlySameCell (0.34s)
=== RUN   TestCoverageSiblingTable_RowWithoutACIsNotCoverage
    lint_coverage_sibling_table_test.go:82: uncovered REQs = [REQ-CST-004-001 REQ-CST-004-002], want [REQ-CST-004-002]
--- FAIL: TestCoverageSiblingTable_RowWithoutACIsNotCoverage (0.38s)
=== RUN   TestCoverageSiblingTable_UnidentifiedHeaderCollectsNothing
--- PASS: TestCoverageSiblingTable_UnidentifiedHeaderCollectsNothing (0.37s)
=== RUN   TestCoverageSibling_CoveredByAcceptanceMD
--- PASS: TestCoverageSibling_CoveredByAcceptanceMD (0.37s)
=== RUN   TestCoverageSibling_UncoveredStillFires
--- PASS: TestCoverageSibling_UncoveredStillFires (0.42s)
=== RUN   TestCoverageSibling_NoAcceptanceArtifact
--- PASS: TestCoverageSibling_NoAcceptanceArtifact (0.46s)
FAIL
FAIL	github.com/modu-ai/moai-adk/internal/spec	3.034s
FAIL
