=== RUN   TestResumeAttachesOwnedThreadWithoutRebuild
--- PASS: TestResumeAttachesOwnedThreadWithoutRebuild (2.08s)
=== RUN   TestResumeRejectsLegacyBarrierRecord
--- PASS: TestResumeRejectsLegacyBarrierRecord (0.82s)
=== RUN   TestResumeRejectsIncompleteBarrier
--- PASS: TestResumeRejectsIncompleteBarrier (1.52s)
=== RUN   TestResumeRejectsForeignBindings
=== RUN   TestResumeRejectsForeignBindings/unknown-conversation
=== RUN   TestResumeRejectsForeignBindings/foreign-account
=== RUN   TestResumeRejectsForeignBindings/wrong-prefix
=== RUN   TestResumeRejectsForeignBindings/wrong-model
=== RUN   TestResumeRejectsForeignBindings/wrong-cwd
=== RUN   TestResumeRejectsForeignBindings/caller-thread-assert
--- PASS: TestResumeRejectsForeignBindings (5.84s)
    --- PASS: TestResumeRejectsForeignBindings/unknown-conversation (1.02s)
    --- PASS: TestResumeRejectsForeignBindings/foreign-account (0.41s)
    --- PASS: TestResumeRejectsForeignBindings/wrong-prefix (0.93s)
    --- PASS: TestResumeRejectsForeignBindings/wrong-model (0.59s)
    --- PASS: TestResumeRejectsForeignBindings/wrong-cwd (1.38s)
    --- PASS: TestResumeRejectsForeignBindings/caller-thread-assert (1.52s)
PASS
ok  	github.com/modu-ai/moai-adk/internal/codexbridge	10.619s
