# github.com/modu-ai/moai-adk/internal/gateway/conversation [github.com/modu-ai/moai-adk/internal/gateway/conversation.test]
internal/gateway/conversation/fork_test.go:37:14: m.ForkAt undefined (type *Manager has no field or method ForkAt)
internal/gateway/conversation/fork_test.go:66:17: m.ForkAt undefined (type *Manager has no field or method ForkAt)
internal/gateway/conversation/fork_test.go:69:17: m.ForkAt undefined (type *Manager has no field or method ForkAt)
internal/gateway/conversation/fork_test.go:72:17: m.ForkAt undefined (type *Manager has no field or method ForkAt)
# github.com/modu-ai/moai-adk/internal/gateway/receipt [github.com/modu-ai/moai-adk/internal/gateway/receipt.test]
internal/gateway/receipt/fork_test.go:33:17: m.ForkAt undefined (type *Manifest has no field or method ForkAt)
internal/gateway/receipt/fork_test.go:58:17: m.ForkAt undefined (type *Manifest has no field or method ForkAt)
internal/gateway/receipt/fork_test.go:61:17: m.ForkAt undefined (type *Manifest has no field or method ForkAt)
internal/gateway/receipt/fork_test.go:68:22: broken.ForkAt undefined (type *Manifest has no field or method ForkAt)
internal/gateway/receipt/fork_test.go:78:22: looped.ForkAt undefined (type *Manifest has no field or method ForkAt)
internal/gateway/receipt/fork_test.go:81:17: m.ForkAt undefined (type *Manifest has no field or method ForkAt)
internal/gateway/receipt/fork_test.go:92:19: m.ForkAt undefined (type *Manifest has no field or method ForkAt)
internal/gateway/receipt/fork_test.go:114:17: m.ForkAt undefined (type *Manifest has no field or method ForkAt)
FAIL	github.com/modu-ai/moai-adk/internal/gateway/receipt [build failed]
FAIL	github.com/modu-ai/moai-adk/internal/gateway/conversation [build failed]
# github.com/modu-ai/moai-adk/internal/codexbridge [github.com/modu-ai/moai-adk/internal/codexbridge.test]
internal/codexbridge/fork_test.go:52:4: q.Fork undefined (type Request has no field or method Fork)
internal/codexbridge/fork_test.go:90:5: q.Fork undefined (type Request has no field or method Fork)
internal/codexbridge/fork_test.go:105:5: q.Fork undefined (type Request has no field or method Fork)
FAIL	github.com/modu-ai/moai-adk/internal/codexbridge [build failed]
FAIL
