=== RUN   TestCodexSkillPathBackslashSymmetry
=== RUN   TestCodexSkillPathBackslashSymmetry/home_relative_arm_matches_relative_arm
=== RUN   TestCodexSkillPathBackslashSymmetry/both_arms_are_oddly_formed
--- PASS: TestCodexSkillPathBackslashSymmetry (0.00s)
    --- PASS: TestCodexSkillPathBackslashSymmetry/home_relative_arm_matches_relative_arm (0.00s)
    --- PASS: TestCodexSkillPathBackslashSymmetry/both_arms_are_oddly_formed (0.00s)
=== RUN   TestCodexSkillPathPreservedShapes
=== RUN   TestCodexSkillPathPreservedShapes/posix_absolute_with_backslash
=== RUN   TestCodexSkillPathPreservedShapes/other_user_home
=== RUN   TestCodexSkillPathPreservedShapes/plain_relative
=== RUN   TestCodexSkillPathPreservedShapes/clean_home_relative
--- PASS: TestCodexSkillPathPreservedShapes (0.00s)
    --- PASS: TestCodexSkillPathPreservedShapes/posix_absolute_with_backslash (0.00s)
    --- PASS: TestCodexSkillPathPreservedShapes/other_user_home (0.00s)
    --- PASS: TestCodexSkillPathPreservedShapes/plain_relative (0.00s)
    --- PASS: TestCodexSkillPathPreservedShapes/clean_home_relative (0.00s)
=== RUN   TestJudgeCodexSkillEntryRefusesHomeRelativeBackslash
=== RUN   TestJudgeCodexSkillEntryRefusesHomeRelativeBackslash/refuses_before_stat
=== RUN   TestJudgeCodexSkillEntryRefusesHomeRelativeBackslash/positive_control_clean_path_does_stat_once
--- PASS: TestJudgeCodexSkillEntryRefusesHomeRelativeBackslash (0.00s)
    --- PASS: TestJudgeCodexSkillEntryRefusesHomeRelativeBackslash/refuses_before_stat (0.00s)
    --- PASS: TestJudgeCodexSkillEntryRefusesHomeRelativeBackslash/positive_control_clean_path_does_stat_once (0.00s)
=== RUN   TestCodexBackslashRefusalIsSymmetricAcrossReadAndWrite
--- PASS: TestCodexBackslashRefusalIsSymmetricAcrossReadAndWrite (0.00s)
=== RUN   TestJudgeCodexSkillEntryBackslashHomeStillExpands
--- PASS: TestJudgeCodexSkillEntryBackslashHomeStillExpands (0.00s)
PASS
ok  	github.com/modu-ai/moai-adk/internal/cli	4.648s
