=== RUN   TestCodexSkillPathBackslashSymmetry
=== RUN   TestCodexSkillPathBackslashSymmetry/home_relative_arm_matches_relative_arm
=== RUN   TestCodexSkillPathBackslashSymmetry/both_arms_are_oddly_formed
--- PASS: TestCodexSkillPathBackslashSymmetry (0.00s)
    --- PASS: TestCodexSkillPathBackslashSymmetry/home_relative_arm_matches_relative_arm (0.00s)
    --- PASS: TestCodexSkillPathBackslashSymmetry/both_arms_are_oddly_formed (0.00s)
=== RUN   TestCodexSkillPathPreservedShapes
=== RUN   TestCodexSkillPathPreservedShapes/posix_absolute_with_backslash
    codex_skills_path_shape_test.go:114: "/tmp/a\\b" classified codexPathOddlyFormed, want codexPathAbsolute
=== RUN   TestCodexSkillPathPreservedShapes/other_user_home
=== RUN   TestCodexSkillPathPreservedShapes/plain_relative
=== RUN   TestCodexSkillPathPreservedShapes/clean_home_relative
--- FAIL: TestCodexSkillPathPreservedShapes (0.00s)
    --- FAIL: TestCodexSkillPathPreservedShapes/posix_absolute_with_backslash (0.00s)
    --- PASS: TestCodexSkillPathPreservedShapes/other_user_home (0.00s)
    --- PASS: TestCodexSkillPathPreservedShapes/plain_relative (0.00s)
    --- PASS: TestCodexSkillPathPreservedShapes/clean_home_relative (0.00s)
FAIL
FAIL	github.com/modu-ai/moai-adk/internal/cli	0.860s
FAIL
