=== RUN   TestCodexSkillPathBackslashSymmetry
=== RUN   TestCodexSkillPathBackslashSymmetry/home_relative_arm_matches_relative_arm
    codex_skills_path_shape_test.go:73: asymmetry: "~/x\\SKILL.md" classified codexPathHomeRelative but "x\\SKILL.md" classified codexPathOddlyFormed — the same backslash must receive the same verdict in both declaration forms
=== RUN   TestCodexSkillPathBackslashSymmetry/both_arms_are_oddly_formed
    codex_skills_path_shape_test.go:80: "~/x\\SKILL.md" classified codexPathHomeRelative, want codexPathOddlyFormed
--- FAIL: TestCodexSkillPathBackslashSymmetry (0.00s)
    --- FAIL: TestCodexSkillPathBackslashSymmetry/home_relative_arm_matches_relative_arm (0.00s)
    --- FAIL: TestCodexSkillPathBackslashSymmetry/both_arms_are_oddly_formed (0.00s)
=== RUN   TestCodexSkillPathPreservedShapes
=== RUN   TestCodexSkillPathPreservedShapes/posix_absolute_with_backslash
=== RUN   TestCodexSkillPathPreservedShapes/other_user_home
=== RUN   TestCodexSkillPathPreservedShapes/plain_relative
=== RUN   TestCodexSkillPathPreservedShapes/clean_home_relative
--- PASS: TestCodexSkillPathPreservedShapes (0.00s)
    --- PASS: TestCodexSkillPathPreservedShapes/posix_absolute_with_backslash (0.00s)
    --- PASS: TestCodexSkillPathPreservedShapes/other_user_home (0.00s)
    --- PASS: TestCodexSkillPathPreservedShapes/plain_relative (0.00s)
    --- PASS: TestCodexSkillPathPreservedShapes/clean_home_relative (0.00s)
=== RUN   TestJudgeCodexSkillEntryRefusesHomeRelativeBackslash
=== RUN   TestJudgeCodexSkillEntryRefusesHomeRelativeBackslash/refuses_before_stat
    codex_skills_path_shape_test.go:163: Eligible = true for a backslash-bearing home-relative declaration; a deletion verdict must not be reachable here
=== RUN   TestJudgeCodexSkillEntryRefusesHomeRelativeBackslash/positive_control_clean_path_does_stat_once
--- FAIL: TestJudgeCodexSkillEntryRefusesHomeRelativeBackslash (0.00s)
    --- FAIL: TestJudgeCodexSkillEntryRefusesHomeRelativeBackslash/refuses_before_stat (0.00s)
    --- PASS: TestJudgeCodexSkillEntryRefusesHomeRelativeBackslash/positive_control_clean_path_does_stat_once (0.00s)
FAIL
FAIL	github.com/modu-ai/moai-adk/internal/cli	0.865s
FAIL
