┃ 要降级吗？v9.9.9 → v1.0.0                                                     
┃ 请求的标签比当前运行的版本旧。                                                
┃                                                                               
┃ 是   否                                                                       

←/→ 切换 • enter 提交 • y 是 • n 否