┃ 다운그레이드할까요? v9.9.9 → v1.0.0                                           
┃ 요청한 태그가 지금 실행 중인 버전보다 오래되었습니다.                         
┃                                                                               
┃ 예   아니오                                                                   

←/→ 전환 • enter 제출 • y 예 • n 아니오