  ● ○ ○ ○ ○ 1 / 5                                                               
┃ 会話言語を選択                                                                
┃ MoAIが会話に使用する言語です。ウィザードは直ちにその言語に切り替わります。    
┃ ▸ English           - English                                                 
┃   Korean (한국어)   - 한국어                                                  
┃   Japanese (日本語) - 日本語                                                  
┃   Chinese (中文)    - 中文                                                    
┃                                                                               
  お名前を入力                                                                  
  MoAIがあなたを呼ぶ名前です。user.yaml（user.                                  
  name）に保存されます。空欄でスキップできます。                                
  >                                                                             
                                                                                
                                                                                
                                                                                

↑ 上 • ↓ 下 • / 絞り込み • enter 選択