  ● ○ ○ ○ 1 / 4                                                                 
┃ 대화 언어 선택                                                                
┃ MoAI가 대화할 때 사용하는 언어입니다. 마법사가 즉시 해당 언어로 전환됩니다.   
┃ ▸ English           - English                                                 
┃   Korean (한국어)   - 한국어                                                  
┃   Japanese (日本語) - 日本語                                                  
┃   Chinese (中文)    - 中文                                                    
┃                                                                               
  이름 입력                                                                     
  MoAI가 부를 이름입니다. user.yaml(user.name)에 저장됩니다. 비워두면           
  건너뜁니다.                                                                   
  >                                                                             
                                                                                
                                                                                
                                                                                

↑ 위 • ↓ 아래 • / 검색 • enter 선택