  ● ○ ○ ○ ○ ○ 1 / 6                                                             
┃ 选择对话语言                                                                  
┃ MoAI 与您交流时使用的语言。向导会立即切换到该语言。                           
┃ ▸ English           - English                                                 
┃   Korean (한국어)   - 한국어                                                  
┃   Japanese (日本語) - 日本語                                                  
┃   Chinese (中文)    - 中文                                                    
┃                                                                               
  输入您的姓名                                                                  
  MoAI 对您的称呼。保存到 user.yaml（user.name）。留空则跳过。                  
  >                                                                             
  输入项目名称                                                                  
  项目的名称。                                                                  
  > help-surfaces                                                               

↑ 上 • ↓ 下 • / 筛选 • enter 选择