  ● ○ ○ ○ ○ ○ 1 / 6                                                             
┃ Select conversation language                                                  
┃ The language MoAI uses when talking with you. The wizard switches to it       
┃ immediately.                                                                  
┃ ▸ English           - English                                                 
┃   Korean (한국어)   - 한국어                                                  
┃   Japanese (日本語) - 日本語                                                  
┃   Chinese (中文)    - 中文                                                    
  Enter your name                                                               
  How MoAI addresses you. Persisted to user.yaml (user.name). Leave empty to    
  skip.                                                                         
  >                                                                             
  Enter project name                                                            
  The name of your project.                                                     
  > help-surfaces                                                               

↑ up • ↓ down • / filter • enter select