  [38;2;154;163;160m○[m Version Check: Checking template version......[2K  [38;2;91;191;154m✓[m Version check complete
  [38;2;154;163;160m○[m Loading Templates: Reading embedded templates......[2K  [38;2;91;191;154m✓[m Templates loaded
  [38;2;154;163;160m○[m Loading Manifest: Reading project manifest......[2K  [38;2;91;191;154m✓[m Manifest loaded
[38;2;92;199;201m·[m Found 26 files to sync
