mode: set
github.com/modu-ai/moai-adk/internal/profile/preferences.go:72.46,73.41 1 0
github.com/modu-ai/moai-adk/internal/profile/preferences.go:73.41,74.16 1 0
github.com/modu-ai/moai-adk/internal/profile/preferences.go:74.16,76.4 1 0
github.com/modu-ai/moai-adk/internal/profile/preferences.go:78.2,78.14 1 0
github.com/modu-ai/moai-adk/internal/profile/preferences.go:90.52,92.87 2 1
github.com/modu-ai/moai-adk/internal/profile/preferences.go:92.87,94.3 1 1
github.com/modu-ai/moai-adk/internal/profile/preferences.go:95.2,95.61 1 1
github.com/modu-ai/moai-adk/internal/profile/preferences.go:100.39,102.41 2 1
github.com/modu-ai/moai-adk/internal/profile/preferences.go:102.41,104.3 1 1
github.com/modu-ai/moai-adk/internal/profile/preferences.go:106.2,108.47 3 1
github.com/modu-ai/moai-adk/internal/profile/preferences.go:108.47,110.3 1 1
github.com/modu-ai/moai-adk/internal/profile/preferences.go:111.2,111.14 1 1
github.com/modu-ai/moai-adk/internal/profile/preferences.go:117.70,122.16 4 1
github.com/modu-ai/moai-adk/internal/profile/preferences.go:122.16,123.25 1 1
github.com/modu-ai/moai-adk/internal/profile/preferences.go:123.25,125.4 1 1
github.com/modu-ai/moai-adk/internal/profile/preferences.go:126.3,126.71 1 0
github.com/modu-ai/moai-adk/internal/profile/preferences.go:128.2,129.53 2 1
github.com/modu-ai/moai-adk/internal/profile/preferences.go:129.53,131.3 1 1
github.com/modu-ai/moai-adk/internal/profile/preferences.go:135.2,135.48 1 1
github.com/modu-ai/moai-adk/internal/profile/preferences.go:135.48,137.3 1 0
github.com/modu-ai/moai-adk/internal/profile/preferences.go:139.2,139.19 1 1
github.com/modu-ai/moai-adk/internal/profile/preferences.go:144.51,149.44 3 1
github.com/modu-ai/moai-adk/internal/profile/preferences.go:149.44,151.3 1 1
github.com/modu-ai/moai-adk/internal/profile/preferences.go:152.2,152.44 1 1
github.com/modu-ai/moai-adk/internal/profile/preferences.go:152.44,154.3 1 1
github.com/modu-ai/moai-adk/internal/profile/preferences.go:155.2,155.33 1 1
github.com/modu-ai/moai-adk/internal/profile/preferences.go:166.75,167.38 1 1
github.com/modu-ai/moai-adk/internal/profile/preferences.go:167.38,169.3 1 1
github.com/modu-ai/moai-adk/internal/profile/preferences.go:170.2,171.63 2 1
github.com/modu-ai/moai-adk/internal/profile/preferences.go:171.63,173.3 1 0
github.com/modu-ai/moai-adk/internal/profile/preferences.go:174.2,175.16 2 1
github.com/modu-ai/moai-adk/internal/profile/preferences.go:175.16,177.3 1 0
github.com/modu-ai/moai-adk/internal/profile/preferences.go:178.2,178.56 1 1
github.com/modu-ai/moai-adk/internal/profile/preferences.go:178.56,180.3 1 0
github.com/modu-ai/moai-adk/internal/profile/preferences.go:181.2,181.12 1 1
github.com/modu-ai/moai-adk/internal/profile/profile.go:55.26,56.27 1 1
github.com/modu-ai/moai-adk/internal/profile/profile.go:56.27,58.3 1 1
github.com/modu-ai/moai-adk/internal/profile/profile.go:59.2,60.16 2 1
github.com/modu-ai/moai-adk/internal/profile/profile.go:60.16,63.3 2 0
github.com/modu-ai/moai-adk/internal/profile/profile.go:64.2,64.41 1 1
github.com/modu-ai/moai-adk/internal/profile/profile.go:77.30,79.2 1 1
github.com/modu-ai/moai-adk/internal/profile/profile.go:94.58,96.21 2 1
github.com/modu-ai/moai-adk/internal/profile/profile.go:96.21,101.74 1 1
github.com/modu-ai/moai-adk/internal/profile/profile.go:101.74,103.4 1 1
github.com/modu-ai/moai-adk/internal/profile/profile.go:104.3,104.19 1 1
github.com/modu-ai/moai-adk/internal/profile/profile.go:107.2,110.62 3 1
github.com/modu-ai/moai-adk/internal/profile/profile.go:110.62,112.3 1 1
github.com/modu-ai/moai-adk/internal/profile/profile.go:114.2,115.17 2 1
github.com/modu-ai/moai-adk/internal/profile/profile.go:125.28,136.16 6 1
github.com/modu-ai/moai-adk/internal/profile/profile.go:136.16,138.3 1 0
github.com/modu-ai/moai-adk/internal/profile/profile.go:140.2,140.35 1 1
github.com/modu-ai/moai-adk/internal/profile/profile.go:140.35,141.21 1 1
github.com/modu-ai/moai-adk/internal/profile/profile.go:141.21,142.12 1 1
github.com/modu-ai/moai-adk/internal/profile/profile.go:144.3,148.5 2 1
github.com/modu-ai/moai-adk/internal/profile/profile.go:151.2,151.16 1 1
github.com/modu-ai/moai-adk/internal/profile/profile.go:156.32,157.23 1 1
github.com/modu-ai/moai-adk/internal/profile/profile.go:157.23,159.3 1 1
github.com/modu-ai/moai-adk/internal/profile/profile.go:161.2,163.55 2 1
github.com/modu-ai/moai-adk/internal/profile/profile.go:163.55,165.3 1 1
github.com/modu-ai/moai-adk/internal/profile/profile.go:167.2,168.28 2 1
github.com/modu-ai/moai-adk/internal/profile/profile.go:168.28,171.3 2 0
github.com/modu-ai/moai-adk/internal/profile/profile.go:173.2,173.49 1 1
github.com/modu-ai/moai-adk/internal/profile/profile.go:173.49,175.3 1 0
github.com/modu-ai/moai-adk/internal/profile/profile.go:177.2,178.12 2 1
github.com/modu-ai/moai-adk/internal/profile/profile.go:187.40,188.37 1 1
github.com/modu-ai/moai-adk/internal/profile/profile.go:188.37,190.3 1 0
github.com/modu-ai/moai-adk/internal/profile/profile.go:191.2,191.31 1 1
github.com/modu-ai/moai-adk/internal/profile/profile.go:191.31,193.3 1 1
github.com/modu-ai/moai-adk/internal/profile/profile.go:194.2,194.42 1 1
github.com/modu-ai/moai-adk/internal/profile/profile.go:201.43,203.56 1 1
github.com/modu-ai/moai-adk/internal/profile/profile.go:203.56,205.3 1 1
github.com/modu-ai/moai-adk/internal/profile/profile.go:206.2,206.13 1 1
github.com/modu-ai/moai-adk/internal/profile/profile.go:213.43,215.2 1 0
github.com/modu-ai/moai-adk/internal/profile/profile.go:219.35,220.37 1 1
github.com/modu-ai/moai-adk/internal/profile/profile.go:220.37,222.3 1 1
github.com/modu-ai/moai-adk/internal/profile/profile.go:224.2,224.31 1 1
github.com/modu-ai/moai-adk/internal/profile/profile.go:224.31,226.3 1 0
github.com/modu-ai/moai-adk/internal/profile/profile.go:227.2,228.54 2 1
github.com/modu-ai/moai-adk/internal/profile/profile.go:228.54,230.3 1 0
github.com/modu-ai/moai-adk/internal/profile/profile.go:231.2,231.67 1 1
github.com/modu-ai/moai-adk/internal/profile/profile.go:231.67,233.3 1 0
github.com/modu-ai/moai-adk/internal/profile/profile.go:234.2,234.12 1 1
github.com/modu-ai/moai-adk/internal/profile/profile.go:255.54,257.2 1 1
github.com/modu-ai/moai-adk/internal/profile/profile.go:268.53,269.23 1 1
github.com/modu-ai/moai-adk/internal/profile/profile.go:269.23,271.3 1 1
github.com/modu-ai/moai-adk/internal/profile/profile.go:272.2,273.65 2 1
github.com/modu-ai/moai-adk/internal/profile/profile.go:273.65,275.3 1 1
github.com/modu-ai/moai-adk/internal/profile/profile.go:276.2,276.16 1 0
github.com/modu-ai/moai-adk/internal/profile/profile.go:297.75,298.34 1 1
github.com/modu-ai/moai-adk/internal/profile/profile.go:298.34,300.3 1 0
github.com/modu-ai/moai-adk/internal/profile/profile.go:301.2,301.32 1 1
github.com/modu-ai/moai-adk/internal/profile/profile.go:301.32,303.3 1 1
github.com/modu-ai/moai-adk/internal/profile/profile.go:305.2,306.16 2 1
github.com/modu-ai/moai-adk/internal/profile/profile.go:306.16,308.3 1 1
github.com/modu-ai/moai-adk/internal/profile/profile.go:316.2,317.34 2 1
github.com/modu-ai/moai-adk/internal/profile/profile.go:317.34,319.3 1 1
github.com/modu-ai/moai-adk/internal/profile/profile.go:320.2,324.39 4 1
github.com/modu-ai/moai-adk/internal/profile/profile.go:324.39,326.17 2 1
github.com/modu-ai/moai-adk/internal/profile/profile.go:326.17,327.12 1 0
github.com/modu-ai/moai-adk/internal/profile/profile.go:329.3,329.40 1 1
github.com/modu-ai/moai-adk/internal/profile/profile.go:329.40,330.12 1 1
github.com/modu-ai/moai-adk/internal/profile/profile.go:332.3,332.20 1 1
github.com/modu-ai/moai-adk/internal/profile/profile.go:332.20,334.12 2 1
github.com/modu-ai/moai-adk/internal/profile/profile.go:341.3,341.85 1 1
github.com/modu-ai/moai-adk/internal/profile/profile.go:341.85,343.4 1 1
github.com/modu-ai/moai-adk/internal/profile/profile.go:346.2,346.20 1 1
github.com/modu-ai/moai-adk/internal/profile/profile.go:346.20,353.3 1 1
github.com/modu-ai/moai-adk/internal/profile/profile.go:355.2,355.31 1 1
github.com/modu-ai/moai-adk/internal/profile/profile.go:360.29,363.2 2 1
github.com/modu-ai/moai-adk/internal/profile/profile.go:387.91,388.37 1 1
github.com/modu-ai/moai-adk/internal/profile/profile.go:388.37,390.3 1 0
github.com/modu-ai/moai-adk/internal/profile/profile.go:391.2,391.58 1 1
github.com/modu-ai/moai-adk/internal/profile/profile.go:391.58,392.33 1 1
github.com/modu-ai/moai-adk/internal/profile/profile.go:392.33,393.61 1 1
github.com/modu-ai/moai-adk/internal/profile/profile.go:393.61,394.80 1 1
github.com/modu-ai/moai-adk/internal/profile/profile.go:394.80,396.6 1 1
github.com/modu-ai/moai-adk/internal/profile/profile.go:399.3,399.49 1 1
github.com/modu-ai/moai-adk/internal/profile/profile.go:399.49,401.4 1 1
github.com/modu-ai/moai-adk/internal/profile/profile.go:408.63,410.16 2 1
github.com/modu-ai/moai-adk/internal/profile/profile.go:410.16,412.3 1 1
github.com/modu-ai/moai-adk/internal/profile/profile.go:413.2,414.54 2 1
github.com/modu-ai/moai-adk/internal/profile/profile.go:414.54,416.3 1 0
github.com/modu-ai/moai-adk/internal/profile/profile.go:417.2,417.20 1 1
github.com/modu-ai/moai-adk/internal/profile/profile.go:424.57,425.45 1 1
github.com/modu-ai/moai-adk/internal/profile/profile.go:425.45,427.3 1 0
github.com/modu-ai/moai-adk/internal/profile/profile.go:428.2,429.35 2 1
github.com/modu-ai/moai-adk/internal/profile/profile.go:450.77,452.23 1 1
github.com/modu-ai/moai-adk/internal/profile/profile.go:452.23,454.3 1 1
github.com/modu-ai/moai-adk/internal/profile/profile.go:457.2,457.51 1 1
github.com/modu-ai/moai-adk/internal/profile/profile.go:457.51,459.3 1 1
github.com/modu-ai/moai-adk/internal/profile/profile.go:461.2,463.16 3 1
github.com/modu-ai/moai-adk/internal/profile/profile.go:463.16,465.3 1 1
github.com/modu-ai/moai-adk/internal/profile/profile.go:467.2,467.56 1 1
github.com/modu-ai/moai-adk/internal/profile/profile.go:467.56,468.63 1 1
github.com/modu-ai/moai-adk/internal/profile/profile.go:468.63,469.63 1 1
github.com/modu-ai/moai-adk/internal/profile/profile.go:469.63,470.92 1 1
github.com/modu-ai/moai-adk/internal/profile/profile.go:470.92,472.6 1 1
github.com/modu-ai/moai-adk/internal/profile/profile.go:473.10,473.84 1 1
github.com/modu-ai/moai-adk/internal/profile/profile.go:473.84,479.5 1 1
github.com/modu-ai/moai-adk/internal/profile/profile.go:483.2,483.11 1 1
github.com/modu-ai/moai-adk/internal/profile/profile.go:499.40,501.15 2 1
github.com/modu-ai/moai-adk/internal/profile/profile.go:501.15,503.3 1 0
github.com/modu-ai/moai-adk/internal/profile/profile.go:504.2,505.19 2 1
github.com/modu-ai/moai-adk/internal/profile/profile.go:521.47,523.2 1 1
github.com/modu-ai/moai-adk/internal/profile/profile.go:545.70,546.37 1 1
github.com/modu-ai/moai-adk/internal/profile/profile.go:546.37,548.3 1 1
github.com/modu-ai/moai-adk/internal/profile/profile.go:549.2,549.31 1 1
github.com/modu-ai/moai-adk/internal/profile/profile.go:549.31,551.3 1 0
github.com/modu-ai/moai-adk/internal/profile/profile.go:553.2,558.85 3 1
github.com/modu-ai/moai-adk/internal/profile/profile.go:558.85,560.3 1 1
github.com/modu-ai/moai-adk/internal/profile/profile.go:563.2,564.54 2 1
github.com/modu-ai/moai-adk/internal/profile/profile.go:564.54,566.3 1 1
github.com/modu-ai/moai-adk/internal/profile/profile.go:567.2,569.56 2 1
github.com/modu-ai/moai-adk/internal/profile/profile.go:569.56,571.10 2 1
github.com/modu-ai/moai-adk/internal/profile/profile.go:571.10,573.4 1 1
github.com/modu-ai/moai-adk/internal/profile/profile.go:578.3,578.62 1 1
github.com/modu-ai/moai-adk/internal/profile/profile.go:578.62,580.4 1 1
github.com/modu-ai/moai-adk/internal/profile/profile.go:581.3,582.35 2 1
github.com/modu-ai/moai-adk/internal/profile/profile.go:585.2,586.16 2 1
github.com/modu-ai/moai-adk/internal/profile/profile.go:586.16,588.3 1 0
github.com/modu-ai/moai-adk/internal/profile/profile.go:591.2,591.52 1 1
github.com/modu-ai/moai-adk/internal/profile/profile.go:591.52,593.3 1 0
github.com/modu-ai/moai-adk/internal/profile/profile.go:594.2,595.16 2 1
github.com/modu-ai/moai-adk/internal/profile/profile.go:595.16,597.3 1 0
github.com/modu-ai/moai-adk/internal/profile/profile.go:598.2,599.15 2 1
github.com/modu-ai/moai-adk/internal/profile/profile.go:599.15,599.41 1 1
github.com/modu-ai/moai-adk/internal/profile/profile.go:601.2,601.42 1 1
github.com/modu-ai/moai-adk/internal/profile/profile.go:601.42,604.3 2 0
github.com/modu-ai/moai-adk/internal/profile/profile.go:605.2,605.41 1 1
github.com/modu-ai/moai-adk/internal/profile/profile.go:605.41,608.3 2 0
github.com/modu-ai/moai-adk/internal/profile/profile.go:609.2,609.36 1 1
github.com/modu-ai/moai-adk/internal/profile/profile.go:609.36,611.3 1 0
github.com/modu-ai/moai-adk/internal/profile/profile.go:613.2,613.39 1 1
github.com/modu-ai/moai-adk/internal/profile/sync.go:17.78,20.16 3 1
github.com/modu-ai/moai-adk/internal/profile/sync.go:20.16,22.3 1 0
github.com/modu-ai/moai-adk/internal/profile/sync.go:24.2,27.61 2 1
github.com/modu-ai/moai-adk/internal/profile/sync.go:27.61,29.58 2 1
github.com/modu-ai/moai-adk/internal/profile/sync.go:29.58,31.4 1 0
github.com/modu-ai/moai-adk/internal/profile/sync.go:32.3,32.17 1 1
github.com/modu-ai/moai-adk/internal/profile/sync.go:36.2,39.89 3 1
github.com/modu-ai/moai-adk/internal/profile/sync.go:39.89,43.3 3 1
github.com/modu-ai/moai-adk/internal/profile/sync.go:44.2,44.80 1 1
github.com/modu-ai/moai-adk/internal/profile/sync.go:44.80,47.3 2 1
github.com/modu-ai/moai-adk/internal/profile/sync.go:48.2,48.79 1 1
github.com/modu-ai/moai-adk/internal/profile/sync.go:48.79,51.3 2 1
github.com/modu-ai/moai-adk/internal/profile/sync.go:52.2,52.64 1 1
github.com/modu-ai/moai-adk/internal/profile/sync.go:52.64,55.3 2 1
github.com/modu-ai/moai-adk/internal/profile/sync.go:57.2,57.17 1 1
github.com/modu-ai/moai-adk/internal/profile/sync.go:57.17,58.58 1 1
github.com/modu-ai/moai-adk/internal/profile/sync.go:58.58,60.4 1 0
github.com/modu-ai/moai-adk/internal/profile/sync.go:61.3,61.17 1 1
github.com/modu-ai/moai-adk/internal/profile/sync.go:64.2,64.13 1 1
github.com/modu-ai/moai-adk/internal/profile/sync.go:64.13,65.36 1 1
github.com/modu-ai/moai-adk/internal/profile/sync.go:65.36,67.4 1 0
github.com/modu-ai/moai-adk/internal/profile/sync.go:71.2,71.68 1 1
github.com/modu-ai/moai-adk/internal/profile/sync.go:71.68,72.60 1 1
github.com/modu-ai/moai-adk/internal/profile/sync.go:72.60,74.4 1 0
github.com/modu-ai/moai-adk/internal/profile/sync.go:77.2,77.12 1 1
github.com/modu-ai/moai-adk/internal/profile/sync.go:103.73,110.39 5 1
github.com/modu-ai/moai-adk/internal/profile/sync.go:110.39,112.3 1 0
github.com/modu-ai/moai-adk/internal/profile/sync.go:113.2,113.16 1 1
github.com/modu-ai/moai-adk/internal/profile/sync.go:113.16,114.56 1 1
github.com/modu-ai/moai-adk/internal/profile/sync.go:114.56,116.4 1 0
github.com/modu-ai/moai-adk/internal/profile/sync.go:122.2,122.40 1 1
github.com/modu-ai/moai-adk/internal/profile/sync.go:122.40,124.3 1 1
github.com/modu-ai/moai-adk/internal/profile/sync.go:128.2,128.37 1 1
github.com/modu-ai/moai-adk/internal/profile/sync.go:128.37,130.3 1 1
github.com/modu-ai/moai-adk/internal/profile/sync.go:131.2,131.33 1 1
github.com/modu-ai/moai-adk/internal/profile/sync.go:131.33,133.3 1 1
github.com/modu-ai/moai-adk/internal/profile/sync.go:136.2,137.16 2 1
github.com/modu-ai/moai-adk/internal/profile/sync.go:137.16,139.3 1 0
github.com/modu-ai/moai-adk/internal/profile/sync.go:140.2,140.56 1 1
github.com/modu-ai/moai-adk/internal/profile/sync.go:140.56,142.3 1 0
github.com/modu-ai/moai-adk/internal/profile/sync.go:143.2,143.70 1 1
github.com/modu-ai/moai-adk/internal/profile/sync.go:143.70,145.3 1 0
github.com/modu-ai/moai-adk/internal/profile/sync.go:146.2,146.12 1 1
github.com/modu-ai/moai-adk/internal/profile/sync.go:155.50,175.25 3 1
github.com/modu-ai/moai-adk/internal/profile/sync.go:175.25,177.3 1 1
github.com/modu-ai/moai-adk/internal/profile/sync.go:178.2,178.17 1 1
