=== RUN   TestT649ContextLive
{
  "body_limit_bytes": 16777216,
  "duration_seconds": 33.978862625,
  "event": "response.completed",
  "events": 20,
  "http_status": 200,
  "model": "gpt-6-astra",
  "needle_recall": true,
  "output": "MAPLE71,OTTER83,CEDAR29",
  "repetitions": 921000,
  "request_bytes": 1842395,
  "response_status": "completed",
  "route": "subscription",
  "stream_read_ok": true,
  "timeout": false,
  "timeout_seconds": 150,
  "truncation": "server default, three-position recall checked",
  "unit": " x",
  "usage": {
    "attribution": {
      "items": {
        "msg_0c18d9c6db97e56e016aa4c077165087d0bdc52224d16920d7": {
          "cache_write_tokens": 0,
          "cached_tokens": 0,
          "content": [
            {
              "cache_write_tokens": 0,
              "cached_tokens": 0,
              "input_tokens": 921048,
              "output_tokens": 0
            }
          ],
          "input_tokens": 921048,
          "output_tokens": 0
        },
        "msg_0c18d9c6db97e56e016aa4c096720087d0b0815d58b812618f": {
          "cache_write_tokens": 0,
          "cached_tokens": 0,
          "content": [
            {
              "cache_write_tokens": 0,
              "cached_tokens": 0,
              "input_tokens": 2,
              "output_tokens": 15
            }
          ],
          "input_tokens": 2,
          "output_tokens": 15
        }
      },
      "request_fields": {
        "instructions": {
          "cache_write_tokens": 0,
          "cached_tokens": 0,
          "input_tokens": 21,
          "output_tokens": 0
        }
      }
    },
    "input_tokens": 921071,
    "input_tokens_details": {
      "cache_write_tokens": 0,
      "cached_tokens": 0
    },
    "output_tokens": 15,
    "output_tokens_details": {
      "reasoning_tokens": 0
    },
    "total_tokens": 921086
  }
}
--- PASS: TestT649ContextLive (33.98s)
PASS
ok  	github.com/modu-ai/moai-adk/internal/cli	34.747s
