=== RUN   TestT649ContextLive
{
  "body_limit_bytes": 16777216,
  "duration_seconds": 27.949731709,
  "event": "response.completed",
  "events": 19,
  "http_status": 200,
  "model": "gpt-6-astra",
  "needle_recall": true,
  "output": "MAPLE71,OTTER83,CEDAR29",
  "repetitions": 800000,
  "request_bytes": 1600395,
  "response_status": "completed",
  "route": "subscription",
  "stream_read_ok": true,
  "timeout": false,
  "timeout_seconds": 150,
  "truncation": "server default, three-position recall checked",
  "unit": " x",
  "usage": {
    "attribution": {
      "items": {
        "msg_0cf7f3481d65bda2016aa4bfca2efc87d0bb2467aaa66870e9": {
          "cache_write_tokens": 0,
          "cached_tokens": 0,
          "content": [
            {
              "cache_write_tokens": 0,
              "cached_tokens": 0,
              "input_tokens": 800048,
              "output_tokens": 0
            }
          ],
          "input_tokens": 800048,
          "output_tokens": 0
        },
        "msg_0cf7f3481d65bda2016aa4bfe440cc87d0890edc7c087aefaf": {
          "cache_write_tokens": 0,
          "cached_tokens": 0,
          "content": [
            {
              "cache_write_tokens": 0,
              "cached_tokens": 0,
              "input_tokens": 2,
              "output_tokens": 15
            }
          ],
          "input_tokens": 2,
          "output_tokens": 15
        }
      },
      "request_fields": {
        "instructions": {
          "cache_write_tokens": 0,
          "cached_tokens": 0,
          "input_tokens": 21,
          "output_tokens": 0
        }
      }
    },
    "input_tokens": 800071,
    "input_tokens_details": {
      "cache_write_tokens": 0,
      "cached_tokens": 0
    },
    "output_tokens": 15,
    "output_tokens_details": {
      "reasoning_tokens": 0
    },
    "total_tokens": 800086
  }
}
--- PASS: TestT649ContextLive (27.95s)
PASS
ok  	github.com/modu-ai/moai-adk/internal/cli	28.785s
