=== RUN   TestVersionSyncListNamesOnlyExistingPaths
    version_sync_list_test.go:83: version-stamp entries: parsed=0 expected=7 (anchor "**Version Stamps:**" in .moai/docs/version-management.md)
--- FAIL: TestVersionSyncListNamesOnlyExistingPaths (0.00s)
FAIL
FAIL	github.com/modu-ai/moai-adk/internal/cli	4.379s
testing: warning: no tests to run
PASS
ok  	github.com/modu-ai/moai-adk/internal/cli/agentlint	2.857s [no tests to run]
testing: warning: no tests to run
PASS
ok  	github.com/modu-ai/moai-adk/internal/cli/harness	0.746s [no tests to run]
testing: warning: no tests to run
PASS
ok  	github.com/modu-ai/moai-adk/internal/cli/pr	5.281s [no tests to run]
testing: warning: no tests to run
PASS
ok  	github.com/modu-ai/moai-adk/internal/cli/preference	3.170s [no tests to run]
testing: warning: no tests to run
PASS
ok  	github.com/modu-ai/moai-adk/internal/cli/printer	2.121s [no tests to run]
testing: warning: no tests to run
PASS
ok  	github.com/modu-ai/moai-adk/internal/cli/specid	4.610s [no tests to run]
testing: warning: no tests to run
PASS
ok  	github.com/modu-ai/moai-adk/internal/cli/taskledger	3.470s [no tests to run]
testing: warning: no tests to run
PASS
ok  	github.com/modu-ai/moai-adk/internal/cli/uikit	5.671s [no tests to run]
testing: warning: no tests to run
PASS
ok  	github.com/modu-ai/moai-adk/internal/cli/update	1.805s [no tests to run]
testing: warning: no tests to run
PASS
ok  	github.com/modu-ai/moai-adk/internal/cli/update/backup	1.483s [no tests to run]
testing: warning: no tests to run
PASS
ok  	github.com/modu-ai/moai-adk/internal/cli/update/deploy	2.510s [no tests to run]
testing: warning: no tests to run
PASS
ok  	github.com/modu-ai/moai-adk/internal/cli/update/merge	6.116s [no tests to run]
testing: warning: no tests to run
PASS
ok  	github.com/modu-ai/moai-adk/internal/cli/update/plan	1.077s [no tests to run]
testing: warning: no tests to run
PASS
ok  	github.com/modu-ai/moai-adk/internal/cli/update/report	4.938s [no tests to run]
testing: warning: no tests to run
PASS
ok  	github.com/modu-ai/moai-adk/internal/cli/wizard	0.392s [no tests to run]
testing: warning: no tests to run
PASS
ok  	github.com/modu-ai/moai-adk/internal/cli/worktree	6.085s [no tests to run]
FAIL
