=== RUN   TestSessionStart_DeferredScanDoesNotBlockReturn
2026/09/12 20:27:35 INFO session started session_id=sess-deferred-scan-pin cwd=/var/folders/kt/nq2q81cn4gx3y41r7x47ggmr0000gn/T/TestSessionStart_DeferredScanDoesNotBlockReturn2682204787/002 project_dir=/var/folders/kt/nq2q81cn4gx3y41r7x47ggmr0000gn/T/TestSessionStart_DeferredScanDoesNotBlockReturn2682204787/001
2026/09/12 20:27:42 WARN configuration not available, proceeding with defaults session_id=sess-deferred-scan-pin
2026/09/12 20:27:42 INFO teammateMode updated mode=auto in_tmux=false
    session_start_parallel_test.go:115: Handle blocked 7.613878417s (bound 1s); the advisory scan ran on the synchronous path instead of being deferred
--- FAIL: TestSessionStart_DeferredScanDoesNotBlockReturn (9.05s)
=== RUN   TestSessionStart_HandleInputLagBudget
2026/09/12 20:27:43 INFO session started session_id=sess-input-lag-budget cwd=/var/folders/kt/nq2q81cn4gx3y41r7x47ggmr0000gn/T/TestSessionStart_HandleInputLagBudget2323055188/002 project_dir=/var/folders/kt/nq2q81cn4gx3y41r7x47ggmr0000gn/T/TestSessionStart_HandleInputLagBudget2323055188/001
2026/09/12 20:27:45 INFO session start (deferred): status drift detected count=99
2026/09/12 20:27:52 WARN configuration not available, proceeding with defaults session_id=sess-input-lag-budget
2026/09/12 20:27:52 INFO teammateMode updated mode=auto in_tmux=false
    session_start_parallel_test.go:192: SessionStart added 9.225529792s of input lag with a prompt advisory scan (budget 1.5s); the synchronous path regressed — see .moai/reports/t662/verdict.md for the derivation
--- FAIL: TestSessionStart_HandleInputLagBudget (11.17s)
=== RUN   TestSessionStart_SynchronousSideEffectsPreserved
2026/09/12 20:27:54 INFO session started session_id=sess-sync-effects-pin cwd=/var/folders/kt/nq2q81cn4gx3y41r7x47ggmr0000gn/T/TestSessionStart_SynchronousSideEffectsPreserved44184378/001 project_dir=/var/folders/kt/nq2q81cn4gx3y41r7x47ggmr0000gn/T/TestSessionStart_SynchronousSideEffectsPreserved44184378/001
2026/09/12 20:28:08 WARN configuration not available, proceeding with defaults session_id=sess-sync-effects-pin
2026/09/12 20:28:08 INFO teammateMode updated mode=auto in_tmux=false
2026/09/12 20:28:09 INFO session start (deferred): status drift detected count=7
--- PASS: TestSessionStart_SynchronousSideEffectsPreserved (18.36s)
=== RUN   TestSessionStart_DeferredScanJoinsWithinBound
=== RUN   TestSessionStart_DeferredScanJoinsWithinBound/fast_scan_lands_advisory
2026/09/12 20:28:12 INFO session started session_id=sess-join-fast cwd=/var/folders/kt/nq2q81cn4gx3y41r7x47ggmr0000gn/T/TestSessionStart_DeferredScanJoinsWithinBoundfast_scan_lands_ad4008095778/001 project_dir=/var/folders/kt/nq2q81cn4gx3y41r7x47ggmr0000gn/T/TestSessionStart_DeferredScanJoinsWithinBoundfast_scan_lands_ad4008095778/001
2026/09/12 20:28:17 WARN configuration not available, proceeding with defaults session_id=sess-join-fast
2026/09/12 20:28:18 INFO teammateMode updated mode=auto in_tmux=false
2026/09/12 20:28:18 INFO session start (deferred): status drift detected count=5
=== RUN   TestSessionStart_DeferredScanJoinsWithinBound/slow_scan_drops_advisory
2026/09/12 20:28:21 INFO session started session_id=sess-join-slow cwd=/var/folders/kt/nq2q81cn4gx3y41r7x47ggmr0000gn/T/TestSessionStart_DeferredScanJoinsWithinBoundslow_scan_drops_ad553181150/001 project_dir=/var/folders/kt/nq2q81cn4gx3y41r7x47ggmr0000gn/T/TestSessionStart_DeferredScanJoinsWithinBoundslow_scan_drops_ad553181150/001
2026/09/12 20:28:22 WARN configuration not available, proceeding with defaults session_id=sess-join-slow
2026/09/12 20:28:22 INFO teammateMode updated mode=auto in_tmux=false
    session_start_parallel_test.go:372: Handle blocked 1.08992425s; expected return near the 250ms bound
2026/09/12 20:28:22 INFO session start (deferred): status drift detected count=5
--- FAIL: TestSessionStart_DeferredScanJoinsWithinBound (16.00s)
    --- PASS: TestSessionStart_DeferredScanJoinsWithinBound/fast_scan_lands_advisory (6.32s)
    --- FAIL: TestSessionStart_DeferredScanJoinsWithinBound/slow_scan_drops_advisory (9.68s)
FAIL
FAIL	github.com/modu-ai/moai-adk/internal/hook	55.237s
FAIL
