=== RUN   TestSessionStart_DeferredScanDoesNotBlockReturn
2026/09/12 21:26:13 INFO session started session_id=sess-deferred-scan-pin cwd=/var/folders/kt/nq2q81cn4gx3y41r7x47ggmr0000gn/T/TestSessionStart_DeferredScanDoesNotBlockReturn619580283/002 project_dir=/var/folders/kt/nq2q81cn4gx3y41r7x47ggmr0000gn/T/TestSessionStart_DeferredScanDoesNotBlockReturn619580283/001
2026/09/12 21:26:13 WARN configuration not available, proceeding with defaults session_id=sess-deferred-scan-pin
2026/09/12 21:26:13 INFO teammateMode updated mode=auto in_tmux=false
2026/09/12 21:26:13 INFO session start (deferred): status drift detected count=7
--- PASS: TestSessionStart_DeferredScanDoesNotBlockReturn (0.46s)
=== RUN   TestSessionStart_HandleInputLagBudget
2026/09/12 21:26:13 INFO session started session_id=sess-input-lag-budget cwd=/var/folders/kt/nq2q81cn4gx3y41r7x47ggmr0000gn/T/TestSessionStart_HandleInputLagBudget1719030164/002 project_dir=/var/folders/kt/nq2q81cn4gx3y41r7x47ggmr0000gn/T/TestSessionStart_HandleInputLagBudget1719030164/001
2026/09/12 21:26:13 WARN configuration not available, proceeding with defaults session_id=sess-input-lag-budget
2026/09/12 21:26:13 INFO teammateMode updated mode=auto in_tmux=false
--- PASS: TestSessionStart_HandleInputLagBudget (0.19s)
=== RUN   TestSessionStart_SynchronousSideEffectsPreserved
2026/09/12 21:26:14 INFO session started session_id=sess-sync-effects-pin cwd=/var/folders/kt/nq2q81cn4gx3y41r7x47ggmr0000gn/T/TestSessionStart_SynchronousSideEffectsPreserved3267505209/001 project_dir=/var/folders/kt/nq2q81cn4gx3y41r7x47ggmr0000gn/T/TestSessionStart_SynchronousSideEffectsPreserved3267505209/001
2026/09/12 21:26:14 WARN configuration not available, proceeding with defaults session_id=sess-sync-effects-pin
2026/09/12 21:26:14 INFO teammateMode updated mode=auto in_tmux=false
2026/09/12 21:26:14 INFO session start (deferred): status drift detected count=7
--- PASS: TestSessionStart_SynchronousSideEffectsPreserved (0.45s)
=== RUN   TestSessionStart_DeferredScanJoinsWithinBound
=== RUN   TestSessionStart_DeferredScanJoinsWithinBound/fast_scan_lands_advisory
2026/09/12 21:26:14 INFO session started session_id=sess-join-fast cwd=/var/folders/kt/nq2q81cn4gx3y41r7x47ggmr0000gn/T/TestSessionStart_DeferredScanJoinsWithinBoundfast_scan_lands_ad1474107068/001 project_dir=/var/folders/kt/nq2q81cn4gx3y41r7x47ggmr0000gn/T/TestSessionStart_DeferredScanJoinsWithinBoundfast_scan_lands_ad1474107068/001
2026/09/12 21:26:14 WARN configuration not available, proceeding with defaults session_id=sess-join-fast
2026/09/12 21:26:14 INFO teammateMode updated mode=auto in_tmux=false
2026/09/12 21:26:14 INFO session start (deferred): status drift detected count=5
=== RUN   TestSessionStart_DeferredScanJoinsWithinBound/slow_scan_drops_advisory
2026/09/12 21:26:14 INFO session started session_id=sess-join-slow cwd=/var/folders/kt/nq2q81cn4gx3y41r7x47ggmr0000gn/T/TestSessionStart_DeferredScanJoinsWithinBoundslow_scan_drops_ad2573881573/001 project_dir=/var/folders/kt/nq2q81cn4gx3y41r7x47ggmr0000gn/T/TestSessionStart_DeferredScanJoinsWithinBoundslow_scan_drops_ad2573881573/001
2026/09/12 21:26:14 WARN configuration not available, proceeding with defaults session_id=sess-join-slow
2026/09/12 21:26:14 INFO teammateMode updated mode=auto in_tmux=false
2026/09/12 21:26:15 INFO session start (deferred): status drift detected count=5
--- PASS: TestSessionStart_DeferredScanJoinsWithinBound (0.64s)
    --- PASS: TestSessionStart_DeferredScanJoinsWithinBound/fast_scan_lands_advisory (0.19s)
    --- PASS: TestSessionStart_DeferredScanJoinsWithinBound/slow_scan_drops_advisory (0.44s)
PASS
ok  	github.com/modu-ai/moai-adk/internal/hook	2.238s
