.moai/reports/t280/m1-green.log
.moai/reports/t280/m1-mutant1-version-drop.log
.moai/reports/t280/m1-mutant2-reader-default.log
.moai/reports/t280/m1-red.log
.moai/reports/t280/m2-green-final.log
.moai/reports/t280/m2-green.log
.moai/reports/t280/m2-mutant1-cap-noop.log
.moai/reports/t280/m2-mutant2-boundary.log
.moai/reports/t280/m2-mutant3-standdown-off.log
.moai/reports/t280/m2-mutant4-retention.log
.moai/reports/t280/m2-mutant5-failopen-swallow.log
.moai/reports/t280/m2-mutant6-nfc4-mkdir.log
.moai/reports/t280/m2-red.log
.moai/reports/t280/m3-green.log
.moai/reports/t280/m3-mutant1-status-field.log
.moai/reports/t280/m3-mutant2-drain-skip.log
.moai/reports/t280/m3-mutant3-refusal-off.log
.moai/reports/t280/m3-red.log
.moai/specs/SPEC-INBOX-DRAIN-GAP-001/progress.md
.moai/specs/SPEC-INBOX-DRAIN-GAP-001/spec.md
internal/cli/inbox.go
internal/cli/inbox_test.go
internal/cli/root.go
internal/config/defaults.go
internal/hook/failure_observer.go
internal/hook/inbox_lifecycle.go
internal/hook/inbox_lifecycle_test.go
