### rerun harness tail
--- PASS: TestHeadroomInitSurfaceExport (0.65s)
ok  	github.com/modu-ai/moai-adk/internal/cli	1.472s
### AC-ALH-001
1
1
2
1
0
0
### AC-ALH-002
UTF-8
1
1
1
PIN-live-OK
PIN-init-OK
  199111 total
  203413 total
total_init = 203413
total_live = 199111
0
0
missing_init = -
### AC-ALH-003
KEYS-init-OK
KEYS-live-OK
SPLIT-init-OK
SPLIT-live-OK
ROWS-init BAD=0
OVERLAP-init BAD=0
DESTIN-init BAD=0
M1P-init BAD=0
NETNEG-init BAD=0
EVID-init MISSING=0
ROWS-live BAD=0
OVERLAP-live BAD=0
DESTIN-live BAD=0
M1P-live BAD=0
NETNEG-live BAD=0
EVID-live MISSING=0
DEST-init BAD=0
DEST-live BAD=0
### AC-ALH-004
93de7321ea747c584768af09d1908ad3e36fd076073a6f2a9d6fb5b7a22b4477
d97b33d960c9801d4ec145ca263ed788425b337f43c585594c8d527c1318c6c3
2
HASH-BAD=0
### AC-ALH-005
d0e61541367abb06a170bd36b6376e51d51882380ca9f899f0d2934016a78547
1
1
1
.moai/reports/t1226/sec-172ef22eb.txt
0
0
### AC-ALH-006
CHECK-init=OK
CHECK-live=OK
CHECK-init_17=OK
PAIRS-init=OK
PAIRS-live=OK
# review: pointer_chars == wc -m of committed pointer text
64 .moai/reports/t1226/evidence/pointers/init/00b6deb8a2.txt
87 .moai/reports/t1226/evidence/pointers/init/02f8357cbb.txt
89 .moai/reports/t1226/evidence/pointers/init/3cf1ccd211.txt
146 .moai/reports/t1226/evidence/pointers/init/63d79ed95a.txt
23 .moai/reports/t1226/evidence/pointers/init/7609d7512a.txt
68 .moai/reports/t1226/evidence/pointers/init/c1549ca6b4.txt
23 64 68 87 89 146 
64 .moai/reports/t1226/evidence/pointers/live/00b6deb8a2.txt
87 .moai/reports/t1226/evidence/pointers/live/02f8357cbb.txt
89 .moai/reports/t1226/evidence/pointers/live/3cf1ccd211.txt
146 .moai/reports/t1226/evidence/pointers/live/63d79ed95a.txt
23 .moai/reports/t1226/evidence/pointers/live/7609d7512a.txt
68 .moai/reports/t1226/evidence/pointers/live/c1549ca6b4.txt
23 64 68 87 89 146 
### AC-ALH-007
TOKEN-live=OK
TOKEN-init_17=OK
TOKEN-init=OK
4
1
0
### AC-ALH-009 (non-git part)
1
0
05d79c8b27b1aacfc56946672e5187b0fcabf96e
build_head = 05d79c8b27b1aacfc56946672e5187b0fcabf96e
1
harness_sha256 = 8776d7b5809b47a6215a79497f6036414ceb2967d32067db612d07289b49e9c5
LOG-OK
0
### AC-ALH-010
0
0
0
0
0
1
1
6
1
